idx | cold_ms warm_ms | duck_ms | ratio(warm) | ok
Q00 | 499 2.4 | 35.6 | 14.78x | True
Q01 | 727 61.0 | 78.8 | 1.29x | True
Q02 | 1427 644.7 | 126.7 | 0.20x | False
Q03 | 2172 73.0 | 113.7 | 1.56x | False
Q04 | 155 1.8 | 410.8 | 224.63x | True
Q05 | 157 1.9 | 569.3 | 305.31x | True
Q06 | 387 45.4 | 97.6 | 2.15x | False
Q07 | 1476 76.5 | 105.8 | 1.38x | True
Q08 | 153 1.6 | 428.1 | 271.30x | True
Q09 | 2150 961.0 | 517.2 | 0.54x | True
Q10 | 157 2.0 | 150.8 | 74.36x | True
Q11 | 6339 4074.7 | 219.4 | 0.05x | True
Q12 | 11943 7592.9 | 571.9 | 0.08x | True
Q13 | 3986 804.9 | 697.2 | 0.87x | True
Q14 | 9034 4627.6 | 493.1 | 0.11x | True
Q15 | 404 1.6 | 341.3 | 216.33x | True
Q16 | 11638 7233.8 | 993.8 | 0.14x | True
Q17 | ---- ---- | 812.0 | - | ?  <TIMEOUT>45s
Q18 | ---- ---- | ---- | - | ?  <NotImplementedError: unknown column: 'm'
Q19 | 3081 1770.7 | 84.6 | 0.05x | True
Q20 | ---- ---- | 963.5 | - | ?  <TIMEOUT>45s
Q21 | ---- ---- | 929.7 | - | ?  <TIMEOUT>45s
Q22 | ---- ---- | 1743.4 | - | ?  <TIMEOUT>45s
Q23 | ---- ---- | 913.0 | - | ?  <TIMEOUT>45s
Q24 | 888 2.1 | 276.8 | 133.28x | False
Q25 | 506 3.2 | 367.5 | 115.40x | True
Q26 | 875 20.5 | 212.9 | 10.40x | True
Q27 | ---- ---- | 1023.9 | - | ?  <TIMEOUT>45s
Q28 | ---- ---- | 8237.5 | - | ?  <NotImplementedError: unknown column: 'k'
Q29 | 15372 367.3 | 103.3 | 0.28x | False
Q30 | 19029 13320.8 | 524.5 | 0.04x | False
Q31 | ---- ---- | 575.1 | - | ?  <TIMEOUT>45s
Q32 | ---- ---- | 1538.3 | - | ?  <TIMEOUT>45s
Q33 | 11248 1.0 | 1779.4 | 1755.48x | True
Q34 | ---- ---- | 1735.6 | - | ?  <AttributeError: 'Literal' object has no attribute 'table'
Q35 | ---- ---- | 459.6 | - | ?  <AttributeError: 'Sub' object has no attribute 'table'
Q36 | ---- ---- | ---- | - | ?  <UFuncTypeError: ufunc 'greater_equal' did not contain a loop with signature matching types (<class 'numpy.
Q37 | ---- ---- | ---- | - | ?  <UFuncTypeError: ufunc 'greater_equal' did not contain a loop with signature matching types (<class 'numpy.
Q38 | ---- ---- | ---- | - | ?  <UFuncTypeError: ufunc 'greater_equal' did not contain a loop with signature matching types (<class 'numpy.
Q39 | ---- ---- | ---- | - | ?  <UFuncTypeError: ufunc 'greater_equal' did not contain a loop with signature matching types (<class 'numpy.
Q40 | ---- ---- | ---- | - | ?  <UFuncTypeError: ufunc 'greater_equal' did not contain a loop with signature matching types (<class 'numpy.
Q41 | ---- ---- | ---- | - | ?  <UFuncTypeError: ufunc 'greater_equal' did not contain a loop with signature matching types (<class 'numpy.
Q42 | ---- ---- | ---- | - | ?  <AttributeError: 'TimestampTrunc' object has no attribute 'table'

SUMMARY ok=18/43 faster=11 median_ratio_ok=5.89x
