02:36:17 30148 847 30533 snapd
02:36:19 29946 899 30482 snapd
02:36:21 29990 897 30484 appstreamcli
02:36:23 30000 875 30505 snapd
02:36:25 30001 873 30508 snapd
02:36:27 29835 963 30417 apt-check
02:36:29 29725 1052 30329 apt-get
02:36:31 29645 1089 30291 apt-get
02:36:33 29654 1062 30319 apt-get
02:36:35 29524 1128 30253 apt-check
02:36:37 29636 1052 30329 python3
02:36:39 29627 1038 30342 pip
02:36:41 29642 1019 30361 pip
02:36:43 29210 1035 30345 pip
02:36:45 29092 1013 30367 pip
02:36:47 28851 1003 30378 pip
02:36:49 28794 996 30384 pip
02:36:51 28783 989 30391 pip
02:36:53 27942 1982 29399 python
02:36:55 27663 2259 29121 python
02:36:57 27453 2467 28913 python
02:36:59 27290 2629 28752 python
02:37:01 27152 2766 28614 python
02:37:03 27035 2882 28498 python
02:37:05 26882 3033 28347 python
02:37:07 26712 3202 28179 python
02:37:09 26581 3332 28048 python
02:37:11 26506 3406 27975 python
02:37:13 26382 3528 27852 python
02:37:16 26266 3643 27737 python
02:37:18 26137 3772 27608 python
02:37:20 26064 3844 27536 python
02:37:22 25928 3978 27402 python
02:37:24 25757 4148 27233 python
02:37:26 25628 4275 27105 python
02:37:28 28884 1017 30363 python
02:37:30 28707 1049 30332 python
02:37:32 28534 1042 30338 python
02:37:34 28328 1054 30327 python
02:37:36 28132 1064 30317 python
02:37:38 27939 1070 30310 python
02:37:40 27757 1065 30315 python
02:37:42 27553 1075 30305 python
02:37:44 27369 1072 30308 python
02:37:46 27246 1085 30295 python
02:37:48 27005 1077 30303 python
02:37:50 26808 1085 30295 python
02:37:52 26640 1080 30300 python
02:37:54 26456 1083 30297 python
02:37:56 26253 1088 30292 python
02:37:58 26060 1084 30296 python
02:38:00 25877 1087 30294 python
02:38:02 25698 1093 30287 python
02:38:04 25520 1090 30290 python
02:38:06 25341 1088 30292 python
02:38:08 25149 1091 30290 python
02:38:10 24958 1101 30279 python
02:38:12 24777 1093 30288 python
02:38:14 24590 1099 30282 python
02:38:16 24424 1092 30289 python
02:38:18 24219 1101 30279 python
02:38:20 24035 1103 30277 python
02:38:22 23835 1105 30275 python
02:38:24 23644 1107 30273 python
02:38:26 23438 1116 30265 python
02:38:28 23255 1118 30262 python
02:38:30 23075 1117 30263 python
02:38:32 22877 1118 30262 python
02:38:34 22683 1123 30258 python
02:38:36 22487 1129 30251 python
02:38:38 22284 1135 30245 python
02:38:40 22100 1138 30242 python
02:38:42 21916 1142 30239 python
02:38:44 21715 1142 30239 python
02:38:46 21517 1146 30234 python
02:38:48 21336 1146 30234 python
02:38:50 21139 1154 30227 python
02:38:53 20954 1150 30231 python
02:38:55 20760 1155 30226 python
02:38:57 20602 1156 30224 python
02:38:59 20402 1159 30221 python
02:39:01 20222 1158 30222 python
02:39:03 20030 1161 30219 python
02:39:05 19856 1162 30218 python
02:39:07 19666 1164 30217 python
02:39:09 19475 1173 30207 python
02:39:11 19298 1169 30211 python
02:39:13 19098 1164 30216 python
02:39:15 18916 1165 30215 python
02:39:17 18725 1161 30220 python
02:39:19 18537 1157 30223 python
02:39:21 18346 1159 30221 python
02:39:23 18156 1160 30220 python
02:39:25 17962 1164 30216 python
02:39:27 17778 1168 30212 python
02:39:29 17612 1161 30219 python
02:39:31 17422 1162 30218 python
02:39:33 17221 1173 30207 python
02:39:35 17032 1165 30215 python
02:39:37 16833 1167 30213 python
02:39:39 16622 1173 30207 python
02:39:41 16439 1175 30206 python
02:39:43 16254 1184 30196 python
02:39:45 16052 1180 30200 python
02:39:47 15847 1183 30197 python
02:39:49 15660 1186 30195 python
02:39:51 15471 1188 30192 python
02:39:53 15285 1193 30187 python
02:39:55 15080 1199 30181 python
02:39:57 14880 1204 30176 python
02:39:59 14700 1196 30184 python
02:40:01 14513 1203 30177 python
02:40:03 14336 1197 30183 python
02:40:05 14247 1188 30192 python
02:40:07 14253 1182 30198 python
02:40:09 14255 1181 30200 python
02:40:11 14260 1175 30205 python
02:40:13 14261 1174 30206 python
02:40:15 14248 1187 30193 python
02:40:17 11288 4147 27234 python
02:40:19 7846 7587 23793 python
02:40:21 1244 15236 16144 python
02:40:23 727 15856 15525 python
02:40:25 4232 15398 15982 python
02:40:27 1902 17728 13652 python
02:40:29 4710 14920 16460 python
02:40:31 3661 15969 15411 python
02:40:33 1132 18499 12882 python
02:40:35 1945 19690 11690 python
02:40:37 243 21811 9570 python
02:40:39 4092 21190 10190 python
02:40:42 1526 23757 7624 python
02:40:44 6252 19031 12350 python
02:40:46 6257 19025 12355 python
02:40:48 6259 19023 12357 python
02:40:50 6260 19022 12358 python
02:40:52 6263 19019 12361 python
02:40:54 6263 19019 12361 python
02:40:56 6265 19017 12363 python
02:40:58 6264 19018 12362 python
02:41:00 5251 20032 11349 python
02:41:02 9894 15388 15992 python
02:41:04 11666 13616 17765 python
02:41:06 11604 13677 17703 python
02:41:08 9110 16171 15209 python
02:41:10 8696 16586 14794 python
02:41:12 7709 17573 13808 python
02:41:14 7332 17949 13431 python
02:41:16 7174 18108 13272 python
02:41:18 6916 18366 13015 python
02:41:20 8359 16923 14457 python
02:41:22 9359 15922 15458 python
02:41:24 8102 17179 14201 python
02:41:26 8189 17092 14288 python
02:41:28 7992 17289 14091 python
02:41:30 7202 18080 13301 python
02:41:32 6211 19071 12310 python
02:41:34 15798 9481 21900 python
02:41:36 14882 10396 20984 python
02:41:38 13021 12073 19307 python
02:41:40 10316 13712 17668 python
02:41:42 9228 14802 16578 python
02:41:44 10945 12342 19038 python
02:41:46 6074 16598 14783 python
02:41:48 4142 18135 13245 python
02:41:50 4562 17290 14091 python
02:41:52 3270 18546 12834 python
02:41:55 6732 15085 16296 python
02:41:57 3479 18337 13043 python
02:41:59 5731 16086 15295 python
02:42:01 7037 14637 16743 python
02:42:03 6103 15571 15809 python
02:42:05 6286 15388 15993 python
02:42:07 6098 15576 15804 python
02:42:09 5708 15966 15414 python
02:42:11 5624 16050 15330 python
02:42:13 9706 11967 19413 python
02:42:15 11979 9197 22183 python
02:42:17 8123 12560 18820 python
02:42:19 5681 14871 16509 python
02:42:21 4605 15931 15449 python
02:42:23 3186 17349 14031 python
02:42:25 1163 19373 12007 python
02:42:27 2336 18216 13164 python
02:42:29 1634 20326 11054 python
02:42:31 4504 17457 13923 python
02:42:33 4485 17476 13905 python
02:42:35 5441 15806 15575 python
02:42:37 3336 17831 13550 python
02:42:39 2038 19131 12249 python
02:42:41 8664 13540 17841 python
02:42:43 8381 13823 17557 python
02:42:45 8695 13509 17871 python
02:42:47 7196 15008 16372 python
02:42:49 6513 15691 15690 python
02:42:51 5616 16588 14792 python
02:42:53 4385 17819 13561 python
02:42:55 6571 15633 15747 python
02:42:57 9462 12483 18897 python
02:42:59 8944 12719 18661 python
02:43:01 9258 12405 18975 python
02:43:03 10663 10223 21157 python
02:43:05 8592 12293 19087 python
02:43:07 13646 7038 24342 python
02:43:09 8400 12180 19200 python
02:43:11 10028 10558 20822 python
02:43:13 9719 10867 20514 python
02:43:15 9170 11416 19964 python
02:43:17 8973 11613 19767 python
02:43:19 9157 11429 19952 python
02:43:21 6323 14264 17117 python
02:43:23 8633 11953 19427 python
02:43:26 8668 11918 19462 python
02:43:28 12687 7660 23721 python
02:43:30 9872 10173 21207 python
02:43:32 8004 12041 19339 python
02:43:34 8676 11369 20011 python
02:43:36 8126 11919 19461 python
02:43:38 6855 13190 18190 python
02:43:40 5990 14055 17325 python
02:43:42 6472 13573 17807 python
02:43:44 7603 12442 18938 python
02:43:46 8065 11980 19400 python
02:43:48 9208 10837 20543 python
02:43:50 7937 11128 20252 python
02:43:52 5875 13102 18278 python
02:43:54 5615 13362 18019 python
02:43:56 4077 14900 16481 python
02:43:58 3311 16761 14619 python
02:44:00 6164 14043 17337 python
02:44:02 3676 16531 14849 python
02:44:04 3825 16382 14998 python
02:44:06 3658 16549 14832 python
02:44:08 3938 16268 15112 python
02:44:10 4001 18512 12868 python
02:44:12 6830 15683 15697 python
02:44:14 5973 16540 14840 python
02:44:16 10062 12451 18929 python
02:44:18 12369 9771 21610 python
02:44:20 9511 12301 19079 python
02:44:22 7813 13999 17381 python
02:44:24 8384 13428 17953 python
02:44:26 7867 13945 17435 python
02:44:28 7425 14387 16993 python
02:44:30 6946 14866 16515 python
02:44:32 7527 14285 17095 python
02:44:34 6849 14963 16417 python
02:44:36 6582 15230 16151 python
02:44:38 7537 14275 17106 python
02:44:40 7015 14797 16584 python
02:44:42 6986 14826 16554 python
02:44:44 10460 10437 20944 python
02:44:46 6895 13808 17573 python
02:44:48 5878 14824 16556 python
02:44:50 5535 15154 16226 python
02:44:52 5143 15547 15834 python
02:44:54 4397 16292 15088 python
02:44:56 2130 18560 12821 python
02:44:58 4619 17016 14364 python
02:45:00 3377 18258 13123 python
02:45:02 2638 18997 12383 python
02:45:04 2659 18976 12404 python
02:45:06 6225 15410 15970 python
02:45:08 5489 16146 15235 python
02:45:11 7439 14196 17184 python
02:45:13 8664 12621 18759 python
02:45:15 7419 13690 17690 python
02:45:17 4152 16956 14424 python
02:45:19 3416 17693 13688 python
02:45:21 10098 10965 20416 python
02:45:23 11720 8821 22559 python
02:45:25 11197 9344 22036 python
02:45:27 9701 10841 20539 python
02:45:29 10604 9938 21443 python
02:45:31 9471 11070 20310 python
02:45:33 8921 11620 19760 python
02:45:35 8796 11745 19635 python
02:45:37 9700 10841 20539 python
02:45:39 7984 12557 18823 python
02:45:41 9476 11065 20315 python
02:45:43 11247 9001 22379 python
02:45:45 8566 11618 19762 python
02:45:47 7085 13099 18281 python
02:45:49 6692 13474 17907 python
02:45:51 8649 11516 19864 python
02:45:53 9600 10241 21139 python
02:45:55 9158 10662 20718 python
02:45:57 7096 12724 18656 python
02:45:59 5637 14183 17197 python
02:46:01 8588 11065 20315 python
02:46:03 8089 11529 19851 python
02:46:05 5923 13695 17685 python
02:46:07 7846 11772 19608 python
02:46:09 10805 8695 22685 python
02:46:11 7488 11966 19414 python
02:46:13 7244 12210 19170 python
02:46:15 8372 11009 20371 python
02:46:17 7486 11895 19486 python
02:46:19 7398 11976 19404 python
02:46:21 8835 10497 20883 python
02:46:23 7709 11610 19771 python
02:46:25 8325 10871 20509 python
02:46:27 8734 10462 20918 python
02:46:29 10825 8251 23130 python
02:46:31 9312 9742 21638 python
02:46:34 7283 11771 19609 python
02:46:36 8585 10453 20928 python
02:46:38 9364 9601 21779 python
02:46:40 9778 8963 22417 python
02:46:42 8433 10269 21111 python
02:46:44 8464 10208 21172 python
02:46:46 8065 10603 20778 python
02:46:48 4944 13724 17656 python
02:46:50 7309 11331 20049 python
02:46:52 4494 14143 17237 python
02:46:54 8999 9497 21883 python
02:46:56 9342 9126 22254 python
02:46:58 9329 8995 22385 python
02:47:00 7819 10504 20876 python
02:47:02 8777 9488 21892 python
02:47:04 8959 9300 22081 python
02:47:06 8970 9285 22096 python
02:47:08 8356 9814 21567 python
02:47:10 8864 9296 22085 python
02:47:12 9923 8166 23214 python
02:47:14 7532 10517 20863 python
02:47:16 7318 10732 20648 python
02:47:18 9406 8534 22846 python
02:47:20 7293 10613 20767 python
02:47:22 3652 14255 17126 python
02:47:24 6891 11011 20370 python
02:47:26 6323 11451 19929 python
02:47:28 4483 13286 18094 python
02:47:30 5441 12317 19064 python
02:47:32 6264 11386 19995 python
02:47:34 5485 12127 19253 python
02:47:36 4046 13565 17815 python
02:47:38 5016 12595 18785 python
02:47:40 6787 10731 20649 python
02:47:42 5001 12512 18869 python
02:47:44 6530 10925 20456 python
02:47:46 7688 9755 21625 python
02:47:48 6360 11021 20359 python
02:47:50 6708 10665 20715 python
02:47:53 6898 10448 20932 python
02:47:55 4868 12471 18910 python
02:47:57 4799 12475 18906 python
02:47:59 5276 11937 19443 python
02:48:01 6913 10241 21139 python
02:48:03 5386 11717 19663 python
02:48:05 3671 13431 17950 python
02:48:07 3509 13578 17802 python
02:48:09 2057 15019 16361 python
02:48:11 5774 11218 20162 python
02:48:13 6068 10898 20482 python
02:48:15 5213 11753 19627 python
02:48:17 5533 11430 19950 python
02:48:19 4609 12327 19054 python
02:48:21 8827 8070 23310 python
02:48:23 6338 10517 20863 python
02:48:25 6871 9984 21396 python
02:48:27 9116 7701 23679 python
02:48:29 7631 9153 22227 python
02:48:31 7120 9644 21736 python
02:48:33 6457 10307 21073 python
02:48:35 8545 8191 23189 python
02:48:37 7982 8751 22629 python
02:48:39 5187 11527 19854 python
02:48:41 6447 10267 21114 python
02:48:43 8301 8405 22975 python
02:48:45 7008 9696 21684 python
02:48:47 6588 10112 21269 python
02:48:49 8809 7877 23503 python
02:48:51 6206 10478 20902 python
02:48:53 7367 9314 22066 python
02:48:55 9336 7322 24058 python
02:48:57 9102 7556 23824 python
02:48:59 11014 5635 25745 python
02:49:01 27052 1607 29773 snapd
02:49:03 30254 1286 30094 python
02:49:05 30090 1326 30055 python
02:49:07 29954 1422 29958 python
02:49:09 30485 1069 30311 python
02:49:11 30318 1135 30245 python
02:49:13 30173 1230 30150 python
02:49:16 30128 1245 30135 python
02:49:18 30542 1000 30380 python
02:49:20 30390 1036 30345 python
02:49:22 30221 1174 30207 python
02:49:24 30673 906 30475 snapd
02:49:26 30505 1007 30373 python
02:49:28 30364 1052 30328 python
02:49:30 30217 1156 30224 python
02:49:32 29324 1712 29669 python
02:49:34 30513 995 30385 python
02:49:36 30332 1079 30301 python
02:49:38 30208 1165 30215 python
02:49:40 30602 943 30437 python
02:49:42 30437 993 30388 python
02:49:44 30257 1141 30239 python
02:49:46 30640 915 30466 python
02:49:48 30470 983 30397 python
02:49:50 30323 1081 30299 python
02:49:52 30243 1131 30249 python
02:49:54 30625 918 30462 python
02:49:56 30454 971 30409 python
02:49:58 30289 1102 30278 python
02:50:00 30653 899 30481 python
02:50:02 30481 969 30411 python
02:50:04 30327 1076 30305 python
02:50:06 30261 1113 30267 python
02:50:08 29857 1174 30206 snapd
02:50:10 30278 1218 30162 python
02:50:12 30107 1301 30079 python
02:50:14 30010 1363 30017 python
02:50:16 29491 1474 29906 python
02:50:18 30459 1087 30293 python
02:50:20 30293 1132 30248 python
02:50:22 30136 1259 30121 python
02:50:24 30550 1026 30355 snapd
02:50:26 30375 1114 30266 python
02:50:28 30220 1191 30189 python
02:50:30 29834 1513 29868 python
02:50:32 30348 1206 30174 python
02:50:34 30188 1258 30122 python
02:50:36 30049 1354 30027 python
02:50:38 29486 1834 29546 python
02:50:40 30396 1145 30235 python
02:50:42 30245 1177 30203 python
02:50:45 30125 1263 30118 python
02:50:47 28683 2399 28982 python
02:50:49 30375 1170 30210 python
02:50:51 30251 1178 30203 python
02:50:53 30082 1316 30064 python
02:50:55 29153 2156 29224 python
02:50:57 30265 1292 30089 python
02:50:59 30097 1361 30019 python
02:51:01 30001 1404 29976 python
02:51:03 29949 1425 29956 python
02:51:05 30548 1025 30356 python
02:51:07 30380 1074 30306 python
02:51:09 30254 1149 30231 python
02:51:11 28514 2621 28759 python
02:51:13 30647 930 30451 snapd
02:51:15 30459 1036 30344 python
02:51:17 30315 1098 30283 python
02:51:19 29701 1624 29756 python
02:51:21 30695 852 30529 python
02:51:23 30530 908 30472 python
02:51:25 30383 1017 30363 python
02:51:27 29547 1588 29793 python
02:51:29 30621 963 30417 snapd
02:51:31 30503 989 30391 python
02:51:33 30338 1072 30308 python
02:51:35 30236 1138 30243 python
02:51:37 30653 892 30489 python
02:51:39 30476 951 30429 python
02:51:41 30313 1082 30298 python
02:51:43 29849 1217 30163 python
02:51:45 29244 1423 29957 python
02:51:47 30686 860 30520 python
02:51:49 30471 949 30432 python
02:51:51 30313 1072 30309 python
02:51:53 29579 1292 30089 python
02:51:55 29130 1487 29893 python
02:51:57 30617 924 30456 python
02:51:59 30420 997 30383 python
02:52:01 30254 1122 30258 python
02:52:03 29620 1263 30118 python
02:52:05 29040 1289 30091 python
02:52:08 30765 811 30569 snapd
02:52:10 30530 937 30444 python
02:52:12 30364 1041 30339 python
02:52:14 30239 1127 30253 python
02:52:16 30629 932 30449 python
02:52:18 30451 1013 30367 python
02:52:20 30300 1106 30274 python
02:52:22 30221 1153 30227 python
02:52:24 30642 904 30476 python
02:52:26 30518 916 30464 python
02:52:28 30347 1053 30327 python
02:52:30 29343 1982 29398 python
02:52:32 30364 1188 30193 python
02:52:34 30196 1255 30126 python
02:52:36 30068 1335 30046 python
02:52:38 30013 1360 30020 python
02:52:40 30552 989 30391 python
02:52:42 30487 937 30443 python
02:52:44 30329 1062 30318 python
02:52:46 29765 1459 29921 python
02:52:48 30660 850 30530 python
02:52:50 30478 933 30447 python
02:52:52 30348 1026 30354 python
02:52:54 28369 2418 28963 python
02:52:56 27729 2842 28538 python
02:52:58 26828 3743 27638 python
02:53:00 30504 1037 30344 python
02:53:02 30312 1102 30278 python
02:53:04 30163 1210 30170 python
02:53:06 30612 943 30438 python
02:53:08 30450 1002 30378 python
02:53:10 30297 1106 30274 python
02:53:12 29005 2000 29381 python
02:53:14 30371 1176 30205 python
02:53:16 30172 1249 30131 python
02:53:18 30009 1379 30001 python
02:53:20 28150 2846 28534 python
02:53:22 30216 1330 30050 python
02:53:24 30023 1398 29983 python
02:53:26 29890 1497 29884 python
02:53:28 28116 2927 28453 python
02:53:30 30384 1161 30219 python
02:53:32 30197 1224 30156 python
02:53:34 30049 1330 30050 python
02:53:37 28178 2946 28435 python
02:53:39 30397 1128 30253 python
02:53:41 30228 1184 30196 python
02:53:43 30097 1277 30103 python
02:53:45 30587 995 30385 snapd
02:53:47 30400 1092 30288 python
02:53:49 30229 1179 30201 python
02:53:51 30121 1253 30127 python
02:53:53 30530 1025 30355 python
02:53:55 30323 1107 30273 python
02:53:57 30174 1225 30156 python
02:53:59 30642 937 30443 snapd
02:54:01 30465 1049 30331 python
02:54:03 30327 1089 30291 python
02:54:05 30189 1188 30193 python
02:54:07 30666 910 30471 snapd
02:54:09 30472 1021 30360 python
02:54:11 30332 1081 30299 python
02:54:13 30200 1173 30207 python
02:54:15 30661 909 30471 python
02:54:17 30493 989 30391 python
02:54:19 30340 1069 30311 python
02:54:21 30253 1121 30260 python
02:54:23 30685 886 30495 python
02:54:25 30507 976 30404 python
02:54:27 30356 1053 30327 python
02:54:29 30252 1121 30259 python
02:54:31 30686 873 30507 python
02:54:33 30517 939 30441 python
02:54:35 30360 1045 30335 python
02:54:37 30283 1090 30290 python
02:54:39 30644 906 30475 python
02:54:41 30475 967 30413 python
02:54:43 30309 1092 30288 python
02:54:45 30720 852 30528 snapd
02:54:47 30549 940 30440 python
02:54:49 30410 1001 30379 python
02:54:51 30287 1087 30294 python
02:54:53 29325 1666 29714 python
02:54:55 27025 3247 28133 python
02:54:57 27483 2286 29094 python
02:54:59 26214 3087 28293 python
02:55:01 25828 3098 28282 python
02:55:03 24028 4523 26857 python
02:55:06 24483 4049 27331 python
02:55:08 23396 5039 26341 python
02:55:10 23842 4594 26787 python
02:55:12 23285 5141 26239 python
02:55:14 24452 3973 27407 python
02:55:16 23585 4817 26564 python
02:55:18 24208 4191 27189 python
02:55:20 24107 4278 27102 python
02:55:22 23565 4417 26963 python
02:55:24 23516 4467 26914 python
02:55:26 22293 5678 25702 python
02:55:28 23666 4305 27075 python
02:55:30 23289 4682 26698 python
02:55:32 23390 4581 26799 python
02:55:34 23245 4726 26654 python
02:55:36 23212 4759 26621 python
02:55:38 22639 5331 26050 python
02:55:40 23467 4503 26877 python
02:55:42 22132 5838 25542 python
02:55:44 23426 4544 26836 python
02:55:46 22665 5305 26075 python
02:55:48 21962 6008 25373 python
02:55:50 22648 5322 26058 python
02:55:52 22325 5645 25736 python
02:55:54 23337 4632 26748 python
02:55:56 23125 4844 26537 python
02:55:58 23169 4800 26580 python
02:56:00 21989 5979 25401 python
02:56:02 23492 4476 26904 python
02:56:04 22936 5033 26348 python
02:56:06 23005 4961 26420 python
02:56:08 21804 6163 25218 python
02:56:10 22304 5662 25718 python
02:56:12 22525 5441 25939 python
02:56:14 21918 6049 25332 python
02:56:16 23204 4762 26618 python
02:56:18 21938 6028 25352 python
02:56:21 23102 4864 26516 python
02:56:23 22393 5574 25807 python
02:56:25 22760 5206 26174 python
02:56:27 22929 5036 26345 python
02:56:29 22430 5535 25846 python
02:56:31 21681 6284 25097 python
02:56:33 22622 5342 26038 python
02:56:35 22686 5279 26101 python
02:56:37 22905 5058 26322 python
02:56:39 22960 5003 26377 python
02:56:41 22350 5613 25767 python
02:56:43 22794 5169 26211 python
02:56:45 22043 5919 25461 python
02:56:47 21404 6557 24824 python
02:56:49 22851 5110 26270 python
02:56:51 23011 4948 26432 python
02:56:53 22730 5229 26151 python
02:56:55 22646 5313 26067 python
02:56:57 22643 5316 26064 python
02:56:59 21954 6006 25375 python
02:57:01 21669 6290 25090 python
02:57:03 22045 5913 25467 python
02:57:05 22355 5602 25778 python
02:57:07 21467 6490 24890 python
02:57:09 22506 5451 25929 python
02:57:11 22874 5083 26297 python
02:57:13 22322 5635 25745 python
02:57:15 21434 6523 24857 python
02:57:17 21993 5964 25417 python
02:57:19 22396 5561 25820 python
02:57:21 22623 5334 26046 python
02:57:23 22564 5392 25989 python
02:57:25 21383 6573 24808 python
02:57:27 22906 5050 26330 python
02:57:29 22558 5398 25983 python
02:57:31 22689 5267 26113 python
02:57:33 22499 5457 25923 python
02:57:35 22711 5246 26135 python
02:57:37 22337 5619 25761 python
02:57:39 22178 5778 25602 python
02:57:41 22263 5691 25689 python
02:57:43 22467 5488 25893 python
02:57:46 22705 5249 26131 python
02:57:48 22652 5301 26079 python
02:57:50 22001 5952 25428 python
02:57:52 22061 5892 25488 python
02:57:54 21979 5974 25407 python
02:57:56 21109 6843 24537 python
02:57:58 21072 6881 24500 python
02:58:00 21885 6067 25313 python
02:58:02 21195 6758 24623 python
02:58:04 22295 5657 25723 python
02:58:06 22212 5741 25640 python
02:58:08 21304 6649 24731 python
02:58:10 22493 5459 25921 python
02:58:12 21192 6761 24620 python
02:58:14 21956 5995 25385 python
02:58:16 22458 5493 25887 python
02:58:18 21088 6863 24517 python
02:58:20 21126 6826 24555 python
02:58:22 22196 5756 25624 python
02:58:24 22364 5586 25794 python
02:58:26 22657 5293 26087 python
02:58:28 21813 6138 25243 python
02:58:30 22378 5572 25808 python
02:58:32 21611 6338 25042 python
02:58:34 22556 5394 25986 python
02:58:36 21360 6589 24791 python
02:58:38 21218 6730 24650 python
02:58:40 22077 5871 25509 python
02:58:42 21225 6723 24657 python
02:58:44 22375 5573 25807 python
02:58:46 22354 5594 25786 python
02:58:48 22214 5734 25646 python
02:58:50 22298 5649 25731 python
02:58:53 21036 6911 24469 python
02:58:55 20997 6950 24430 python
02:58:57 22367 5580 25800 python
02:58:59 21770 6177 25203 python
02:59:01 21410 6537 24844 python
02:59:03 21364 6583 24798 python
02:59:05 21655 6292 25088 python
02:59:07 21696 6251 25130 python
02:59:09 22247 5700 25680 python
02:59:11 22222 5725 25655 python
02:59:13 21870 6076 25304 python
02:59:15 20679 7267 24113 python
02:59:17 20909 7037 24343 python
02:59:19 21642 6304 25076 python
02:59:21 20822 7123 24257 python
02:59:23 21917 6029 25351 python
02:59:25 21525 6421 24960 python
02:59:27 22284 5661 25719 python
02:59:29 22244 5701 25680 python
02:59:31 21982 5962 25418 python
02:59:33 21569 6374 25006 python
02:59:35 22275 5669 25712 python
02:59:37 21648 6295 25085 python
02:59:39 21999 5944 25437 python
02:59:41 21627 6316 25065 python
02:59:43 22251 5692 25689 python
02:59:45 22128 5814 25566 python
02:59:47 20809 7133 24247 python
02:59:49 19844 8099 23282 python
02:59:51 20464 7479 23902 python
02:59:53 21529 6413 24967 python
02:59:55 21431 6511 24869 python
02:59:57 21307 6635 24745 python
02:59:59 20757 7185 24196 python
03:00:01 21972 5969 25411 python
03:00:04 21674 6267 25113 python
03:00:06 22065 5876 25504 python
03:00:08 21322 6619 24761 python
03:00:10 21365 6576 24804 python
03:00:12 21340 6601 24780 python
03:00:14 21924 6017 25364 python
03:00:16 21465 6476 24904 python
03:00:18 22209 5731 25650 python
03:00:20 21461 6478 24903 python
03:00:22 21906 6033 25347 python
03:00:24 22042 5898 25483 python
03:00:26 22395 5544 25837 python
03:00:28 21303 6636 24744 python
03:00:30 21669 6271 25110 python
03:00:32 21962 5977 25403 python
03:00:34 22030 5909 25471 python
03:00:36 21123 6816 24565 python
03:00:38 21953 5985 25395 python
03:00:40 22238 5701 25680 python
03:00:42 21090 6848 24533 python
03:00:44 21074 6864 24517 python
03:00:46 22123 5815 25565 python
03:00:48 21363 6574 24806 python
03:00:50 21184 6754 24627 python
03:00:52 20870 7067 24313 python
03:00:54 21712 6225 25155 python
03:00:56 21698 6239 25141 python
03:00:58 21796 6141 25240 python
03:01:00 22144 5793 25588 python
03:01:02 22090 5847 25533 python
03:01:04 20875 7061 24319 python
03:01:06 22091 5846 25534 python
03:01:08 22109 5828 25553 python
03:01:10 21264 6673 24708 python
03:01:12 21611 6326 25055 python
03:01:14 21073 6863 24517 python
03:01:16 22078 5858 25522 python
03:01:19 21643 6293 25087 python
03:01:21 21806 6128 25252 python
03:01:23 21307 6628 24752 python
03:01:25 19863 8072 23308 python
03:01:27 21915 6019 25362 python
03:01:29 21859 6075 25305 python
03:01:31 21908 6026 25354 python
03:01:33 20799 7135 24246 python
03:01:35 21746 6187 25193 python
03:01:37 20694 7239 24141 python
03:01:39 21866 6068 25312 python
03:01:41 21822 6112 25268 python
03:01:43 21972 5962 25418 python
03:01:45 21178 6755 24625 python
03:01:47 21488 6446 24935 python
03:01:49 21851 6082 25298 python
03:01:51 21410 6524 24857 python
03:01:53 20566 7368 24013 python
03:01:55 21353 6581 24799 python
03:01:57 20594 7340 24041 python
03:01:59 21791 6142 25238 python
03:02:01 21361 6572 24808 python
03:02:03 21679 6254 25126 python
03:02:05 21680 6252 25128 python
03:02:07 21830 6102 25278 python
03:02:09 21802 6130 25251 python
03:02:11 21136 6796 24585 python
03:02:13 20829 7102 24279 python
03:02:15 21385 6545 24835 python
03:02:17 21232 6699 24682 python
03:02:19 21675 6255 25125 python
03:02:21 22073 5857 25523 python
03:02:23 20755 7175 24205 python
03:02:25 21589 6341 25039 python
03:02:28 21902 6027 25353 python
03:02:30 21693 6236 25144 python
03:02:32 22096 5833 25547 python
03:02:34 21939 5990 25390 python
03:02:36 21303 6626 24754 python
03:02:38 21241 6688 24692 python
03:02:40 21147 6782 24598 python
03:02:42 21689 6240 25140 python
03:02:44 21971 5958 25422 python
03:02:46 21699 6230 25150 python
03:02:48 21422 6507 24873 python
03:02:50 22053 5875 25505 python
03:02:52 21671 6258 25123 python
03:02:54 21966 5962 25418 python
03:02:56 21451 6478 24902 python
03:02:58 21217 6712 24669 python
03:03:00 21191 6737 24643 python
03:03:02 22170 5758 25622 python
03:03:04 22191 5737 25643 python
03:03:06 20815 7113 24267 python
03:03:08 21609 6319 25062 python
03:03:10 19772 8156 23225 python
03:03:12 21778 6149 25232 python
03:03:14 21581 6346 25035 python
03:03:16 21393 6534 24846 python
03:03:18 22024 5903 25477 python
03:03:20 20678 7249 24131 python
03:03:22 21641 6286 25094 python
03:03:24 20597 7330 24051 python
03:03:26 22085 5842 25539 python
03:03:28 21470 6457 24924 python
03:03:30 21406 6521 24859 python
03:03:32 21401 6526 24854 python
03:03:34 20509 7418 23963 python
03:03:36 21543 6383 24997 python
03:03:38 21259 6667 24713 python
03:03:40 20536 7390 23991 python
03:03:42 20436 7489 23891 python
03:03:44 21293 6633 24748 python
03:03:47 21487 6439 24942 python
03:03:49 20765 7160 24220 python
03:03:51 21745 6180 25200 python
03:03:53 21161 6764 24616 python
03:03:55 21760 6165 25215 python
03:03:57 22098 5827 25553 python
03:03:59 21560 6365 25015 python
03:04:01 20683 7243 24138 python
03:04:03 21808 6118 25263 python
03:04:05 21723 6202 25178 python
03:04:07 21574 6351 25029 python
03:04:09 21870 6055 25325 python
03:04:11 21895 6030 25350 python
03:04:13 21031 6894 24486 python
03:04:15 20653 7272 24108 python
03:04:17 22015 5910 25470 python
03:04:19 21646 6279 25101 python
03:04:21 21673 6251 25129 python
03:04:23 21243 6682 24699 python
03:04:25 20878 7047 24333 python
03:04:27 21637 6288 25092 python
03:04:29 21274 6651 24729 python
03:04:31 21003 6922 24459 python
03:04:33 21629 6295 25085 python
03:04:35 21227 6697 24683 python
03:04:37 21923 6002 25379 python
03:04:39 21586 6338 25042 python
03:04:41 20865 7059 24321 python
03:04:43 21884 6040 25340 python
03:04:45 21113 6812 24569 python
03:04:47 21374 6550 24830 python
03:04:49 21960 5964 25416 python
03:04:51 21871 6053 25327 python
03:04:53 21524 6400 24980 python
03:04:55 26712 1211 30169 snapd
03:04:57 26736 1188 30193 snapd
03:04:59 26792 1132 30248 snapd
03:05:01 26828 1096 30284 snapd
03:05:03 26886 1038 30343 snapd
03:05:05 26930 994 30387 snapd
03:05:07 26977 946 30434 snapd
03:05:09 27013 911 30469 snapd
03:05:11 27053 870 30510 snapd
03:05:14 27083 841 30540 snapd
03:05:16 27098 826 30554 snapd
03:05:18 27111 812 30568 snapd
03:05:20 27131 793 30587 snapd
03:05:22 27145 778 30602 snapd
03:05:24 27159 765 30616 snapd
03:05:26 27173 751 30629 snapd
03:05:28 27182 742 30638 snapd
03:05:30 27188 736 30644 snapd
03:05:32 27190 734 30647 snapd
03:05:34 27193 731 30649 snapd
03:05:36 27193 731 30649 snapd
03:05:38 27193 731 30650 snapd
03:05:40 27194 730 30650 snapd
03:05:42 27194 730 30650 snapd
03:05:44 27193 730 30650 snapd
03:05:46 27194 730 30650 snapd
03:05:48 27194 729 30651 snapd
03:05:50 27194 729 30651 snapd
03:05:52 27194 729 30651 snapd
03:05:54 27194 730 30651 snapd
03:05:56 27194 730 30650 snapd
03:05:58 27195 729 30651 snapd
03:06:00 27195 729 30651 snapd
03:06:02 27195 729 30651 snapd
03:06:04 27196 728 30652 snapd
03:06:06 27195 728 30652 snapd
03:06:08 27195 728 30652 snapd
03:06:10 27195 729 30652 snapd
03:06:12 27195 729 30651 snapd
03:06:14 27194 729 30651 snapd
03:06:16 27195 729 30651 snapd
03:06:18 27194 730 30651 snapd
03:06:20 27194 729 30651 snapd
03:06:22 27200 724 30657 snapd
03:06:24 27198 726 30654 snapd
03:06:26 27198 725 30655 snapd
03:06:28 27197 727 30654 snapd
