10:42:13 30162 830 30550 snapd
10:42:15 29965 878 30503 snapd
10:42:17 29975 909 30471 appstreamcli
10:42:19 29982 890 30490 snapd
10:42:21 29983 888 30492 snapd
10:42:23 29828 929 30451 apt-check
10:42:25 29724 1054 30326 apt-get
10:42:27 29644 1088 30292 apt-get
10:42:29 29607 1106 30274 apt-get
10:42:31 29423 1226 30154 apt-check
10:42:33 29549 1145 30235 python3
10:42:35 29498 1176 30204 pip
10:42:37 29513 1162 30218 pip
10:42:39 29165 1163 30217 pip
10:42:41 28943 1164 30216 pip
10:42:43 28741 1113 30267 pip
10:42:45 28703 1090 30290 pip
10:42:47 28690 1083 30298 pip
10:42:49 28042 1879 29501 python
10:42:51 27766 2152 29228 python
10:42:53 27544 2372 29008 python
10:42:55 27336 2579 28801 python
10:42:57 27142 2772 28609 python
10:42:59 27038 2875 28506 python
10:43:01 26950 2962 28418 python
10:43:03 26848 3063 28318 python
10:43:05 26734 3176 28204 python
10:43:08 26565 3344 28037 python
10:43:10 26433 3473 27907 python
10:43:12 26255 3650 27730 python
10:43:14 26105 3799 27582 python
10:43:16 26009 3893 27487 python
10:43:18 25905 3997 27384 python
10:43:20 25812 4089 27292 python
10:43:22 25671 4229 27151 python
10:43:24 25543 4355 27025 python
10:43:26 25369 4528 26853 python
10:43:28 25202 4693 26687 python
10:43:30 25090 4804 26577 python
10:43:32 28984 908 30473 python
10:43:34 28833 1058 30322 python
10:43:36 28706 1072 30309 python
10:43:38 28526 1068 30312 python
10:43:40 28321 1079 30302 python
10:43:42 28128 1086 30294 python
10:43:44 27928 1101 30279 python
10:43:46 27735 1101 30279 python
10:43:48 27573 1101 30279 python
10:43:50 27387 1100 30280 python
10:43:52 27195 1106 30275 python
10:43:54 27000 1113 30268 python
10:43:56 26816 1118 30262 python
10:43:58 26631 1119 30261 python
10:44:00 26431 1122 30259 python
10:44:02 26256 1124 30256 python
10:44:04 26078 1121 30259 python
10:44:06 25880 1122 30258 python
10:44:08 25685 1131 30249 python
10:44:10 25527 1131 30249 python
10:44:12 25366 1132 30249 python
10:44:14 25176 1121 30259 python
10:44:17 24977 1129 30251 python
10:44:19 24787 1132 30248 python
10:44:21 24635 1125 30255 python
10:44:23 24436 1151 30229 python
10:44:25 24265 1145 30236 python
10:44:27 24067 1148 30233 python
10:44:29 23879 1141 30240 python
10:44:31 23692 1139 30242 python
10:44:33 23504 1145 30235 python
10:44:35 23330 1138 30243 python
10:44:37 23150 1138 30242 python
10:44:39 22969 1130 30250 python
10:44:41 22779 1131 30249 python
10:44:43 22629 1133 30248 python
10:44:45 22417 1137 30243 python
10:44:47 22211 1140 30240 python
10:44:49 22033 1131 30250 python
10:44:51 21856 1134 30246 python
10:44:53 21677 1132 30248 python
10:44:55 21478 1141 30239 python
10:44:57 21292 1137 30243 python
10:44:59 21098 1142 30238 python
10:45:01 20921 1147 30233 python
10:45:03 20747 1140 30241 python
10:45:05 20535 1146 30234 python
10:45:07 20370 1141 30239 python
10:45:09 20168 1150 30230 python
10:45:11 19977 1146 30234 python
10:45:13 19776 1154 30226 python
10:45:15 19590 1146 30234 python
10:45:17 19406 1157 30224 python
10:45:19 19220 1154 30226 python
10:45:21 19032 1152 30229 python
10:45:23 18827 1160 30220 python
10:45:25 18632 1156 30224 python
10:45:27 18455 1162 30218 python
10:45:29 18269 1160 30220 python
10:45:31 18068 1171 30209 python
10:45:33 17878 1181 30200 python
10:45:35 17695 1180 30200 python
10:45:37 17520 1176 30204 python
10:45:39 17328 1171 30210 python
10:45:41 17141 1177 30203 python
10:45:43 16958 1171 30209 python
10:45:45 16807 1169 30211 python
10:45:47 16612 1172 30208 python
10:45:49 16427 1176 30205 python
10:45:51 16237 1177 30204 python
10:45:53 16049 1177 30204 python
10:45:55 15865 1179 30202 python
10:45:57 15678 1185 30196 python
10:45:59 15507 1176 30204 python
10:46:01 15325 1184 30196 python
10:46:03 15140 1180 30200 python
10:46:05 14949 1181 30199 python
10:46:07 14772 1173 30207 python
10:46:09 14561 1180 30200 python
10:46:11 14374 1190 30190 python
10:46:14 14240 1184 30196 python
10:46:16 14239 1185 30195 python
10:46:18 14240 1184 30196 python
10:46:20 14240 1184 30196 python
10:46:22 14221 1203 30177 python
10:46:24 14225 1199 30181 python
10:46:26 12556 2868 28512 python
10:46:28 11200 4223 27157 python
10:46:30 1860 13564 17817 python
10:46:32 616 16351 15030 python
10:46:34 228 18830 12551 python
10:46:36 3858 16280 15101 python
10:46:38 3569 16568 14812 python
10:46:40 934 19203 12177 python
10:46:42 1599 18538 12842 python
10:46:44 662 21344 10036 python
10:46:46 305 22108 9272 python
10:46:48 2330 24907 6473 python
10:46:50 1533 25704 5676 python
10:46:52 6028 21209 10172 python
10:46:54 6040 21196 10184 python
10:46:56 6046 21191 10190 python
10:46:58 6061 21176 10205 python
10:47:00 6080 21156 10224 python
10:47:02 6102 21134 10246 python
10:47:04 6114 21122 10258 python
10:47:06 6132 21105 10276 python
10:47:08 5678 21559 9822 python
10:47:10 9964 17272 14108 python
10:47:12 10124 17112 14268 python
10:47:14 14305 12931 18449 python
10:47:16 12774 14462 16918 python
10:47:18 8742 18494 12886 python
10:47:20 10348 16888 14492 python
10:47:22 9914 17321 14060 python
10:47:24 9457 17772 13608 python
10:47:26 9080 18149 13231 python
10:47:28 8483 18746 12635 python
10:47:30 7994 19235 12145 python
10:47:33 13077 14152 17228 python
10:47:35 10269 16960 14420 python
10:47:37 9967 17262 14118 python
10:47:39 10135 17094 14286 python
10:47:41 9763 17466 13914 python
10:47:43 8464 18764 12616 python
10:47:45 10564 16665 14715 python
10:47:47 16465 10744 20637 python
10:47:49 14389 12819 18561 python
10:47:51 15329 11867 19513 python
10:47:53 14165 13030 18350 python
10:47:55 16249 10949 20432 python
10:47:57 11688 14717 16663 python
10:47:59 15776 9555 21826 python
10:48:01 8122 16578 14802 python
10:48:03 7228 17071 14310 python
10:48:05 7458 16368 15012 python
10:48:07 9722 13813 17567 python
10:48:09 10834 12701 18679 python
10:48:11 11739 11796 19584 python
10:48:13 10386 13149 18231 python
10:48:15 10873 12661 18719 python
10:48:17 10661 12874 18507 python
10:48:19 10697 12838 18542 python
10:48:21 11511 11881 19499 python
10:48:23 9847 13139 18242 python
10:48:25 6017 16407 14973 python
10:48:27 3528 18880 12501 python
10:48:29 9198 13210 18170 python
10:48:31 6518 15890 15490 python
10:48:33 6552 15856 15524 python
10:48:35 5573 16835 14545 python
10:48:37 4630 17778 13602 python
10:48:39 5724 16684 14696 python
10:48:41 5548 16860 14521 python
10:48:43 5309 17099 14282 python
10:48:45 4871 17537 13843 python
10:48:47 6041 16366 15014 python
10:48:49 8368 14040 17340 python
10:48:51 9735 12673 18707 python
10:48:53 8886 13522 17858 python
10:48:55 8525 13482 17898 python
10:48:57 5269 16426 14954 python
10:48:59 4054 17641 13739 python
10:49:02 2550 19145 12235 python
10:49:04 4371 17324 14057 python
10:49:06 2169 19543 11838 python
10:49:08 4196 17518 13862 python
10:49:10 8887 12827 18553 python
10:49:12 7702 13791 17589 python
10:49:14 7196 14297 17083 python
10:49:16 6379 14429 16951 python
10:49:18 5450 15322 16058 python
10:49:20 4671 16101 15279 python
10:49:22 4577 16195 15185 python
10:49:24 3137 17635 13745 python
10:49:26 3702 17071 14310 python
10:49:28 2893 17879 13501 python
10:49:30 3678 17093 14287 python
10:49:32 3262 17506 13874 python
10:49:34 1153 19616 11765 python
10:49:36 4571 16197 15183 python
10:49:38 7190 13232 18148 python
10:49:40 7077 12832 18548 python
10:49:42 5453 14457 16924 python
10:49:44 6036 13881 17500 python
10:49:46 7220 12695 18685 python
10:49:48 7599 11989 19392 python
10:49:50 10126 9113 22267 python
10:49:52 8493 10746 20634 python
10:49:54 7080 12159 19222 python
10:49:56 5663 13576 17804 python
10:49:58 3804 15498 15882 python
10:50:00 7921 11381 20000 python
10:50:02 10378 8821 22560 python
10:50:04 8014 11177 20204 python
10:50:06 8173 11018 20363 python
10:50:08 8816 10356 21024 python
10:50:10 7281 11856 19524 python
10:50:12 7703 11434 19946 python
10:50:14 9034 10075 21306 python
10:50:16 8995 10081 21300 python
10:50:18 8402 10673 20708 python
10:50:20 9723 9324 22057 python
10:50:22 8068 10974 20406 python
10:50:24 8543 10489 20891 python
10:50:26 7276 11725 19655 python
10:50:29 6159 12842 18539 python
10:50:31 6535 12451 18929 python
10:50:33 8029 10953 20427 python
10:50:35 7904 11049 20331 python
10:50:37 9275 8751 22629 python
10:50:39 7634 10262 21118 python
10:50:41 6029 11866 19515 python
10:50:43 5446 12426 18954 python
10:50:45 3450 14409 16971 python
10:50:47 3836 14023 17358 python
10:50:49 4355 13503 17877 python
10:50:51 3231 14627 16753 python
10:50:53 5243 12605 18775 python
10:50:55 5155 12678 18703 python
10:50:57 4322 13506 17874 python
10:50:59 5987 11829 19551 python
10:51:01 5900 11917 19464 python
10:51:03 6001 11814 19566 python
10:51:05 6320 11491 19890 python
10:51:07 6426 11372 20008 python
10:51:09 5183 12588 18792 python
10:51:11 4231 13529 17851 python
10:51:13 6755 10933 20447 python
10:51:15 3609 14078 17302 python
10:51:17 5456 12206 19175 python
10:51:19 4487 13152 18228 python
10:51:21 4372 13266 18114 python
10:51:23 1468 16170 15210 python
10:51:25 3448 14196 17185 python
10:51:27 4570 13029 18352 python
10:51:29 3805 13793 17587 python
10:51:31 7370 9366 22014 python
10:51:33 4353 12113 19267 python
10:51:35 4979 11487 19893 python
10:51:37 2374 13968 17412 python
10:51:39 6140 10226 21154 python
10:51:41 3334 13031 18349 python
10:51:43 8056 10172 21209 python
10:51:45 7037 11192 20188 python
10:51:47 6080 12149 19232 python
10:51:49 5956 12273 19107 python
10:51:51 8311 9918 21463 python
10:51:53 8204 9445 21936 python
10:51:55 6150 11498 19882 python
10:51:57 4441 13208 18173 python
10:52:00 5146 12503 18878 python
10:52:02 4418 13231 18150 python
10:52:04 3346 14303 17077 python
10:52:06 5056 12592 18788 python
10:52:08 6837 10417 20964 python
10:52:10 4646 12439 18942 python
10:52:12 4172 12913 18468 python
10:52:14 5660 11425 19955 python
10:52:16 2856 14229 17152 python
10:52:18 2452 14633 16748 python
10:52:20 2074 15010 16370 python
10:52:22 1820 15265 16115 python
10:52:24 2993 14092 17288 python
10:52:26 2177 14908 16472 python
10:52:28 2402 14683 16697 python
10:52:30 1861 15224 16156 python
10:52:32 1975 15986 15394 python
10:52:34 1885 16076 15304 python
10:52:36 1995 15966 15415 python
10:52:38 2005 15952 15428 python
10:52:40 4953 14393 16987 python
10:52:42 6998 12349 19031 python
10:52:44 8044 10880 20500 python
10:52:46 6254 12566 18814 python
10:52:48 2817 16003 15377 python
10:52:50 3450 15952 15428 python
10:52:52 5510 13895 17485 python
10:52:54 5139 14267 17114 python
10:52:56 4836 14570 16811 python
10:52:58 5843 13563 17817 python
10:53:00 9103 10303 21078 python
10:53:02 9402 9552 21828 python
10:53:04 8004 10950 20430 python
10:53:06 7170 11785 19596 python
10:53:08 6646 12309 19072 python
10:53:10 6310 12645 18736 python
10:53:12 6003 12951 18429 python
10:53:14 7976 10978 20402 python
10:53:16 8442 10187 21194 python
10:53:18 10681 7781 23599 python
10:53:20 9183 9245 22136 python
10:53:22 7620 10808 20572 python
10:53:24 7833 10594 20786 python
10:53:26 6779 11649 19732 python
10:53:29 8066 10362 21019 python
10:53:31 11247 7099 24281 python
10:53:33 10169 8082 23299 python
10:53:35 8576 9675 21706 python
10:53:37 7227 11024 20356 python
10:53:39 8076 10175 21206 python
10:53:41 7962 10285 21095 python
10:53:43 7850 10397 20983 python
10:53:45 10994 7162 24218 python
10:53:47 10047 7967 23413 python
10:53:49 8841 9174 22206 python
10:53:51 8397 9618 21762 python
10:53:53 8677 9338 22042 python
10:53:55 8827 9062 22318 python
10:53:57 8325 9564 21816 python
10:53:59 9981 7761 23620 python
10:54:01 8064 9642 21739 python
10:54:03 6949 10757 20623 python
10:54:05 7143 10563 20817 python
10:54:07 9043 8663 22717 python
10:54:09 8623 8944 22436 python
10:54:11 6755 10812 20569 python
10:54:13 8777 8790 22590 python
10:54:15 10717 6648 24732 python
10:54:17 8655 8709 22671 python
10:54:19 7341 10023 21357 python
10:54:21 8242 9123 22258 python
10:54:23 9179 8185 23195 python
10:54:25 9882 7293 24087 python
10:54:27 7937 9238 22142 python
10:54:29 7697 9478 21902 python
10:54:31 7696 9478 21902 python
10:54:33 8116 9014 22366 python
10:54:35 6874 10167 21213 python
10:54:37 5312 11625 19755 python
10:54:39 2864 14073 17307 python
10:54:41 1912 15025 16356 python
10:54:43 3461 13476 17905 python
10:54:45 4304 12572 18808 python
10:54:47 8328 8394 22986 python
10:54:49 6309 10346 21034 python
10:54:51 4663 11992 19388 python
10:54:53 2902 13753 17627 python
10:54:55 3531 13124 18256 python
10:54:57 8022 8484 22896 python
10:55:00 6427 10030 21351 python
10:55:02 5837 10619 20761 python
10:55:04 5035 11422 19958 python
10:55:06 6412 9996 21384 python
10:55:08 5804 10570 20810 python
10:55:10 6705 9629 21751 python
10:55:12 6249 10061 21319 python
10:55:14 6839 9446 21934 python
10:55:16 6142 10129 21251 python
10:55:18 5926 10330 21051 python
10:55:20 6908 9343 22037 python
10:55:22 5261 10970 20410 python
10:55:24 7613 8615 22765 python
10:55:26 7518 8710 22671 python
10:55:28 6618 9602 21778 python
10:55:30 6311 9904 21476 python
10:55:32 6132 10078 21302 python
10:55:34 7357 8845 22535 python
10:55:36 6625 9566 21814 python
10:55:38 4970 11220 20160 python
10:55:40 8768 7409 23971 python
10:55:42 12926 2807 28573 python
10:55:44 29748 1825 29555 snapd
10:55:46 29617 1857 29523 python
10:55:48 29629 1768 29612 python
10:55:50 29512 1842 29538 python
10:55:52 30113 1441 29940 python
10:55:54 29968 1484 29896 python
10:55:56 29848 1556 29825 python
10:55:58 29855 1512 29869 python
10:56:00 30399 1144 30236 python
10:56:02 30245 1181 30200 python
10:56:04 30106 1291 30089 python
10:56:06 30413 970 30411 snapd
10:56:08 30484 1040 30340 python
10:56:10 30332 1087 30294 python
10:56:12 30171 1216 30165 python
10:56:14 29482 1547 29833 python
10:56:16 30647 860 30520 python
10:56:18 30492 922 30458 python
10:56:20 30314 1062 30318 python
10:56:22 30716 833 30547 python
10:56:25 30537 903 30478 python
10:56:27 30359 1041 30339 python
10:56:29 30266 1101 30279 python
10:56:31 30681 858 30522 python
10:56:33 30506 915 30465 python
10:56:35 30337 1058 30323 python
10:56:37 30800 777 30604 snapd
10:56:39 30601 892 30488 python
10:56:41 30451 962 30419 python
10:56:43 30280 1087 30293 python
10:56:45 30774 789 30591 python
10:56:47 30595 872 30508 python
10:56:49 30378 1016 30365 python
10:56:51 30258 1097 30283 python
10:56:53 28457 2557 28824 python
10:56:55 30410 1111 30269 python
10:56:57 30215 1196 30185 python
10:56:59 30060 1308 30073 python
10:57:01 28237 2723 28657 python
10:57:03 30482 1074 30307 python
10:57:05 30288 1137 30243 python
10:57:07 30117 1278 30102 python
10:57:09 29155 1960 29421 python
10:57:11 30280 1217 30164 python
10:57:13 30104 1304 30077 python
10:57:15 29982 1386 29995 python
10:57:17 30322 1247 30133 python
10:57:19 30151 1319 30062 python
10:57:21 30045 1362 30018 python
10:57:23 29975 1392 29988 python
10:57:25 30565 1011 30369 snapd
10:57:27 30459 1035 30346 python
10:57:29 30320 1093 30287 python
10:57:31 30165 1202 30178 python
10:57:33 28936 2139 29241 python
10:57:35 30379 1173 30208 python
10:57:37 30191 1255 30126 python
10:57:39 30045 1357 30023 python
10:57:41 29995 1373 30008 python
10:57:43 30512 1063 30317 snapd
10:57:45 30346 1145 30235 python
10:57:47 30221 1191 30189 python
10:57:49 30083 1285 30096 python
10:57:52 30700 875 30506 snapd
10:57:54 30502 976 30405 python
10:57:56 30361 1037 30343 python
10:57:58 30213 1142 30238 python
10:58:00 29103 1962 29418 python
10:58:02 30559 987 30393 python
10:58:04 30395 1038 30342 python
10:58:06 30240 1158 30222 python
10:58:08 29961 1350 30030 python
10:58:10 30642 902 30478 python
10:58:12 30472 956 30424 python
10:58:14 30300 1097 30283 python
10:58:16 29233 1848 29532 python
10:58:18 30636 924 30456 python
10:58:20 30430 1009 30371 python
10:58:22 30268 1132 30249 python
10:58:24 30819 759 30622 snapd
10:58:26 30631 868 30512 python
10:58:28 30476 937 30443 python
10:58:30 30303 1068 30312 python
10:58:32 29527 1334 30047 python
10:58:34 29206 1454 29926 python
10:58:36 30576 918 30462 python
10:58:38 30411 1000 30380 python
10:58:40 30252 1115 30265 python
10:58:42 29253 1454 29926 python
10:58:44 30790 795 30586 snapd
10:58:46 30559 931 30449 python
10:58:48 30404 1007 30374 python
10:58:50 30250 1118 30262 python
10:58:52 29383 1271 30109 python
10:58:54 28857 1376 30005 python
10:58:56 30660 891 30490 python
10:58:58 30474 969 30412 python
10:59:00 30311 1091 30290 python
10:59:02 29867 1265 30115 python
10:59:04 30657 886 30494 python
10:59:06 30475 949 30431 python
10:59:08 30304 1092 30288 python
10:59:10 30793 790 30590 snapd
10:59:12 30594 923 30457 python
10:59:14 30436 981 30400 python
10:59:16 30281 1107 30273 python
10:59:18 30703 871 30509 snapd
10:59:21 30529 960 30420 python
10:59:23 30388 1022 30358 python
10:59:25 30227 1141 30240 python
10:59:27 30690 866 30514 python
10:59:29 30528 930 30450 python
10:59:31 30392 1013 30368 python
10:59:33 30296 1072 30309 python
10:59:35 30584 963 30417 python
10:59:37 30360 1059 30321 python
10:59:39 30174 1218 30163 python
10:59:41 29053 1854 29527 python
10:59:43 28307 2258 29122 python
10:59:45 28045 2520 28860 python
10:59:47 30606 959 30421 python
10:59:49 30413 1044 30336 python
10:59:51 30264 1140 30240 python
10:59:53 30715 865 30516 snapd
10:59:55 30535 976 30404 python
10:59:57 30371 1036 30345 python
10:59:59 30203 1166 30214 python
11:00:01 28808 2178 29202 python
11:00:03 30594 953 30427 python
11:00:05 30421 1012 30368 python
11:00:07 30235 1163 30217 python
11:00:09 27913 3078 28302 python
11:00:11 30197 1343 30037 python
11:00:13 30058 1356 30025 python
11:00:15 29903 1473 29907 python
11:00:17 28799 2238 29143 python
11:00:19 30295 1247 30134 python
11:00:21 30081 1333 30048 python
11:00:23 29905 1467 29913 python
11:00:25 28196 2921 28459 python
11:00:27 30262 1279 30101 python
11:00:29 30112 1310 30070 python
11:00:31 29966 1430 29951 python
11:00:33 29585 1532 29848 python
11:00:35 30504 1045 30335 python
11:00:37 30359 1081 30299 python
11:00:39 30213 1188 30192 python
11:00:41 30487 1092 30288 snapd
11:00:43 30318 1195 30185 python
11:00:45 30160 1256 30124 python
11:00:48 30005 1385 29995 python
11:00:50 30496 1081 30300 snapd
11:00:52 30327 1167 30213 python
11:00:54 30209 1204 30176 python
11:00:56 30058 1309 30071 python
11:00:58 30582 989 30391 python
11:01:00 30365 1110 30270 python
11:01:02 30217 1179 30201 python
11:01:04 30075 1280 30101 python
11:01:06 30551 1008 30373 python
11:01:08 30387 1074 30307 python
11:01:10 30236 1170 30211 python
11:01:12 30120 1247 30133 python
11:01:14 30505 1058 30323 python
11:01:16 30325 1142 30238 python
11:01:18 30180 1227 30154 python
11:01:20 30049 1319 30061 python
11:01:22 30504 1049 30331 python
11:01:24 30325 1128 30252 python
11:01:26 30171 1232 30148 python
11:01:28 30086 1281 30099 python
11:01:30 30476 1070 30310 python
11:01:32 30300 1138 30242 python
11:01:34 30156 1243 30137 python
11:01:36 30043 1315 30065 python
11:01:38 30529 1013 30367 python
11:01:40 30362 1062 30318 python
11:01:42 30217 1179 30201 python
11:01:44 29708 1373 30008 python
11:01:46 28942 1581 29799 python
11:01:48 27708 2314 29066 python
11:01:50 25792 3721 27659 python
11:01:52 26247 2763 28618 python
11:01:54 25287 3451 27929 python
11:01:56 24409 4132 27249 python
11:01:58 24741 3687 27694 python
11:02:00 23405 5021 26360 python
11:02:02 23820 4596 26784 python
11:02:04 23034 5361 26020 python
11:02:06 23636 4756 26624 python
11:02:08 24057 4323 27057 python
11:02:10 23909 4069 27311 python
11:02:12 23432 4530 26851 python
11:02:14 22608 5354 26026 python
11:02:17 22539 5423 25957 python
11:02:19 22930 5032 26349 python
11:02:21 22951 5011 26369 python
11:02:23 23076 4886 26495 python
11:02:25 23238 4724 26656 python
11:02:27 22993 4967 26413 python
11:02:29 23411 4548 26832 python
11:02:31 22477 5483 25898 python
11:02:33 23347 4612 26768 python
11:02:35 23067 4892 26488 python
11:02:37 21845 6115 25266 python
11:02:39 21881 6079 25302 python
11:02:41 22965 4995 26386 python
11:02:43 22639 5320 26060 python
11:02:45 22783 5176 26205 python
11:02:47 20696 7261 24119 python
11:02:49 23203 4754 26627 python
11:02:51 22476 5481 25900 python
11:02:53 22038 5917 25463 python
11:02:55 21444 6512 24869 python
11:02:57 22716 5239 26141 python
11:02:59 22629 5326 26054 python
11:03:01 22053 5902 25479 python
11:03:03 21690 6265 25115 python
11:03:05 21449 6506 24875 python
11:03:07 22329 5626 25754 python
11:03:09 22030 5925 25455 python
11:03:11 22083 5871 25510 python
11:03:13 22149 5805 25575 python
11:03:15 21719 6235 25146 python
11:03:17 21550 6404 24977 python
11:03:19 22057 5897 25484 python
11:03:21 22343 5609 25771 python
11:03:24 22530 5422 25958 python
11:03:26 22551 5401 25979 python
11:03:28 22504 5448 25932 python
11:03:30 21158 6794 24586 python
11:03:32 22436 5514 25866 python
11:03:34 22172 5777 25604 python
11:03:36 22586 5363 26017 python
11:03:38 22001 5947 25433 python
11:03:40 22105 5844 25536 python
11:03:42 21567 6382 24998 python
11:03:44 21423 6526 24854 python
11:03:46 21774 6174 25206 python
11:03:48 21888 6058 25322 python
11:03:50 21143 6803 24577 python
11:03:52 20218 7729 23652 python
11:03:54 22212 5734 25646 python
11:03:56 21972 5974 25407 python
11:03:58 21224 6722 24659 python
11:04:00 21630 6316 25065 python
11:04:02 22168 5778 25602 python
11:04:04 21832 6114 25266 python
11:04:06 22196 5750 25630 python
11:04:08 21806 6140 25240 python
11:04:10 21383 6562 24818 python
11:04:12 22103 5843 25537 python
11:04:14 21653 6293 25087 python
11:04:16 21808 6138 25243 python
11:04:18 22357 5589 25791 python
11:04:20 21677 6269 25112 python
11:04:22 22116 5828 25552 python
11:04:24 21684 6259 25121 python
11:04:26 22314 5629 25751 python
11:04:28 20125 7818 23562 python
11:04:30 20924 7018 24363 python
11:04:32 21915 6026 25354 python
11:04:34 21799 6143 25237 python
11:04:36 22037 5904 25476 python
11:04:39 22052 5890 25491 python
11:04:41 22041 5901 25479 python
11:04:43 22133 5809 25571 python
11:04:45 20820 7122 24258 python
11:04:47 21396 6546 24835 python
11:04:49 21168 6773 24608 python
11:04:51 22115 5825 25555 python
11:04:53 22025 5916 25465 python
11:04:55 20444 7497 23884 python
11:04:57 21978 5962 25418 python
11:04:59 20610 7330 24051 python
11:05:01 21583 6356 25024 python
11:05:03 21802 6137 25243 python
11:05:05 22144 5796 25584 python
11:05:07 21779 6159 25221 python
11:05:09 22319 5619 25761 python
11:05:11 22245 5693 25687 python
11:05:13 21762 6176 25204 python
11:05:15 22286 5652 25729 python
11:05:17 21868 6070 25310 python
11:05:19 19917 8021 23360 python
11:05:21 21542 6396 24984 python
11:05:23 21974 5963 25417 python
11:05:25 22353 5585 25795 python
11:05:27 21458 6480 24901 python
11:05:29 20870 7067 24313 python
11:05:31 21906 6032 25348 python
11:05:33 21961 5977 25403 python
11:05:35 21260 6678 24703 python
11:05:37 21619 6319 25061 python
11:05:39 21978 5960 25420 python
11:05:41 21717 6219 25161 python
11:05:43 22184 5752 25628 python
11:05:45 21345 6591 24789 python
11:05:47 21879 6057 25323 python
11:05:49 21731 6205 25175 python
11:05:51 20294 7643 23738 python
11:05:54 20604 7332 24049 python
11:05:56 21807 6130 25251 python
11:05:58 21893 6043 25337 python
11:06:00 21491 6444 24936 python
11:06:02 19908 8026 23355 python
11:06:04 21798 6136 25245 python
11:06:06 20769 7165 24216 python
11:06:08 21562 6372 25008 python
11:06:10 21793 6140 25240 python
11:06:12 21353 6581 24799 python
11:06:14 21421 6513 24868 python
11:06:16 20825 7109 24271 python
11:06:18 20927 7007 24373 python
11:06:20 21893 6040 25340 python
11:06:22 21814 6120 25260 python
11:06:24 21530 6403 24977 python
11:06:26 20535 7398 23982 python
11:06:28 21038 6895 24485 python
11:06:30 21552 6381 24999 python
11:06:32 21117 6817 24564 python
11:06:34 21396 6536 24844 python
11:06:36 20317 7616 23765 python
11:06:38 21570 6362 25018 python
11:06:40 21687 6246 25135 python
11:06:42 21216 6717 24663 python
11:06:44 19758 8175 23205 python
11:06:46 21418 6514 24867 python
11:06:48 21062 6869 24512 python
11:06:50 21936 5995 25385 python
11:06:52 21954 5977 25404 python
11:06:55 21275 6656 24724 python
11:06:57 21617 6314 25066 python
11:06:59 21209 6721 24659 python
11:07:01 21325 6604 24776 python
11:07:03 21942 5987 25393 python
11:07:05 21925 6003 25377 python
11:07:07 20570 7359 24021 python
11:07:09 20814 7115 24266 python
11:07:11 21920 6008 25372 python
11:07:13 21189 6739 24641 python
11:07:15 21365 6564 24816 python
11:07:17 21709 6219 25161 python
11:07:19 21840 6087 25293 python
11:07:21 20984 6943 24437 python
11:07:23 19511 8416 22964 python
11:07:25 20716 7212 24168 python
11:07:27 20899 7029 24352 python
11:07:29 21993 5934 25446 python
11:07:31 21881 6047 25333 python
11:07:33 21466 6462 24919 python
11:07:35 21171 6756 24624 python
11:07:37 21196 6730 24650 python
11:07:39 21918 6008 25373 python
11:07:41 21788 6138 25242 python
11:07:43 20676 7250 24130 python
11:07:45 21593 6332 25048 python
11:07:47 21659 6266 25114 python
11:07:49 21495 6431 24950 python
11:07:51 21196 6729 24651 python
11:07:53 21443 6482 24898 python
11:07:55 20687 7238 24142 python
11:07:57 20870 7055 24326 python
11:07:59 21140 6785 24595 python
11:08:01 20213 7713 23668 python
11:08:03 21621 6303 25077 python
11:08:05 20998 6926 24454 python
11:08:07 20109 7815 23565 python
11:08:09 21409 6515 24865 python
11:08:11 20110 7813 23567 python
11:08:13 21387 6537 24844 python
11:08:15 19681 8242 23138 python
11:08:18 21152 6772 24609 python
11:08:20 21132 6792 24589 python
11:08:22 21405 6518 24862 python
11:08:24 21493 6430 24950 python
11:08:26 20173 7749 23631 python
11:08:28 21722 6200 25180 python
11:08:30 21863 6059 25321 python
11:08:32 21440 6482 24898 python
11:08:34 21291 6631 24749 python
11:08:36 21180 6741 24640 python
11:08:38 20199 7721 23659 python
11:08:40 21517 6403 24977 python
11:08:42 21613 6307 25073 python
11:08:44 21458 6462 24918 python
11:08:46 20970 6950 24430 python
11:08:48 21095 6826 24555 python
11:08:50 20210 7710 23670 python
11:08:52 21304 6617 24764 python
11:08:54 20459 7461 23920 python
11:08:56 21311 6609 24771 python
11:08:58 20902 7018 24363 python
11:09:00 21173 6747 24634 python
11:09:02 21212 6708 24673 python
11:09:04 21522 6398 24983 python
11:09:06 21449 6471 24909 python
11:09:08 20479 7441 23940 python
11:09:10 20272 7648 23733 python
11:09:12 20480 7440 23940 python
11:09:14 21505 6415 24966 python
11:09:16 21769 6150 25230 python
11:09:18 21694 6225 25155 python
11:09:20 20486 7433 23948 python
11:09:22 20335 7584 23796 python
11:09:24 21451 6468 24912 python
11:09:27 20054 7865 23515 python
11:09:29 21561 6359 25022 python
11:09:31 21110 6809 24571 python
11:09:33 20254 7665 23716 python
11:09:35 20880 7040 24341 python
11:09:37 21601 6318 25062 python
11:09:39 20976 6943 24437 python
11:09:41 21637 6282 25099 python
11:09:43 21627 6292 25088 python
11:09:45 20235 7684 23697 python
11:09:47 20558 7361 24020 python
11:09:49 21524 6394 24986 python
11:09:51 21336 6583 24798 python
11:09:53 21396 6522 24858 python
11:09:55 21345 6574 24806 python
11:09:57 20988 6930 24450 python
11:09:59 21544 6374 25007 python
11:10:01 20879 7039 24341 python
11:10:03 21437 6446 24934 python
11:10:05 21494 6373 25008 python
11:10:07 19919 7948 23432 python
11:10:09 20475 7392 23989 python
11:10:11 20845 7021 24359 python
11:10:13 20391 7476 23905 python
11:10:15 21318 6548 24832 python
11:10:17 20503 7363 24017 python
11:10:19 21358 6508 24872 python
11:10:21 21267 6599 24781 python
11:10:23 20294 7572 23808 python
11:10:25 20199 7667 23713 python
11:10:27 20684 7182 24199 python
11:10:29 21228 6638 24742 python
11:10:31 21264 6602 24778 python
11:10:33 21545 6321 25059 python
11:10:36 21545 6321 25059 python
11:10:38 21461 6405 24976 python
11:10:40 21682 6184 25196 python
11:10:42 21772 6094 25286 python
11:10:44 20954 6912 24469 python
11:10:46 21797 6069 25312 python
11:10:48 20915 6951 24429 python
11:10:50 21463 6403 24977 python
11:10:52 21639 6227 25153 python
11:10:54 20915 6951 24429 python
11:10:56 21040 6826 24555 python
11:10:58 21118 6748 24633 python
11:11:00 21274 6591 24789 python
11:11:02 21389 6476 24904 python
11:11:04 21560 6305 25075 python
11:11:06 20994 6871 24509 python
11:11:08 20957 6908 24472 python
11:11:10 20484 7381 23999 python
11:11:12 20819 7047 24333 python
11:11:14 21241 6625 24755 python
11:11:16 20656 7209 24172 python
11:11:18 21287 6578 24803 python
11:11:20 21082 6783 24597 python
11:11:22 21049 6815 24565 python
11:11:24 21488 6376 25004 python
11:11:26 21607 6257 25123 python
11:11:28 20500 7364 24016 python
11:11:30 21239 6625 24755 python
11:11:32 21252 6613 24768 python
11:11:34 20960 6904 24476 python
11:11:36 21542 6322 25058 python
11:11:38 20955 6909 24471 python
11:11:40 21537 6328 25053 python
11:11:42 21490 6374 25006 python
11:11:44 21792 6072 25308 python
11:11:46 20109 7756 23625 python
11:11:48 26526 1339 30042 fwupd
11:11:50 26549 1315 30065 fwupd
11:11:53 26569 1295 30085 fwupd
11:11:55 26609 1256 30125 fwupd
11:11:57 26671 1193 30187 fwupd
11:11:59 26730 1134 30246 fwupd
11:12:01 26781 1084 30297 fwupd
11:12:03 26844 1020 30360 fwupd
11:12:05 26887 977 30403 fwupd
11:12:07 26881 983 30397 fwupd
11:12:09 26919 945 30435 fwupd
11:12:11 26964 900 30480 fwupd
11:12:13 26996 868 30512 fwupd
11:12:15 27031 833 30547 fwupd
11:12:17 27060 804 30576 fwupd
11:12:19 27079 785 30596 fwupd
11:12:21 27054 789 30591 fwupd
11:12:23 27048 783 30597 fwupd
11:12:25 27035 784 30596 fwupd
11:12:27 27023 785 30596 fwupd
11:12:29 26995 800 30580 fwupd
11:12:31 26980 804 30577 fwupd
11:12:33 26970 802 30579 fwupd
11:12:35 26958 801 30579 fwupd
11:12:37 26949 799 30581 fwupd
11:12:39 26934 803 30577 fwupd
11:12:41 26921 805 30576 fwupd
11:12:43 26895 818 30562 fwupd
11:12:45 26884 818 30562 fwupd
11:12:47 26865 825 30556 fwupd
11:12:49 26855 823 30557 fwupd
11:12:51 26836 830 30550 fwupd
11:12:53 26847 815 30566 fwupd
11:12:55 26850 812 30569 fwupd
11:12:57 26858 803 30577 fwupd
11:12:59 26863 798 30582 fwupd
11:13:01 26870 792 30589 fwupd
11:13:03 26874 787 30593 fwupd
11:13:05 26879 782 30598 fwupd
11:13:07 26872 790 30590 fwupd
