05:33:44 30138 854 30527 snapd
05:33:46 29958 884 30497 snapd
05:33:48 29971 912 30468 snapd
05:33:50 29988 883 30497 snapd
05:33:52 29990 880 30500 snapd
05:33:54 29862 951 30430 apt-check
05:33:56 29719 1061 30319 apt-get
05:33:58 29647 1085 30296 apt-get
05:34:00 29622 1090 30290 apt-get
05:34:02 29501 1146 30234 apt-check
05:34:04 29582 1106 30275 python3
05:34:06 29611 1052 30328 pip
05:34:08 29545 1010 30371 pip
05:34:10 29148 1026 30354 pip
05:34:12 29026 1032 30348 pip
05:34:14 28845 1001 30379 pip
05:34:16 28787 997 30383 pip
05:34:18 28779 986 30394 pip
05:34:20 27863 2057 29324 python
05:34:22 27616 2302 29079 python
05:34:25 27423 2493 28887 python
05:34:27 27275 2640 28741 python
05:34:29 27154 2760 28620 python
05:34:31 27026 2886 28494 python
05:34:33 26897 3015 28366 python
05:34:35 26727 3183 28197 python
05:34:37 26564 3345 28036 python
05:34:39 26473 3435 27946 python
05:34:41 26403 3504 27876 python
05:34:43 26263 3643 27738 python
05:34:45 26151 3754 27626 python
05:34:47 26075 3829 27551 python
05:34:49 25948 3955 27425 python
05:34:51 25757 4143 27237 python
05:34:53 25597 4303 27077 python
05:34:55 28972 925 30455 python
05:34:57 28767 1065 30316 python
05:34:59 28569 1077 30303 python
05:35:01 28380 1080 30301 python
05:35:03 28175 1089 30291 python
05:35:05 27982 1096 30284 python
05:35:07 27783 1099 30281 python
05:35:09 27579 1110 30270 python
05:35:11 27416 1111 30270 python
05:35:14 27202 1131 30250 python
05:35:16 27015 1129 30252 python
05:35:18 26822 1133 30247 python
05:35:20 26631 1135 30245 python
05:35:22 26438 1131 30250 python
05:35:24 26298 1122 30258 python
05:35:26 26115 1124 30256 python
05:35:28 25926 1125 30256 python
05:35:30 25734 1125 30255 python
05:35:32 25550 1130 30250 python
05:35:34 25355 1136 30244 python
05:35:36 25199 1130 30251 python
05:35:38 24992 1133 30247 python
05:35:40 24801 1131 30250 python
05:35:42 24612 1130 30251 python
05:35:44 24427 1135 30245 python
05:35:46 24236 1129 30252 python
05:35:48 24056 1127 30253 python
05:35:50 23866 1131 30249 python
05:35:52 23668 1145 30235 python
05:35:54 23473 1143 30237 python
05:35:56 23281 1145 30235 python
05:35:58 23090 1139 30241 python
05:36:00 22893 1142 30238 python
05:36:02 22716 1129 30251 python
05:36:04 22521 1124 30256 python
05:36:06 22329 1127 30253 python
05:36:08 22138 1129 30251 python
05:36:10 21957 1120 30260 python
05:36:12 21782 1126 30254 python
05:36:14 21575 1125 30256 python
05:36:16 21384 1129 30251 python
05:36:18 21172 1135 30246 python
05:36:20 20980 1127 30253 python
05:36:22 20799 1127 30253 python
05:36:24 20601 1140 30241 python
05:36:26 20414 1129 30252 python
05:36:28 20251 1125 30255 python
05:36:30 20051 1127 30254 python
05:36:32 19846 1126 30254 python
05:36:34 19648 1127 30254 python
05:36:36 19459 1127 30253 python
05:36:38 19257 1132 30248 python
05:36:40 19062 1129 30251 python
05:36:42 18865 1130 30250 python
05:36:44 18681 1133 30248 python
05:36:46 18511 1131 30249 python
05:36:48 18326 1133 30247 python
05:36:50 18136 1134 30246 python
05:36:52 17920 1148 30232 python
05:36:54 17723 1149 30231 python
05:36:56 17553 1158 30222 python
05:36:58 17366 1159 30221 python
05:37:00 17183 1150 30231 python
05:37:02 17004 1140 30240 python
05:37:04 16812 1143 30237 python
05:37:07 16621 1143 30237 python
05:37:09 16426 1143 30238 python
05:37:11 16234 1137 30243 python
05:37:13 16041 1149 30232 python
05:37:15 15861 1139 30241 python
05:37:17 15688 1150 30230 python
05:37:19 15493 1151 30229 python
05:37:21 15301 1149 30231 python
05:37:23 15120 1151 30229 python
05:37:25 14946 1148 30232 python
05:37:27 14754 1145 30235 python
05:37:29 14559 1151 30229 python
05:37:31 14365 1148 30232 python
05:37:33 14276 1155 30225 python
05:37:35 14274 1157 30224 python
05:37:37 14273 1158 30223 python
05:37:39 14274 1157 30223 python
05:37:41 14274 1157 30224 python
05:37:43 14225 1206 30174 python
05:37:45 11359 4071 27309 python
05:37:47 7343 8087 23293 python
05:37:49 1747 13683 17697 python
05:37:51 215 15738 15643 python
05:37:53 1991 16595 14786 python
05:37:55 1521 17461 13919 python
05:37:57 3246 15736 15645 python
05:37:59 1829 17153 14228 python
05:38:01 268 18714 12666 python
05:38:03 2786 18601 12779 python
05:38:05 297 21300 10081 python
05:38:07 4071 21852 9529 python
05:38:09 3871 22052 9329 python
05:38:11 7295 18627 12753 python
05:38:13 7328 18594 12786 python
05:38:15 7379 18544 12837 python
05:38:17 7419 18504 12877 python
05:38:19 7471 18451 12929 python
05:38:21 7512 18410 12970 python
05:38:23 7548 18374 13006 python
05:38:25 7583 18339 13041 python
05:38:27 7095 18827 12553 python
05:38:29 11444 14478 16903 python
05:38:31 11376 14546 16834 python
05:38:33 12714 13208 18172 python
05:38:35 10837 15084 16296 python
05:38:37 9201 16721 14659 python
05:38:39 8709 17213 14167 python
05:38:42 8342 17580 13800 python
05:38:44 8079 17843 13538 python
05:38:46 7365 18557 12823 python
05:38:48 6859 19063 12317 python
05:38:50 6509 19413 11967 python
05:38:52 10122 15800 15580 python
05:38:54 8789 17133 14248 python
05:38:56 8563 17359 14021 python
05:38:58 8889 17033 14348 python
05:39:00 8117 17805 13575 python
05:39:02 7343 18579 12801 python
05:39:04 13344 12577 18803 python
05:39:06 15173 10745 20635 python
05:39:08 13714 12006 19374 python
05:39:10 13268 11639 19741 python
05:39:12 10276 14361 17019 python
05:39:14 7708 16929 14451 python
05:39:16 8527 15103 16277 python
05:39:18 4815 18231 13149 python
05:39:20 5354 17261 14119 python
05:39:22 3349 18968 12412 python
05:39:24 7079 15238 16142 python
05:39:26 6097 16220 15160 python
05:39:28 6528 15789 15591 python
05:39:30 7119 15198 16183 python
05:39:32 6874 15300 16080 python
05:39:34 6420 15755 15625 python
05:39:36 6521 15654 15727 python
05:39:38 6215 15960 15421 python
05:39:40 5892 16283 15098 python
05:39:42 5308 16866 14515 python
05:39:44 9223 12950 18430 python
05:39:46 12040 9528 21852 python
05:39:48 6889 14165 17215 python
05:39:50 5478 15519 15861 python
05:39:53 4464 16533 14847 python
05:39:55 4843 16155 15226 python
05:39:57 2580 18417 12963 python
05:39:59 4926 16072 15308 python
05:40:01 2864 18134 13246 python
05:40:03 3351 17646 13734 python
05:40:05 5102 15895 15485 python
05:40:07 4252 16746 14635 python
05:40:09 5108 15117 16264 python
05:40:11 3816 16409 14971 python
05:40:13 3895 17677 13703 python
05:40:15 8753 14261 17119 python
05:40:17 9723 13291 18090 python
05:40:19 8963 14051 17329 python
05:40:21 7187 15827 15553 python
05:40:23 6701 16313 15067 python
05:40:25 6167 16847 14534 python
05:40:27 5029 17985 13396 python
05:40:29 8803 14211 17169 python
05:40:31 10847 11908 19472 python
05:40:33 13656 8794 22586 python
05:40:35 10407 12044 19337 python
05:40:37 10776 10870 20510 python
05:40:39 8778 12869 18512 python
05:40:41 12393 9201 22179 python
05:40:43 9086 12232 19148 python
05:40:45 10824 10489 20891 python
05:40:47 9088 12225 19155 python
05:40:49 9663 11651 19730 python
05:40:51 9412 11901 19479 python
05:40:53 9283 12031 19349 python
05:40:55 9204 12109 19271 python
05:40:57 9133 12180 19200 python
05:40:59 6645 14668 16712 python
05:41:01 9008 12306 19075 python
05:41:03 8755 12559 18822 python
05:41:05 12817 8258 23123 python
05:41:07 10338 10408 20973 python
05:41:09 8387 12358 19022 python
05:41:11 9828 10917 20463 python
05:41:13 8541 12204 19176 python
05:41:15 7259 13486 17894 python
05:41:17 6435 14310 17070 python
05:41:19 5868 14878 16503 python
05:41:21 8151 12594 18786 python
05:41:24 7424 13321 18059 python
05:41:26 9608 11137 20243 python
05:41:28 10313 9520 21860 python
05:41:30 6915 12706 18675 python
05:41:32 6426 13195 18185 python
05:41:34 4926 14695 16686 python
05:41:36 4757 15725 15655 python
05:41:38 7388 13882 17498 python
05:41:40 7189 14082 17298 python
05:41:42 4700 16570 14810 python
05:41:44 5243 16028 15352 python
05:41:46 4700 16571 14809 python
05:41:48 4572 17029 14351 python
05:41:50 5862 16344 15036 python
05:41:52 6415 15791 15589 python
05:41:54 6420 15786 15595 python
05:41:56 9833 12372 19008 python
05:41:58 12202 9673 21707 python
05:42:00 9573 11941 19439 python
05:42:02 8835 12680 18701 python
05:42:04 5749 15765 15615 python
05:42:06 7829 13685 17695 python
05:42:08 7298 14216 17164 python
05:42:10 6845 14669 16711 python
05:42:12 6334 15180 16200 python
05:42:14 6350 15165 16216 python
05:42:16 7605 13909 17471 python
05:42:18 7351 14163 17217 python
05:42:20 7929 13586 17795 python
05:42:22 6812 14703 16678 python
05:42:24 10220 10432 20948 python
05:42:26 6708 13700 17680 python
05:42:28 6014 14394 16987 python
05:42:30 5696 14699 16681 python
05:42:32 5926 14470 16910 python
05:42:34 6016 14379 17001 python
05:42:36 5142 15253 16127 python
05:42:38 1162 20400 10981 python
05:42:40 3055 18519 12861 python
05:42:42 2788 18786 12594 python
05:42:44 1763 19812 11569 python
05:42:46 3707 17867 13513 python
05:42:48 5700 15874 15506 python
05:42:50 4213 17361 14019 python
05:42:52 5115 16459 14921 python
05:42:54 6403 15171 16210 python
05:42:56 9151 12073 19307 python
05:42:58 6901 14147 17234 python
05:43:00 4780 16267 15113 python
05:43:03 6705 14343 17038 python
05:43:05 12604 8082 23299 python
05:43:07 10943 9539 21841 python
05:43:09 8216 12266 19115 python
05:43:11 10088 10394 20987 python
05:43:13 10836 9646 21735 python
05:43:15 9451 11031 20350 python
05:43:17 9056 11426 19955 python
05:43:19 10014 10468 20913 python
05:43:21 8479 12003 19377 python
05:43:23 7361 13121 18259 python
05:43:25 7136 13346 18035 python
05:43:27 9754 10728 20652 python
05:43:29 9249 10873 20507 python
05:43:31 7266 12856 18524 python
05:43:33 6695 13427 17953 python
05:43:35 9146 10958 20423 python
05:43:37 8302 11478 19902 python
05:43:39 9545 10222 21158 python
05:43:41 8342 11417 19963 python
05:43:43 7300 12460 18921 python
05:43:45 8251 11508 19872 python
05:43:47 8239 11319 20062 python
05:43:49 7316 12242 19139 python
05:43:51 7220 12337 19043 python
05:43:53 8399 11159 20222 python
05:43:55 10197 9205 22176 python
05:43:57 8397 10996 20384 python
05:43:59 8602 10791 20589 python
05:44:01 7875 11445 19936 python
05:44:03 7823 11497 19883 python
05:44:05 6904 12415 18965 python
05:44:07 8292 11027 20353 python
05:44:09 10668 8596 22784 python
05:44:11 9475 9659 21721 python
05:44:13 8397 10737 20643 python
05:44:15 10949 8076 23305 python
05:44:17 10128 8864 22516 python
05:44:19 8004 10988 20393 python
05:44:21 7769 11223 20157 python
05:44:24 10243 8713 22668 python
05:44:26 10921 7752 23628 python
05:44:28 8599 10033 21348 python
05:44:30 7701 10931 20450 python
05:44:32 8756 9845 21536 python
05:44:34 6562 12036 19345 python
05:44:36 6513 12085 19296 python
05:44:38 6561 12008 19373 python
05:44:40 8760 9675 21705 python
05:44:42 9136 9290 22091 python
05:44:44 9608 8646 22734 python
05:44:46 7086 11168 20212 python
05:44:48 10417 7816 23565 python
05:44:50 8517 9677 21703 python
05:44:52 8467 9721 21659 python
05:44:54 9813 8286 23094 python
05:44:56 7701 10398 20983 python
05:44:58 9412 8677 22703 python
05:45:00 8997 8982 22398 python
05:45:02 6477 11502 19879 python
05:45:04 8598 9337 22044 python
05:45:06 7504 10333 21047 python
05:45:08 3838 13999 17381 python
05:45:10 4624 13213 18167 python
05:45:12 7753 10019 21361 python
05:45:14 6038 11650 19730 python
05:45:16 4657 13032 18349 python
05:45:18 7759 9800 21580 python
05:45:20 4950 12594 18787 python
05:45:22 5393 12151 19229 python
05:45:24 6086 11424 19956 python
05:45:26 8543 8911 22469 python
05:45:28 5597 11753 19627 python
05:45:30 6628 10678 20702 python
05:45:32 5326 11981 19400 python
05:45:34 5284 12022 19358 python
05:45:36 8383 8826 22554 python
05:45:38 7192 9961 21419 python
05:45:40 7228 9925 21455 python
05:45:42 5177 11976 19404 python
05:45:45 8322 8780 22600 python
05:45:47 8065 8996 22384 python
05:45:49 6469 10550 20831 python
05:45:51 7142 9862 21518 python
05:45:53 7043 9945 21436 python
05:45:55 8862 8097 23283 python
05:45:57 6369 10569 20811 python
05:45:59 5806 11130 20250 python
05:46:01 7880 9056 22325 python
05:46:03 8385 8530 22851 python
05:46:05 7745 9169 22211 python
05:46:07 6502 10412 20968 python
05:46:09 7948 8960 22420 python
05:46:11 7886 9016 22364 python
05:46:13 6106 10794 20587 python
05:46:15 8252 8640 22741 python
05:46:17 8890 7988 23393 python
05:46:19 6781 10096 21284 python
05:46:21 8374 8491 22889 python
05:46:23 8378 8467 22913 python
05:46:25 4303 12541 18839 python
05:46:27 4405 12439 18941 python
05:46:29 5817 11009 20371 python
05:46:31 5034 11758 19622 python
05:46:33 4065 12715 18665 python
05:46:35 7319 9440 21940 python
05:46:37 5606 11121 20259 python
05:46:39 1874 14842 16539 python
05:46:41 6253 10399 20981 python
05:46:43 4590 12025 19355 python
05:46:45 1154 15474 15906 python
05:46:47 2828 14507 16873 python
05:46:49 3517 13816 17564 python
05:46:51 11774 5513 25867 python
05:46:53 28260 1742 29639 snapd
05:46:55 30045 1500 29880 python
05:46:57 29994 1442 29938 python
05:46:59 29837 1563 29817 python
05:47:01 30449 1106 30274 python
05:47:04 30291 1171 30209 python
05:47:06 30170 1243 30137 python
05:47:08 30124 1259 30121 python
05:47:10 30555 989 30391 python
05:47:12 30423 1013 30368 python
05:47:14 30260 1147 30233 python
05:47:16 30771 812 30568 snapd
05:47:18 30581 940 30440 python
05:47:20 30445 981 30399 python
05:47:22 30291 1095 30285 python
05:47:24 29430 1614 29766 python
05:47:26 30654 885 30495 python
05:47:28 30476 954 30427 python
05:47:30 30316 1080 30300 python
05:47:32 30704 846 30534 python
05:47:34 30535 920 30461 python
05:47:36 30384 1028 30353 python
05:47:38 30314 1068 30312 python
05:47:40 30689 851 30529 python
05:47:42 30524 908 30472 python
05:47:44 30355 1044 30336 python
05:47:46 30817 759 30621 snapd
05:47:48 30626 876 30505 python
05:47:50 30480 942 30438 python
05:47:52 30330 1052 30328 python
05:47:54 30774 787 30593 python
05:47:56 30606 869 30511 python
05:47:58 30448 968 30412 python
05:48:00 30343 1039 30341 python
05:48:02 29115 1925 29455 python
05:48:04 30531 1016 30364 python
05:48:06 30390 1056 30324 python
05:48:08 30248 1160 30220 python
05:48:10 29574 1609 29771 python
05:48:12 27726 3249 28131 python
05:48:14 30372 1171 30209 python
05:48:16 30224 1209 30171 python
05:48:18 30177 1223 30157 python
05:48:20 29383 1747 29633 python
05:48:22 30455 1088 30292 python
05:48:24 30326 1108 30272 python
05:48:26 30163 1239 30141 python
05:48:29 28931 2187 29194 python
05:48:31 30501 1055 30325 python
05:48:33 30329 1138 30242 python
05:48:35 30247 1167 30213 python
05:48:37 30159 1224 30157 python
05:48:39 30622 947 30433 python
05:48:41 30418 1056 30324 python
05:48:43 30250 1164 30216 python
05:48:45 28893 2200 29180 python
05:48:47 30436 1140 30241 snapd
05:48:49 30275 1226 30154 python
05:48:51 30131 1290 30090 python
05:48:53 30020 1363 30017 python
05:48:55 29031 2284 29096 python
05:48:57 30233 1309 30071 python
05:48:59 30076 1357 30023 python
05:49:01 29920 1480 29900 python
05:49:03 29636 1506 29875 python
05:49:05 30460 1090 30290 python
05:49:07 30287 1159 30222 python
05:49:09 30154 1254 30126 python
05:49:11 28354 2737 28643 python
05:49:13 30697 871 30509 python
05:49:15 30509 969 30411 python
05:49:17 30355 1061 30319 python
05:49:19 30241 1141 30239 python
05:49:21 30716 849 30531 python
05:49:23 30531 948 30433 python
05:49:25 30397 1019 30361 python
05:49:27 30308 1074 30306 python
05:49:29 28565 2525 28855 python
05:49:31 30614 941 30439 python
05:49:33 30443 1019 30361 python
05:49:35 30278 1134 30246 python
05:49:37 30647 926 30454 python
05:49:39 30462 1033 30347 python
05:49:41 30335 1084 30296 python
05:49:43 30201 1181 30199 python
05:49:45 29319 1466 29914 python
05:49:47 30729 848 30532 snapd
05:49:49 30535 966 30415 python
05:49:51 30382 1039 30341 python
05:49:54 30240 1140 30240 python
05:49:56 29161 1497 29883 python
05:49:58 30672 903 30477 snapd
05:50:00 30492 1008 30373 python
05:50:02 30344 1076 30304 python
05:50:04 30201 1179 30201 python
05:50:06 29464 1393 29988 python
05:50:08 28928 1389 29991 python
05:50:10 30821 757 30624 snapd
05:50:12 30623 880 30500 python
05:50:14 30474 948 30432 python
05:50:16 30326 1056 30324 python
05:50:18 30327 821 30559 snapd
05:50:20 30666 870 30511 python
05:50:22 30500 930 30451 python
05:50:24 30338 1059 30321 python
05:50:26 30831 746 30634 snapd
05:50:28 30630 872 30508 python
05:50:30 30483 938 30442 python
05:50:32 30342 1040 30340 python
05:50:34 30788 775 30605 python
05:50:36 30624 855 30526 python
05:50:38 30476 941 30439 python
05:50:40 30366 1017 30364 python
05:50:42 30769 778 30602 python
05:50:44 30585 860 30520 python
05:50:46 30415 994 30387 python
05:50:48 30673 899 30481 python
05:50:50 30498 1000 30380 python
05:50:52 30351 1070 30310 python
05:50:54 30236 1146 30234 python
05:50:56 28980 1831 29549 python
05:50:58 28244 2336 29045 python
05:51:00 27447 3133 28247 python
05:51:02 30659 893 30487 python
05:51:04 30494 967 30414 python
05:51:06 30354 1059 30322 python
05:51:08 30292 1089 30291 python
05:51:10 30690 854 30526 python
05:51:12 30519 916 30465 python
05:51:14 30345 1061 30319 python
05:51:16 29088 1933 29447 python
05:51:18 30539 1031 30349 python
05:51:21 30361 1132 30248 python
05:51:23 30221 1198 30182 python
05:51:25 30120 1262 30118 python
05:51:27 27889 3116 28264 python
05:51:29 30278 1262 30118 python
05:51:31 30118 1313 30067 python
05:51:33 29969 1429 29951 python
05:51:35 28226 2825 28555 python
05:51:37 30155 1379 30001 python
05:51:39 30007 1421 29959 python
05:51:41 29849 1539 29841 python
05:51:43 30613 966 30414 snapd
05:51:45 30450 1066 30314 python
05:51:47 30314 1110 30270 python
05:51:49 30153 1229 30151 python
05:51:51 29100 2032 29348 python
05:51:53 30541 1009 30371 python
05:51:55 30369 1079 30301 python
05:51:57 30223 1187 30193 python
05:51:59 29467 1684 29697 python
05:52:01 30677 881 30499 python
05:52:03 30498 971 30409 python
05:52:05 30376 1039 30342 python
05:52:07 30285 1097 30283 python
05:52:09 30624 928 30453 python
05:52:11 30448 1009 30372 python
05:52:13 30296 1115 30265 python
05:52:15 30230 1148 30233 python
05:52:17 30553 994 30387 python
05:52:19 30378 1064 30316 python
05:52:21 30221 1188 30193 python
05:52:23 30098 1244 30136 python
05:52:25 30625 916 30464 python
05:52:27 30463 969 30411 python
05:52:29 30305 1094 30286 python
05:52:31 29973 1338 30042 python
05:52:33 30603 939 30441 python
05:52:35 30428 1006 30375 python
05:52:37 30289 1111 30269 python
05:52:39 30428 894 30487 snapd
05:52:41 30577 953 30427 python
05:52:43 30417 1012 30368 python
05:52:45 30264 1129 30251 python
05:52:48 30805 773 30608 snapd
05:52:50 30615 894 30486 python
05:52:52 30450 972 30408 python
05:52:54 30290 1092 30288 python
05:52:56 30736 839 30541 snapd
05:52:58 30556 943 30437 python
05:53:00 30409 1012 30369 python
05:53:02 30297 1085 30295 python
05:53:04 28779 2095 29285 python
05:53:06 27070 3297 28084 python
05:53:08 27167 2622 28758 python
05:53:10 26458 2887 28493 python
05:53:12 26012 3000 28380 python
05:53:14 25716 2943 28438 python
05:53:16 25198 3356 28024 python
05:53:18 24390 4054 27326 python
05:53:20 23609 4835 26545 python
05:53:22 24558 3886 27494 python
05:53:24 24006 4437 26943 python
05:53:26 24434 3976 27404 python
05:53:28 24544 3867 27513 python
05:53:30 23222 5187 26193 python
05:53:32 23979 4217 27163 python
05:53:34 23337 4655 26725 python
05:53:36 23702 4290 27091 python
05:53:38 22959 5033 26348 python
05:53:40 22935 5057 26324 python
05:53:42 22778 5203 26177 python
05:53:44 22322 5658 25723 python
05:53:46 22241 5739 25642 python
05:53:48 22431 5549 25831 python
05:53:50 23323 4655 26725 python
05:53:52 22240 5739 25641 python
05:53:54 22003 5975 25405 python
05:53:56 22638 5340 26040 python
05:53:58 23168 4810 26570 python
05:54:00 22769 5209 26171 python
05:54:02 22630 5349 26032 python
05:54:05 22926 5053 26327 python
05:54:07 23029 4949 26431 python
05:54:09 22503 5474 25906 python
05:54:11 22361 5616 25765 python
05:54:13 21701 6276 25104 python
05:54:15 22273 5702 25678 python
05:54:17 21705 6270 25110 python
05:54:19 20881 7095 24285 python
05:54:21 21884 6092 25288 python
05:54:23 22755 5219 26161 python
05:54:25 22498 5476 25904 python
05:54:27 23117 4856 26524 python
05:54:29 22375 5599 25781 python
05:54:31 21731 6243 25137 python
05:54:33 22605 5369 26011 python
05:54:35 23049 4925 26456 python
05:54:37 21818 6156 25224 python
05:54:39 21726 6248 25132 python
05:54:41 23087 4886 26494 python
05:54:43 21605 6367 25013 python
05:54:45 22617 5355 26026 python
05:54:47 22034 5938 25442 python
05:54:49 21476 6496 24884 python
05:54:51 22801 5171 26209 python
05:54:53 22045 5926 25454 python
05:54:55 21189 6782 24599 python
05:54:57 22321 5650 25731 python
05:54:59 22648 5323 26058 python
05:55:01 21439 6532 24848 python
05:55:03 21653 6317 25064 python
05:55:05 22849 5121 26260 python
05:55:07 23032 4936 26444 python
05:55:09 22783 5185 26195 python
05:55:11 21612 6356 25024 python
05:55:13 22721 5247 26133 python
05:55:16 22345 5624 25757 python
05:55:18 22579 5389 25991 python
05:55:20 21863 6104 25276 python
05:55:22 22611 5356 26024 python
05:55:24 22313 5653 25727 python
05:55:26 22847 5119 26261 python
05:55:28 22095 5871 25509 python
05:55:30 22729 5237 26143 python
05:55:32 21539 6427 24953 python
05:55:34 21522 6444 24936 python
05:55:36 22492 5473 25907 python
05:55:38 21492 6474 24907 python
05:55:40 22507 5458 25923 python
05:55:42 22847 5118 26262 python
05:55:44 21541 6424 24956 python
05:55:46 21375 6590 24790 python
05:55:48 22354 5611 25769 python
05:55:50 22699 5267 26114 python
05:55:52 21473 6493 24888 python
05:55:54 22070 5895 25486 python
05:55:56 22123 5842 25538 python
05:55:58 21931 6033 25348 python
05:56:00 22465 5499 25881 python
05:56:02 22653 5311 26069 python
05:56:04 22391 5572 25808 python
05:56:06 21331 6632 24748 python
05:56:08 22318 5644 25736 python
05:56:10 22393 5569 25811 python
05:56:12 22699 5264 26117 python
05:56:14 22464 5497 25883 python
05:56:16 21253 6708 24673 python
05:56:19 22093 5867 25513 python
05:56:21 21732 6229 25151 python
05:56:23 20057 7904 23476 python
05:56:25 22412 5549 25831 python
05:56:27 21113 6847 24533 python
05:56:29 21905 6054 25326 python
05:56:31 21696 6263 25118 python
05:56:33 21652 6307 25073 python
05:56:35 22055 5903 25477 python
05:56:37 21356 6602 24778 python
05:56:39 21903 6055 25325 python
05:56:41 22412 5545 25835 python
05:56:43 21752 6205 25175 python
05:56:45 21664 6294 25086 python
05:56:47 22111 5847 25533 python
05:56:49 21763 6195 25185 python
05:56:51 21579 6378 25002 python
05:56:53 21178 6777 24603 python
05:56:55 20809 7147 24233 python
05:56:57 22286 5670 25710 python
05:56:59 21817 6138 25242 python
05:57:01 21089 6867 24513 python
05:57:03 22200 5756 25625 python
05:57:05 22097 5859 25522 python
05:57:07 21276 6678 24702 python
05:57:09 21764 6190 25190 python
05:57:11 21293 6661 24719 python
05:57:13 22012 5942 25438 python
05:57:15 21449 6505 24876 python
05:57:17 22097 5857 25524 python
05:57:19 22132 5822 25558 python
05:57:21 21754 6199 25181 python
05:57:23 21953 6001 25379 python
05:57:25 22365 5589 25791 python
05:57:27 21728 6226 25155 python
05:57:30 22396 5557 25823 python
05:57:32 22160 5793 25587 python
05:57:34 22476 5478 25903 python
05:57:36 22023 5931 25450 python
05:57:38 20860 7094 24287 python
05:57:40 21481 6472 24908 python
05:57:42 22099 5855 25526 python
05:57:44 22227 5726 25654 python
05:57:46 22186 5766 25614 python
05:57:48 22417 5535 25845 python
05:57:50 22175 5777 25603 python
05:57:52 22431 5520 25860 python
05:57:54 22305 5646 25734 python
05:57:56 21509 6442 24938 python
05:57:58 21682 6269 25112 python
05:58:00 19898 8053 23328 python
05:58:02 22126 5825 25556 python
05:58:04 22031 5919 25461 python
05:58:06 20931 7020 24361 python
05:58:08 20894 7057 24324 python
05:58:10 21207 6743 24637 python
05:58:12 22072 5879 25502 python
05:58:14 21517 6433 24947 python
05:58:16 21591 6359 25021 python
05:58:18 21032 6918 24462 python
05:58:20 22177 5773 25607 python
05:58:22 21441 6509 24871 python
05:58:24 21682 6268 25112 python
05:58:26 22032 5918 25462 python
05:58:28 22016 5934 25446 python
05:58:30 21821 6128 25252 python
05:58:32 21890 6059 25321 python
05:58:34 21745 6204 25176 python
05:58:36 21141 6808 24572 python
05:58:38 20923 7026 24354 python
05:58:41 22346 5602 25778 python
05:58:43 21608 6340 25041 python
05:58:45 20693 7255 24125 python
05:58:47 21979 5969 25412 python
05:58:49 22098 5850 25531 python
05:58:51 21907 6040 25340 python
05:58:53 20697 7251 24130 python
05:58:55 21879 6069 25311 python
05:58:57 21042 6905 24475 python
05:58:59 20462 7485 23896 python
05:59:01 21676 6271 25110 python
05:59:03 21816 6130 25250 python
05:59:05 21964 5982 25399 python
05:59:07 22233 5713 25667 python
05:59:09 21142 6804 24577 python
05:59:11 20973 6973 24407 python
05:59:13 20620 7326 24054 python
05:59:15 21123 6823 24557 python
05:59:17 21074 6872 24508 python
05:59:19 22136 5809 25571 python
05:59:21 22047 5898 25482 python
05:59:23 22041 5905 25475 python
05:59:25 22059 5886 25494 python
05:59:27 22173 5773 25607 python
05:59:29 21882 6064 25317 python
05:59:31 21492 6453 24927 python
05:59:33 21601 6345 25035 python
05:59:35 20496 7448 23932 python
05:59:37 21235 6710 24671 python
05:59:39 21897 6048 25332 python
05:59:41 19937 8006 23374 python
05:59:43 20854 7089 24291 python
05:59:45 21364 6579 24801 python
05:59:47 21809 6134 25246 python
05:59:49 21283 6660 24720 python
05:59:51 21996 5946 25434 python
05:59:54 21642 6300 25080 python
05:59:56 21966 5976 25405 python
05:59:58 22081 5861 25519 python
06:00:00 21082 6860 24520 python
06:00:02 21393 6549 24831 python
06:00:04 22009 5932 25449 python
06:00:06 22117 5823 25557 python
06:00:08 20983 6958 24423 python
06:00:10 21368 6573 24807 python
06:00:12 21678 6262 25118 python
06:00:14 21445 6495 24885 python
06:00:16 22145 5795 25585 python
06:00:18 20812 7128 24252 python
06:00:20 21893 6047 25333 python
06:00:22 21830 6110 25271 python
06:00:24 20506 7434 23947 python
06:00:26 21511 6429 24952 python
06:00:28 21905 6035 25345 python
06:00:30 22253 5687 25693 python
06:00:32 22154 5785 25596 python
06:00:34 21398 6540 24840 python
06:00:36 21931 6008 25372 python
06:00:38 22078 5861 25520 python
06:00:40 21028 6911 24470 python
06:00:42 22133 5806 25575 python
06:00:44 21168 6771 24609 python
06:00:46 21461 6477 24903 python
06:00:48 20990 6949 24431 python
06:00:50 20808 7131 24249 python
06:00:52 22024 5914 25466 python
06:00:54 21669 6269 25111 python
06:00:56 21857 6081 25299 python
06:00:58 20856 7082 24299 python
06:01:01 21721 6217 25163 python
06:01:03 21446 6492 24888 python
06:01:05 21936 6002 25378 python
06:01:07 21037 6901 24480 python
06:01:09 20933 7005 24375 python
06:01:11 21259 6679 24702 python
06:01:13 21256 6682 24699 python
06:01:15 20795 7143 24237 python
06:01:17 22014 5923 25457 python
06:01:19 22243 5695 25685 python
06:01:21 22094 5844 25537 python
06:01:23 20801 7136 24244 python
06:01:25 20628 7309 24071 python
06:01:27 21139 6799 24582 python
06:01:29 20726 7212 24168 python
06:01:31 21080 6858 24523 python
06:01:33 21236 6702 24679 python
06:01:35 20853 7084 24296 python
06:01:37 22158 5779 25601 python
06:01:39 21440 6498 24882 python
06:01:41 20936 7002 24378 python
06:01:43 21970 5967 25413 python
06:01:45 21189 6748 24632 python
06:01:47 21371 6566 24814 python
06:01:49 22015 5922 25458 python
06:01:51 21668 6217 25164 python
06:01:53 21167 6705 24676 python
06:01:55 21533 6338 25042 python
06:01:58 21449 6421 24959 python
06:02:00 21589 6281 25099 python
06:02:02 20470 7400 23981 python
06:02:04 21598 6272 25108 python
06:02:06 21266 6604 24777 python
06:02:08 19721 8149 23232 python
06:02:10 21906 5964 25416 python
06:02:12 21529 6340 25040 python
06:02:14 20490 7379 24002 python
06:02:16 22131 5738 25643 python
06:02:18 21752 6116 25264 python
06:02:20 21335 6533 24847 python
06:02:22 21844 6024 25356 python
06:02:24 20945 6923 24457 python
06:02:26 21952 5915 25466 python
06:02:28 21436 6431 24950 python
06:02:30 21776 6091 25290 python
06:02:32 21268 6599 24781 python
06:02:34 20278 7589 23791 python
06:02:36 20888 6978 24403 python
06:02:38 21505 6361 25020 python
06:02:40 21061 6804 24576 python
06:02:42 21459 6406 24974 python
06:02:44 21776 6089 25291 python
06:02:46 21887 5977 25403 python
06:02:48 21835 6029 25351 python
06:02:51 21276 6588 24792 python
06:02:53 21556 6308 25073 python
06:02:55 21196 6668 24712 python
06:02:57 21919 5945 25435 python
06:02:59 20432 7432 23948 python
06:03:01 21141 6723 24657 python
06:03:03 21421 6443 24937 python
06:03:05 22010 5854 25526 python
06:03:07 26747 1117 30264 unattended-upgr
06:03:09 26747 1117 30263 unattended-upgr
06:03:11 26744 1120 30261 unattended-upgr
06:03:13 26753 1111 30269 unattended-upgr
06:03:15 26769 1094 30287 unattended-upgr
06:03:17 26465 1088 30292 unattended-upgr
06:03:19 26258 1197 30184 unattended-upgr
06:03:21 25856 1357 30023 unattended-upgr
06:03:23 25717 1390 29990 unattended-upgr
06:03:25 25658 1391 29989 unattended-upgr
06:03:27 25520 1463 29917 unattended-upgr
06:03:29 25461 1515 29865 unattended-upgr
06:03:31 25435 1521 29860 unattended-upgr
06:03:33 25423 1501 29879 unattended-upgr
06:03:35 25422 1409 29972 unattended-upgr
06:03:37 25637 1236 30144 unattended-upgr
06:03:39 25430 1343 30037 unattended-upgr
06:03:41 25402 1365 30015 unattended-upgr
06:03:43 25463 1293 30088 unattended-upgr
06:03:45 25468 1225 30155 unattended-upgr
06:03:47 25516 1226 30155 unattended-upgr
06:03:49 25539 1186 30194 unattended-upgr
06:03:51 25536 1191 30189 unattended-upgr
06:03:53 25405 1256 30125 unattended-upgr
06:03:55 25477 1235 30146 unattended-upgr
06:03:57 25444 1268 30112 unattended-upgr
06:03:59 25451 1248 30132 unattended-upgr
