09:07:42 12141 19239 4789 python
09:07:44 12876 18504 4789 python
09:07:46 12880 18500 4789 python
09:07:48 12906 18474 4789 python
09:07:50 13009 18372 4789 python
09:07:52 13610 17771 5363 python
09:07:54 9306 22074 3299 python
09:07:56 9445 21935 3837 python
09:07:58 11913 19467 4190 python
09:08:00 11949 19431 4689 python
09:08:02 17211 14169 9118 python
09:08:04 13917 17463 5367 python
09:08:06 14848 16532 6265 python
09:08:08 15854 15527 7224 python
09:08:10 16518 14862 7363 python
09:08:12 19186 12194 9966 python
09:08:14 17040 14340 7945 python
09:08:16 17063 14318 7945 python
09:08:18 17073 14308 7945 python
09:08:20 17079 14301 7945 python
09:08:22 17235 14145 8130 python
09:08:24 14432 16948 5676 python
09:08:26 13470 17910 4812 python
09:08:28 14259 17121 5551 python
09:08:30 15580 15800 6543 python
09:08:32 14363 17017 7153 python
09:08:34 15368 16012 8010 python
09:08:36 16515 14865 9172 python
09:08:38 12809 18571 5937 python
09:08:40 13723 17657 6027 python
09:08:42 15341 16040 6146 python
09:08:44 14250 17130 6191 python
09:08:46 14597 16784 6585 python
09:08:48 14269 17111 6423 python
09:08:50 13379 18001 5371 python
09:08:52 10844 20536 4090 python
09:08:54 10226 21155 4181 python
09:08:56 11199 20182 4786 python
09:08:58 11457 19923 4966 python
09:09:00 13481 17899 4730 python
09:09:03 11762 19618 4805 python
09:09:05 11845 19536 4881 python
09:09:07 12178 19202 5012 python
09:09:09 12638 18742 5476 python
09:09:11 10325 21055 3602 python
09:09:13 9803 21577 3463 python
09:09:15 12904 18476 5321 python
09:09:17 12336 19044 4624 python
09:09:19 12985 18396 5207 python
09:09:21 13646 17735 5790 python
09:09:23 14439 16941 6373 python
09:09:25 17117 14263 6954 python
09:09:27 12393 18988 7518 python
09:09:29 14593 16787 7677 python
09:09:31 16599 14781 7679 python
09:09:33 15331 16049 7699 python
09:09:35 15456 15924 7718 python
09:09:37 15541 15840 7738 python
09:09:39 16100 15281 7757 python
09:09:41 17094 14286 8432 python
09:09:43 16516 14864 7969 python
09:09:45 16597 14783 7988 python
09:09:47 16707 14674 8149 python
09:09:49 16829 14552 8182 python
09:09:51 17805 13575 8847 python
09:09:53 17859 13522 8888 python
09:09:55 18536 12844 9568 python
09:09:57 18867 12513 9837 python
09:09:59 11157 20224 5428 python
09:10:01 11531 19849 4264 python
09:10:03 8775 22605 2835 python
09:10:05 9175 22205 3251 python
09:10:07 12654 18726 4851 python
09:10:09 11612 19769 4245 python
09:10:11 13164 18216 5040 python
09:10:13 15841 15540 7217 python
09:10:15 14332 17048 5463 python
09:10:17 13390 17990 5336 python
09:10:19 13408 17973 5336 python
09:10:21 13322 18059 5336 python
09:10:23 13956 17424 5336 python
09:10:25 17752 13629 8483 python
09:10:27 14327 17053 5857 python
09:10:29 15125 16255 6537 python
09:10:31 17214 14166 7163 python
09:10:33 17840 13541 7785 python
09:10:35 18540 12840 8398 python
09:10:37 19034 12346 9020 python
09:10:39 19674 11706 9647 python
09:10:41 21254 10126 10272 python
09:10:43 22837 8544 10861 python
09:10:45 23745 7635 11481 python
09:10:47 24408 6973 12107 python
09:10:50 24238 7142 11834 python
09:10:52 24050 7330 11840 python
09:10:54 24125 7255 11895 python
09:10:56 25722 5658 11950 python
09:10:58 19157 12223 12000 python
09:11:00 16713 14668 12052 python
09:11:02 19295 12086 12107 python
09:11:04 21076 10304 12163 python
09:11:06 20444 10936 12218 python
09:11:08 21011 10369 12273 python
09:11:10 21001 10379 11912 python
09:11:12 22055 9326 12358 python
09:11:14 22213 9167 12527 python
09:11:16 21218 10162 12596 python
09:11:18 21614 9767 12823 python
09:11:20 23005 8376 14265 python
09:11:22 23617 7763 14326 python
09:11:24 21223 10158 12570 python
09:11:26 14665 16715 5549 python
09:11:28 16841 14540 6252 python
09:11:30 15295 16085 6307 python
09:11:32 12050 19330 6347 python
09:11:34 14992 16388 6443 python
09:11:36 16969 14411 6443 python
09:11:38 20059 11322 6443 python
09:11:40 23582 7799 6850 python
09:11:42 21281 10099 8923 python
09:11:44 21230 10150 8226 python
09:11:46 22700 8681 8946 python
09:11:48 23416 7964 8930 python
09:11:50 21121 10260 8695 python
09:11:52 21419 9961 8804 python
09:11:54 21835 9545 8635 python
09:11:56 20491 10890 7589 python
09:11:58 17467 13914 5206 python
09:12:00 15982 15399 5021 python
09:12:02 17764 13616 5266 python
09:12:04 20756 10624 5298 python
09:12:06 22197 9183 5389 python
09:12:08 21490 9891 6280 python
09:12:10 19450 11930 5799 python
09:12:12 20739 10642 5962 python
09:12:14 21530 9850 6175 python
09:12:16 21043 10337 6144 python
09:12:18 21470 9910 6168 python
09:12:20 20765 10616 6235 python
09:12:22 22573 8807 6307 python
09:12:24 22947 8434 6438 python
09:12:26 23068 8312 6586 python
09:12:28 23775 7605 7047 python
09:12:31 24862 6519 7652 python
09:12:33 22834 8546 7023 python
09:12:35 16894 14486 4416 python
09:12:37 13807 17574 4307 python
09:12:39 16784 14596 4311 python
09:12:41 15938 15443 4358 python
09:12:43 15015 16365 4416 python
09:12:45 18817 12563 4484 python
09:12:47 20590 10790 4617 python
09:12:49 19707 11673 4900 python
09:12:51 18256 13124 4769 python
09:12:53 19365 12015 5187 python
09:12:55 19596 11784 5497 python
09:12:57 15359 16021 3148 python
09:12:59 12362 19019 2778 python
09:13:01 13900 17480 3215 python
09:13:03 15751 15629 3655 python
09:13:05 17149 14231 3801 python
09:13:07 16172 15209 2778 python
09:13:09 14534 16846 3118 python
09:13:11 13726 17654 2560 python
09:13:13 12368 19012 2544 python
09:13:15 13896 17485 3506 python
09:13:17 13527 17853 2812 python
09:13:19 13192 18188 2567 python
09:13:21 9163 22217 2508 python
09:13:23 9451 21930 2508 python
09:13:25 11015 20365 2508 python
09:13:27 11710 19670 2508 python
09:13:29 10798 20582 2527 python
09:13:31 12200 19180 2800 python
09:13:33 10725 20655 2543 python
09:13:35 13296 18085 2903 python
09:13:37 9801 21579 2582 python
09:13:39 11458 19922 2509 python
09:13:41 12503 18878 2509 python
09:13:43 10057 21324 2509 python
09:13:45 12487 18893 2520 python
09:13:47 13917 17463 2520 python
09:13:49 10400 20981 2520 python
09:13:51 10012 21369 2558 python
09:13:54 13236 18144 2686 python
09:13:56 16250 15130 2987 python
09:13:58 11670 19711 2586 python
09:14:00 12529 18851 2586 python
09:14:02 14257 17123 3719 python
09:14:04 14079 17301 2834 python
09:14:06 13880 17500 2881 python
09:14:08 12222 19158 2936 python
09:14:10 11771 19610 3746 python
09:14:12 12292 19088 2904 python
09:14:14 10072 21308 2814 python
09:14:16 9763 21617 2837 python
09:14:18 9997 21383 3027 python
09:14:20 10534 20847 3496 python
09:14:22 10969 20411 3593 python
09:14:24 10589 20791 3257 python
09:14:26 11152 20229 3286 python
09:14:28 10593 20787 3318 python
09:14:30 10574 20806 3351 python
09:14:32 11127 20253 3442 python
09:14:34 11029 20351 3410 python
09:14:36 10920 20461 3496 python
09:14:38 9228 22152 3631 python
09:14:40 10252 21128 4045 python
09:14:42 7115 24265 2764 python
09:14:44 8323 23058 2764 python
09:14:46 9214 22167 2764 python
09:14:48 9273 22108 2764 python
09:14:50 9242 22138 2764 python
09:14:52 9229 22151 2764 python
09:14:54 9995 21385 2974 python
09:14:56 10014 21366 2984 python
09:14:58 8117 23263 2753 python
09:15:00 8807 22573 2775 python
09:15:02 8927 22453 2844 python
09:15:04 9208 22172 2717 python
09:15:06 7711 23669 2603 python
09:15:08 8502 22879 2603 python
09:15:10 8474 22906 2603 python
09:15:12 8531 22850 2603 python
09:15:14 9534 21846 2948 python
09:15:16 9250 22130 2867 python
09:15:18 9032 22348 2682 python
09:15:20 7906 23474 2675 python
09:15:22 9352 22028 2958 python
09:15:24 9252 22129 2788 python
09:15:27 8949 22431 2675 python
09:15:29 8220 23160 2907 python
09:15:31 8377 23004 2860 python
09:15:33 6852 24529 2586 python
09:15:35 7962 23419 2586 python
09:15:37 8748 22632 2586 python
09:15:39 9214 22166 2866 python
09:15:41 8914 22466 2586 python
09:15:43 9398 21983 2672 python
09:15:45 9873 21508 3079 python
09:15:47 9696 21684 3020 python
09:15:49 10920 20461 4137 python
09:15:51 8454 22927 3349 python
09:15:53 10505 20876 3314 python
09:15:55 9172 22208 2730 python
09:15:57 8236 23144 2704 python
09:15:59 8099 23282 2704 python
09:16:01 8456 22924 2704 python
09:16:03 6617 24763 2603 python
09:16:05 8259 23121 2603 python
09:16:07 8058 23322 2603 python
09:16:09 8131 23249 2603 python
09:16:11 8526 22855 2603 python
09:16:13 8454 22927 2603 python
09:16:15 8482 22898 2603 python
09:16:17 7579 23801 2642 python
09:16:19 8749 22632 2841 python
09:16:21 7475 23906 2642 python
09:16:23 8331 23049 2701 python
09:16:25 9227 22153 2933 python
09:16:27 8567 22814 2588 python
09:16:29 8960 22420 2588 python
09:16:31 8760 22621 2588 python
09:16:33 8876 22505 2615 python
09:16:35 10811 20569 2729 python
09:16:37 11553 19828 2808 python
09:16:39 11643 19737 2803 python
09:16:41 11833 19548 3052 python
09:16:43 10996 20385 3438 python
09:16:45 12780 18601 3399 python
09:16:47 13011 18369 3426 python
09:16:49 13763 17617 3139 python
09:16:51 14439 16942 3168 python
09:16:53 11538 19843 3198 python
09:16:55 12117 19263 3257 python
09:16:57 12114 19267 3307 python
09:16:59 13249 18132 3423 python
09:17:01 9591 21789 2815 python
09:17:04 11274 20106 2661 python
09:17:06 11787 19593 2661 python
09:17:08 12222 19158 2661 python
09:17:10 13818 17562 3004 python
09:17:12 11026 20354 2602 python
09:17:14 12233 19147 2602 python
09:17:16 8889 22491 2602 python
09:17:18 10181 21199 2602 python
09:17:20 10840 20540 2602 python
09:17:22 10670 20711 2602 python
09:17:24 11665 19715 2602 python
09:17:26 11333 20047 2602 python
09:17:28 10457 20923 2602 python
09:17:30 9795 21585 2610 python
09:17:32 9768 21612 2610 python
09:17:34 8196 23184 2648 python
09:17:36 9607 21773 2648 python
09:17:38 9252 22128 2611 python
09:17:40 9657 21723 2611 python
09:17:42 9823 21557 2611 python
09:17:44 7708 23673 2611 python
09:17:46 9515 21865 2611 python
09:17:48 10286 21094 2611 python
09:17:50 8932 22448 2611 python
09:17:52 10060 21320 2611 python
09:17:54 9769 21611 2611 python
09:17:56 10369 21011 2611 python
09:17:58 9923 21457 2611 python
09:18:00 8915 22465 2611 python
09:18:02 9141 22240 2611 python
09:18:04 10642 20738 2611 python
09:18:06 10353 21028 2611 python
09:18:08 9349 22031 2611 python
09:18:10 11050 20330 2611 python
09:18:12 8182 23198 2611 python
09:18:14 8909 22471 2611 python
09:18:16 10062 21318 2611 python
09:18:18 8579 22801 2611 python
09:18:20 9751 21629 2611 python
09:18:22 9772 21609 2611 python
09:18:24 7162 24218 2611 python
09:18:26 7074 24306 2611 python
09:18:28 5046 26334 2596 python
09:18:30 1884 29497 47 fwupd
09:18:32 1902 29478 176 python
09:18:35 1887 29493 305 python
09:18:37 1536 29844 47 fwupd
09:18:39 1553 29827 130 python
09:18:41 1567 29813 258 python
09:18:43 1665 29715 386 python
09:18:45 1283 30097 90 python
09:18:47 1307 30073 222 python
09:18:49 1408 29972 359 python
09:18:51 1272 30108 47 fwupd
09:18:53 1345 30035 173 python
09:18:55 1410 29970 303 python
09:18:57 3014 28366 1536 python
09:18:59 894 30486 74 python
09:19:01 956 30424 225 python
09:19:03 1093 30288 361 python
09:19:05 833 30547 47 fwupd
09:19:07 920 30460 161 python
09:19:09 996 30384 290 python
09:19:11 780 30600 47 fwupd
09:19:13 898 30482 138 python
09:19:15 964 30416 265 python
09:19:17 1078 30302 386 python
09:19:19 907 30473 102 python
09:19:21 971 30410 238 python
09:19:23 1092 30288 370 python
09:19:25 937 30444 64 python
09:19:27 1001 30379 189 python
09:19:29 1094 30286 324 python
09:19:31 1142 30238 386 python
09:19:33 2572 28808 1661 python
09:19:35 1228 30152 156 python
09:19:37 1311 30070 316 python
09:19:39 2375 29005 1918 python
09:19:41 1134 30246 47 fwupd
09:19:43 1257 30123 172 python
09:19:45 1307 30074 324 python
09:19:47 1316 30064 386 python
09:19:49 1065 30315 97 python
09:19:51 1106 30274 235 python
09:19:53 1213 30167 369 python
09:19:55 2257 29124 1766 python
09:19:57 1013 30367 132 python
09:20:00 1063 30317 258 python
09:20:02 1176 30204 386 python
09:20:04 1056 30324 47 fwupd
09:20:06 1132 30248 163 python
09:20:08 1217 30164 298 python
09:20:10 2173 29207 1661 python
09:20:12 931 30449 47 fwupd
09:20:14 1032 30349 213 python
09:20:16 1170 30210 356 python
09:20:18 2084 29297 1301 python
09:20:20 1235 30146 61 python
09:20:22 1274 30106 189 python
09:20:24 1338 30042 325 python
09:20:26 1213 30168 652 python
09:20:28 1154 30227 95 python
09:20:30 1181 30200 227 python
09:20:32 1296 30084 367 python
09:20:34 2256 29124 1839 python
09:20:36 904 30476 97 python
09:20:38 993 30387 258 python
09:20:40 1104 30277 386 python
09:20:42 835 30545 47 fwupd
09:20:44 931 30450 150 python
09:20:46 995 30385 273 python
09:20:48 2230 29150 2092 python
09:20:50 908 30472 47 fwupd
09:20:52 1021 30359 135 python
09:20:54 1063 30318 261 python
09:20:56 1174 30206 386 python
09:20:58 976 30404 101 python
09:21:00 1015 30365 239 python
09:21:02 1139 30241 371 python
09:21:04 1482 29899 698 python
09:21:06 890 30491 47 fwupd
09:21:08 992 30389 194 python
09:21:10 1121 30260 329 python
09:21:12 1332 30048 446 python
09:21:14 1510 29871 987 python
09:21:16 994 30386 47 fwupd
09:21:18 1091 30289 186 python
09:21:20 1161 30219 326 python
09:21:23 1349 30032 549 python
09:21:25 1346 30034 1015 python
09:21:27 1434 29946 1338 python
09:21:29 911 30469 79 python
09:21:31 977 30403 206 python
09:21:33 1102 30279 346 python
09:21:35 1168 30213 47 fwupd
09:21:37 969 30411 120 python
09:21:39 1022 30358 249 python
09:21:41 1134 30246 377 python
09:21:43 894 30486 89 python
09:21:45 963 30418 219 python
09:21:47 1103 30277 358 python
09:21:49 1004 30376 47 fwupd
09:21:51 1111 30270 145 python
09:21:53 1167 30213 268 python
09:21:55 1299 30081 415 python
09:21:57 1050 30330 117 python
09:21:59 1078 30302 249 python
09:22:01 1177 30203 379 python
09:22:03 905 30475 76 python
09:22:05 972 30408 210 python
09:22:07 1100 30281 348 python
09:22:09 1712 29668 1054 python
09:22:11 3499 27881 1290 python
09:22:13 2455 28926 1582 python
09:22:15 1109 30272 53 python
09:22:17 1177 30203 192 python
09:22:19 1265 30115 326 python
09:22:21 1280 30100 47 fwupd
09:22:23 1094 30286 122 python
09:22:25 1108 30272 248 python
09:22:27 1205 30176 376 python
09:22:29 1593 29788 1424 python
09:22:31 1161 30219 70 python
09:22:33 1230 30150 195 python
09:22:35 1319 30062 335 python
09:22:37 2830 28551 2323 python
09:22:39 1286 30094 96 python
09:22:41 1303 30077 226 python
09:22:43 1417 29963 362 python
09:22:45 2902 28478 1885 python
09:22:47 1437 29943 105 python
09:22:50 1480 29900 268 python
09:22:52 1562 29818 386 python
09:22:54 3096 28284 1184 python
09:22:56 1249 30131 124 python
09:22:58 1245 30135 253 python
09:23:00 1363 30017 380 python
09:23:02 1134 30246 47 fwupd
09:23:04 1215 30165 150 python
09:23:06 1280 30100 276 python
09:23:08 1573 29807 749 python
09:23:10 1052 30328 79 python
09:23:12 1100 30281 205 python
09:23:14 1165 30215 343 python
09:23:16 943 30437 47 fwupd
09:23:18 1050 30331 132 python
09:23:20 1092 30289 258 python
09:23:22 1202 30178 384 python
09:23:24 1025 30356 47 fwupd
09:23:26 1120 30261 150 python
09:23:28 1187 30193 273 python
09:23:30 1278 30102 386 python
09:23:32 978 30402 47 fwupd
09:23:34 1055 30326 158 python
09:23:36 1114 30267 284 python
09:23:38 1193 30188 386 python
09:23:40 999 30382 47 fwupd
09:23:42 1055 30325 128 python
09:23:44 1108 30272 257 python
09:23:46 1230 30151 384 python
09:23:48 959 30421 76 python
09:23:50 1027 30353 202 python
09:23:52 1150 30231 339 python
09:23:54 1202 30178 473 python
09:23:56 1029 30351 91 python
09:23:58 1058 30322 222 python
09:24:00 1182 30199 366 python
09:24:02 986 30394 50 python
09:24:04 1053 30327 176 python
09:24:06 1148 30232 306 python
09:24:08 1551 29829 953 python
09:24:10 1949 29431 1188 python
09:24:12 2344 29037 1914 python
09:24:15 4754 26627 4629 python
09:24:17 3220 28160 2460 python
09:24:19 4532 26849 4690 python
09:24:21 3624 27756 3530 python
09:24:23 4582 26798 4710 python
09:24:25 5150 26230 5675 python
09:24:27 3771 27609 4115 python
09:24:29 4123 27257 3946 python
09:24:31 5029 26352 5451 python
09:24:33 4501 26879 4626 python
09:24:35 3918 27462 4200 python
09:24:37 4092 27289 4153 python
09:24:39 4765 26615 4980 python
09:24:41 4701 26679 4640 python
09:24:43 5473 25907 6030 python
09:24:45 4447 26933 4928 python
09:24:47 5385 25995 5516 python
09:24:49 5638 25742 5668 python
09:24:51 4847 26533 4993 python
09:24:53 5777 25603 6310 python
09:24:55 5213 26167 5578 python
09:24:57 5450 25930 6117 python
09:24:59 4371 27009 4699 python
09:25:01 5528 25852 6034 python
09:25:03 4549 26831 5175 python
09:25:05 5215 26165 5465 python
09:25:07 5910 25470 6446 python
09:25:09 4433 26947 4986 python
09:25:11 5282 26099 5912 python
09:25:13 5505 25875 5930 python
09:25:15 4537 26843 5002 python
09:25:17 5512 25868 6299 python
09:25:19 4541 26839 4866 python
09:25:21 6907 24473 7392 python
09:25:24 4796 26585 5016 python
09:25:26 7112 24268 6429 python
09:25:28 5004 26376 5376 python
09:25:30 6093 25287 6513 python
09:25:32 5582 25798 6000 python
09:25:34 5700 25680 6017 python
09:25:36 4859 26521 5189 python
09:25:38 5089 26291 5443 python
09:25:40 5139 26241 5598 python
09:25:42 5224 26156 5434 python
09:25:44 4673 26707 5068 python
09:25:46 5378 26002 6058 python
09:25:48 4856 26524 5116 python
09:25:50 5099 26282 5552 python
09:25:52 5653 25728 5933 python
09:25:54 5875 25506 6404 python
09:25:56 5821 25560 6259 python
09:25:58 6362 25018 6645 python
09:26:00 6294 25086 6806 python
09:26:02 5120 26260 5225 python
09:26:04 6658 24722 6836 python
09:26:06 5595 25785 5728 python
09:26:08 5070 26310 5247 python
09:26:10 5211 26170 5243 python
09:26:12 5729 25651 6140 python
09:26:14 5328 26052 5780 python
09:26:16 5053 26327 5210 python
09:26:18 6173 25207 6852 python
09:26:20 5606 25774 6233 python
09:26:22 6088 25292 6579 python
09:26:24 6175 25206 7455 python
09:26:26 5862 25518 5940 python
09:26:28 5402 25978 5650 python
09:26:30 5233 26148 5478 python
09:26:32 5639 25741 5806 python
09:26:35 5188 26192 5361 python
09:26:37 6448 24932 6913 python
09:26:39 6243 25137 6081 python
09:26:41 5447 25933 6110 python
09:26:43 6328 25053 6820 python
09:26:45 5665 25715 5491 python
09:26:47 5867 25513 6864 python
09:26:49 5578 25803 5582 python
09:26:51 5005 26376 5428 python
09:26:53 6724 24657 6141 python
09:26:55 6014 25366 6275 python
09:26:57 6511 24870 7090 python
09:26:59 5753 25627 6244 python
09:27:01 5893 25487 6641 python
09:27:03 5364 26017 5882 python
09:27:05 5319 26061 5911 python
09:27:07 5078 26303 5422 python
09:27:09 6375 25006 6961 python
09:27:11 5078 26303 5446 python
09:27:13 5534 25847 6167 python
09:27:15 6184 25196 6866 python
09:27:17 5177 26203 5787 python
09:27:19 5352 26028 5635 python
09:27:21 6034 25347 6598 python
09:27:23 7655 23725 6989 python
09:27:25 5109 26271 5479 python
09:27:27 5351 26030 5688 python
09:27:29 6657 24723 6001 python
09:27:31 6181 25199 6787 python
09:27:33 5408 25972 5532 python
09:27:35 5367 26013 5513 python
09:27:37 6057 25323 6484 python
09:27:39 6161 25220 6021 python
09:27:41 6065 25316 6968 python
09:27:44 6533 24847 7234 python
09:27:46 5410 25970 5516 python
09:27:48 5755 25625 6459 python
09:27:50 5592 25788 5968 python
09:27:52 5373 26007 5543 python
09:27:54 6106 25274 6633 python
09:27:56 5515 25865 5588 python
09:27:58 6440 24940 6121 python
09:28:00 5427 25953 5606 python
09:28:02 5526 25854 5699 python
09:28:04 6169 25211 6195 python
09:28:06 6733 24647 7161 python
09:28:08 6603 24777 7401 python
09:28:10 5988 25393 6499 python
09:28:12 6573 24807 7089 python
09:28:14 5501 25879 5714 python
09:28:16 6097 25284 6225 python
09:28:18 6430 24951 7000 python
09:28:20 6360 25020 7017 python
09:28:22 6756 24624 6866 python
09:28:24 6141 25240 6063 python
09:28:26 6681 24699 7183 python
09:28:28 6822 24558 7187 python
09:28:30 6236 25144 6415 python
09:28:32 6807 24573 7234 python
09:28:34 6526 24855 7058 python
09:28:36 6147 25233 6331 python
09:28:38 5766 25614 5749 python
09:28:40 6206 25174 6427 python
09:28:42 5606 25774 6026 python
09:28:44 5989 25391 6519 python
09:28:47 5156 26224 5717 python
09:28:49 5898 25482 6496 python
09:28:51 5325 26055 5811 python
09:28:53 5962 25418 6560 python
09:28:55 5218 26162 5774 python
09:28:57 6201 25180 6756 python
09:28:59 5904 25476 6089 python
09:29:01 5279 26102 5723 python
09:29:03 5428 25953 5722 python
09:29:05 5267 26113 5722 python
09:29:07 5571 25809 5752 python
09:29:09 7631 23749 8219 python
09:29:11 6610 24770 7279 python
09:29:13 5545 25835 6109 python
09:29:15 6527 24853 7198 python
09:29:17 6290 25091 6366 python
09:29:19 5380 26000 5718 python
09:29:21 5887 25494 6311 python
09:29:23 6658 24722 6705 python
09:29:25 7043 24337 7503 python
09:29:27 6344 25036 6687 python
09:29:29 6248 25133 6233 python
09:29:31 6433 24947 6562 python
09:29:33 5723 25658 5998 python
09:29:35 6782 24599 7195 python
09:29:37 5765 25615 6289 python
09:29:39 6940 24440 7503 python
09:29:41 5467 25914 5911 python
09:29:43 6361 25019 6769 python
09:29:45 6761 24619 7448 python
09:29:47 6633 24748 6818 python
09:29:49 5651 25729 5999 python
09:29:51 7152 24228 7439 python
09:29:53 6329 25051 5920 python
09:29:55 7164 24217 7566 python
09:29:57 7142 24239 7306 python
09:29:59 6228 25152 6117 python
09:30:01 6163 25218 6544 python
09:30:03 5757 25624 6309 python
09:30:05 5421 25959 6045 python
09:30:08 5696 25685 5963 python
09:30:10 5835 25546 6338 python
09:30:12 6375 25005 6982 python
09:30:14 6325 25056 6543 python
09:30:16 6798 24582 7314 python
09:30:18 6818 24562 7441 python
09:30:20 6661 24719 7462 python
09:30:22 5683 25698 6045 python
09:30:24 5808 25573 6090 python
09:30:26 5819 25561 6044 python
09:30:28 6673 24708 6798 python
09:30:30 6362 25018 6650 python
09:30:32 7011 24369 7465 python
09:30:34 6579 24801 6759 python
09:30:36 5798 25583 6026 python
09:30:38 7058 24322 6564 python
09:30:40 5884 25496 5973 python
09:30:42 5682 25698 6012 python
09:30:44 5721 25659 6353 python
09:30:46 5718 25663 6368 python
09:30:48 7026 24354 7713 python
09:30:50 6519 24861 6806 python
09:30:52 5521 25860 5950 python
09:30:54 6367 25013 6824 python
09:30:56 5732 25648 6088 python
09:30:58 6368 25012 7011 python
09:31:00 6073 25308 6606 python
09:31:02 7913 23467 8423 python
09:31:04 5648 25732 6342 python
09:31:06 6110 25270 6527 python
09:31:08 5519 25862 6014 python
09:31:10 5852 25528 6071 python
09:31:12 5593 25787 6076 python
09:31:14 5899 25481 6395 python
09:31:16 6523 24858 6550 python
09:31:18 6690 24691 6706 python
09:31:20 5840 25541 6029 python
09:31:23 6340 25040 6596 python
09:31:25 6253 25128 6680 python
09:31:27 7204 24176 6537 python
09:31:29 7200 24180 7532 python
09:31:31 6057 25324 6364 python
09:31:33 6866 24514 7332 python
09:31:35 6127 25253 6389 python
09:31:37 6372 25008 6615 python
09:31:39 5820 25560 5996 python
09:31:41 6293 25088 6434 python
09:31:43 7020 24360 6528 python
09:31:45 5829 25552 6003 python
09:31:47 5723 25658 6260 python
09:31:49 6454 24926 6886 python
09:31:51 6974 24406 7408 python
09:31:53 5706 25675 6005 python
09:31:55 6236 25144 6989 python
09:31:57 6157 25224 6393 python
09:31:59 6423 24958 7056 python
09:32:01 5448 25932 6016 python
09:32:03 5677 25703 6117 python
09:32:05 6280 25100 6029 python
09:32:07 5986 25395 6393 python
09:32:09 5572 25809 5991 python
09:32:11 6309 25071 6583 python
09:32:13 5613 25767 5916 python
09:32:15 6041 25339 6312 python
09:32:17 5870 25510 6009 python
09:32:19 7945 23435 8483 python
09:32:21 6605 24775 6938 python
09:32:23 6828 24552 7293 python
09:32:25 6353 25027 6950 python
09:32:27 5879 25501 6087 python
09:32:29 6885 24496 7336 python
09:32:31 6683 24697 7293 python
09:32:34 5658 25722 6031 python
09:32:36 5692 25688 6044 python
09:32:38 6893 24487 7423 python
09:32:40 6026 25354 7432 python
09:32:42 6437 24943 7103 python
09:32:44 6994 24386 7640 python
09:32:46 6126 25254 6566 python
09:32:48 5479 25901 6052 python
09:32:50 5536 25845 6086 python
09:32:52 6278 25103 7004 python
09:32:54 6139 25241 6404 python
09:32:56 6889 24491 7179 python
09:32:58 5738 25643 6088 python
09:33:00 5653 25727 6069 python
09:33:02 5630 25751 6059 python
09:33:04 6291 25089 6662 python
09:33:06 7051 24329 7692 python
09:33:08 5514 25866 6152 python
09:33:10 7300 24080 7615 python
09:33:12 6338 25043 6220 python
09:33:14 7251 24130 7618 python
09:33:16 7017 24363 7593 python
09:33:18 6593 24788 6920 python
09:33:20 6002 25378 6645 python
09:33:22 6928 24452 7654 python
09:33:24 7111 24270 7645 python
09:33:26 6252 25128 7730 python
09:33:28 6935 24445 7446 python
09:33:30 5676 25705 6119 python
09:33:32 5783 25598 6119 python
09:33:34 7256 24124 7465 python
09:33:36 6477 24904 6157 python
09:33:38 6300 25080 6132 python
09:33:40 5950 25430 6217 python
09:33:42 6059 25322 6182 python
09:33:44 7261 24119 7679 python
09:33:47 6133 25247 6146 python
09:33:49 5595 25785 6146 python
09:33:51 6414 24967 6835 python
09:33:53 6356 25024 6851 python
09:33:55 6147 25233 6517 python
09:33:57 6535 24846 6136 python
09:33:59 6270 25110 6293 python
09:34:01 6290 25090 6144 python
09:34:03 6968 24412 7413 python
09:34:05 6311 25070 6741 python
09:34:07 7145 24235 7782 python
09:34:09 5994 25386 6142 python
09:34:11 1364 30016 47 fwupd
09:34:13 1346 30034 47 fwupd
09:34:15 1323 30057 47 fwupd
09:34:17 1283 30097 47 fwupd
09:34:19 1233 30147 47 fwupd
09:34:21 1167 30214 47 fwupd
09:34:23 1118 30262 47 fwupd
09:34:25 1060 30320 47 fwupd
09:34:27 1013 30368 47 fwupd
09:34:29 954 30427 47 fwupd
09:34:31 915 30466 47 fwupd
09:34:33 888 30492 47 fwupd
09:34:35 867 30513 47 fwupd
09:34:37 847 30533 47 fwupd
09:34:39 829 30551 47 fwupd
09:34:41 812 30568 47 fwupd
09:34:43 795 30586 47 fwupd
09:34:45 781 30599 47 fwupd
09:34:47 773 30607 47 fwupd
09:34:49 765 30615 47 fwupd
09:34:51 760 30620 47 fwupd
09:34:53 757 30623 47 fwupd
09:34:55 756 30625 47 fwupd
09:34:57 756 30624 47 fwupd
09:34:59 751 30629 47 fwupd
09:35:01 751 30629 47 fwupd
