start 2026-10-01 09:01:43
kernel build: 322 signatures compiled or found, 0 failed, 220 functions, 33 s
loaded hits: 99,997,497 rows, 105 columns -> hits_0.wdb (8.73 GB) in 768.5s
Load time: 769.780
[0.003996,0.001682,0.001320],
[0.059870,0.029011,0.029229],
[0.169437,0.093772,0.102442],
[0.639594,0.392860,0.388609],
[0.002948,0.001777,0.001639],
[0.002947,0.002100,0.001650],
[0.015854,0.002740,0.002728],
[0.093689,0.065149,0.066045],
[0.786276,0.497100,0.495648],
[1.131663,0.618149,0.606785],
[0.300719,0.096534,0.098735],
[0.551795,0.218754,0.215615],
[0.366610,0.224548,0.222876],
[0.733285,0.483330,0.494627],
[0.449177,0.361169,0.364297],
[0.439197,0.307302,0.304246],
[0.849555,0.542670,0.547707],
[0.199420,0.135731,0.144490],
[0.792095,0.571330,0.570711],
[0.040412,0.002196,0.002181],
[1.965845,0.479579,0.480952],
[2.309746,0.523636,0.510958],
[3.611764,0.618972,0.594542],
[0.545918,0.194187,0.186808],
[0.042337,0.006817,0.006388],
[0.325324,0.234429,0.228259],
[0.044676,0.007072,0.006038],
[0.169145,0.145587,0.143321],
[2.820636,1.535770,1.512806],
[0.135828,0.069238,0.123026],
[0.681879,0.386182,0.383144],
[0.734232,0.390904,0.361784],
[0.694088,0.374873,0.368279],
[0.486120,0.358776,0.352331],
[0.475552,0.357943,0.356816],
[0.370002,0.239080,0.238122],
[0.316356,0.080161,0.122962],
[0.174341,0.074178,0.074792],
[0.294505,0.049219,0.088105],
[0.715225,0.177670,0.175341],
[0.199238,0.117253,0.073264],
[0.190945,0.052039,0.090928],
[0.137285,0.057465,0.057466],
Data size: 8915682491
Concurrent QPS: 3.748
Concurrent error ratio: 0.000
