09:17:31 30171 824 30556 snapd
09:17:33 30004 845 30535 snapd
09:17:35 30028 859 30521 snapd
09:17:37 30025 850 30530 snapd
09:17:40 30025 849 30531 snapd
09:17:42 29904 913 30467 apt-check
09:17:44 29749 1032 30348 apt-get
09:17:46 29682 1052 30328 apt-get
09:17:48 29646 1068 30312 apt-get
09:17:50 29649 1056 30324 snapd
09:17:52 29596 1090 30291 python3
09:17:54 29677 1006 30375 snapd
09:17:56 29341 1021 30359 pip
09:17:58 29103 1025 30355 pip
09:18:00 28880 1037 30343 pip
09:18:02 28845 1000 30380 pip
09:18:04 28771 1012 30369 pip
09:18:06 28855 1071 30310 python
09:18:08 27817 2106 29275 python
09:18:10 27524 2397 28983 python
09:18:12 27360 2559 28821 python
09:18:14 27199 2719 28661 python
09:18:16 27048 2869 28511 python
09:18:18 26961 2955 28425 python
09:18:20 26783 3131 28249 python
09:18:22 26603 3311 28070 python
09:18:24 26483 3430 27951 python
09:18:26 26408 3503 27877 python
09:18:28 26307 3603 27777 python
09:18:31 26185 3725 27655 python
09:18:33 26078 3831 27549 python
09:18:35 25974 3933 27447 python
09:18:37 25799 4107 27273 python
09:18:39 25634 4270 27110 python
09:18:41 25481 4422 26958 python
09:18:43 29059 844 30537 python
09:18:45 28850 1050 30330 python
09:18:47 28682 1065 30316 python
09:18:49 28512 1072 30308 python
09:18:51 28331 1075 30306 python
09:18:53 28158 1085 30295 python
09:18:55 28003 1078 30302 python
09:18:57 27832 1084 30296 python
09:18:59 27661 1088 30292 python
09:19:01 27505 1089 30291 python
09:19:03 27340 1092 30288 python
09:19:05 27177 1101 30279 python
09:19:07 27008 1107 30274 python
09:19:09 26858 1100 30280 python
09:19:11 26686 1099 30281 python
09:19:13 26523 1108 30272 python
09:19:15 26401 1103 30277 python
09:19:17 26240 1101 30279 python
09:19:19 26102 1091 30289 python
09:19:21 25943 1094 30286 python
09:19:23 25773 1096 30284 python
09:19:25 25602 1098 30283 python
09:19:27 25432 1095 30285 python
09:19:29 25261 1102 30278 python
09:19:31 25064 1134 30246 python
09:19:33 24899 1126 30254 python
09:19:35 24732 1121 30260 python
09:19:37 24557 1123 30257 python
09:19:39 24406 1118 30263 python
09:19:41 24241 1118 30262 python
09:19:43 24062 1124 30256 python
09:19:45 23910 1112 30268 python
09:19:47 23740 1110 30271 python
09:19:49 23582 1111 30270 python
09:19:51 23415 1117 30263 python
09:19:53 23249 1115 30265 python
09:19:55 23074 1117 30263 python
09:19:57 22911 1116 30264 python
09:19:59 22731 1127 30253 python
09:20:02 22548 1134 30246 python
09:20:04 22400 1126 30254 python
09:20:06 22210 1143 30238 python
09:20:08 22045 1143 30237 python
09:20:10 21900 1132 30248 python
09:20:12 21730 1137 30243 python
09:20:14 21552 1143 30238 python
09:20:16 21394 1145 30236 python
09:20:18 21216 1143 30238 python
09:20:20 21040 1145 30235 python
09:20:22 20862 1142 30238 python
09:20:24 20689 1155 30225 python
09:20:26 20522 1153 30227 python
09:20:28 20391 1153 30227 python
09:20:30 20233 1154 30226 python
09:20:32 20069 1160 30220 python
09:20:34 19904 1154 30226 python
09:20:36 19739 1155 30225 python
09:20:38 19563 1150 30230 python
09:20:40 19392 1157 30224 python
09:20:42 19236 1146 30235 python
09:20:44 19064 1148 30232 python
09:20:46 18878 1161 30220 python
09:20:48 18712 1163 30218 python
09:20:50 18547 1163 30218 python
09:20:52 18396 1166 30214 python
09:20:54 18228 1169 30211 python
09:20:56 18066 1167 30213 python
09:20:58 17890 1170 30210 python
09:21:00 17713 1175 30205 python
09:21:02 17551 1181 30200 python
09:21:04 17386 1173 30207 python
09:21:06 17215 1179 30202 python
09:21:08 17058 1179 30202 python
09:21:10 16890 1176 30205 python
09:21:12 16703 1181 30199 python
09:21:14 16538 1174 30206 python
09:21:16 16374 1165 30215 python
09:21:18 16218 1165 30216 python
09:21:20 16046 1172 30208 python
09:21:22 15887 1166 30214 python
09:21:24 15720 1165 30215 python
09:21:26 15570 1146 30234 python
09:21:28 15383 1153 30227 python
09:21:30 15218 1143 30238 python
09:21:32 15026 1148 30232 python
09:21:34 14851 1151 30230 python
09:21:36 14687 1150 30230 python
09:21:38 14528 1149 30232 python
09:21:40 14347 1151 30229 python
09:21:42 14285 1150 30231 python
09:21:44 14284 1151 30230 python
09:21:46 14284 1151 30230 python
09:21:48 14284 1151 30230 python
09:21:50 14283 1151 30229 python
09:21:52 13669 1766 29615 python
09:21:54 11156 4278 27102 python
09:21:57 4304 11130 20250 python
09:21:59 1901 13792 17588 python
09:22:01 1386 16468 14913 python
09:22:03 2118 16529 14852 python
09:22:05 4197 14449 16931 python
09:22:07 2269 16378 15003 python
09:22:09 1347 17300 14080 python
09:22:11 1963 18012 13368 python
09:22:13 1817 20398 10982 python
09:22:15 258 23982 7398 python
09:22:17 4006 21717 9664 python
09:22:19 6156 19567 11814 python
09:22:21 6185 19538 11842 python
09:22:23 6203 19520 11860 python
09:22:25 6246 19477 11904 python
09:22:27 6290 19432 11948 python
09:22:29 6314 19409 11971 python
09:22:31 6324 19398 11982 python
09:22:33 6357 19366 12014 python
09:22:35 6400 19323 12058 python
09:22:37 5137 20585 10795 python
09:22:39 4923 20799 10581 python
09:22:41 13187 12535 18845 python
09:22:43 11637 14086 17295 python
09:22:45 8309 17413 13967 python
09:22:47 8749 16973 14408 python
09:22:49 8262 17460 13920 python
09:22:51 8016 17707 13674 python
09:22:53 7757 17965 13415 python
09:22:55 7317 18406 12975 python
09:22:57 6373 19350 12031 python
09:22:59 10015 15707 15673 python
09:23:01 8635 17087 14293 python
09:23:03 8349 17373 14007 python
09:23:05 8514 17208 14172 python
09:23:07 7587 18136 13245 python
09:23:10 6560 19162 12218 python
09:23:12 10756 14966 16414 python
09:23:14 14884 10824 20556 python
09:23:16 11743 13781 17600 python
09:23:18 11853 12733 18647 python
09:23:20 10249 14202 17178 python
09:23:22 8743 15708 15673 python
09:23:24 6981 16452 14928 python
09:23:26 3686 19167 12213 python
09:23:28 3816 18576 12804 python
09:23:30 5181 16971 14409 python
09:23:32 4646 17506 13875 python
09:23:34 7180 14972 16409 python
09:23:36 6381 15771 15609 python
09:23:38 7591 14418 16962 python
09:23:40 7051 14958 16422 python
09:23:42 7277 14733 16647 python
09:23:44 7061 14948 16432 python
09:23:46 6411 15598 15782 python
09:23:48 8577 13432 17948 python
09:23:50 9485 12179 19201 python
09:23:52 9942 11309 20072 python
09:23:54 6495 14373 17008 python
09:23:56 5097 15755 15625 python
09:23:58 5624 15227 16153 python
09:24:00 4616 16236 15145 python
09:24:02 3331 17520 13860 python
09:24:04 3618 17234 14147 python
09:24:06 853 20006 11374 python
09:24:08 4204 16656 14724 python
09:24:10 5906 14953 16427 python
09:24:12 5443 15417 15963 python
09:24:14 5458 14636 16745 python
09:24:16 4465 15629 15751 python
09:24:18 7082 13617 17764 python
09:24:20 5008 15902 15479 python
09:24:22 8867 12043 19337 python
09:24:24 6174 14736 16644 python
09:24:26 5132 15778 15602 python
09:24:28 4282 16628 14752 python
09:24:30 3447 17463 13917 python
09:24:33 6567 14343 17037 python
09:24:35 6383 14527 16853 python
09:24:37 10527 10124 21256 python
09:24:39 11182 9229 22151 python
09:24:41 7047 12635 18746 python
09:24:43 8402 11279 20101 python
09:24:45 6245 13436 17944 python
09:24:47 7032 12376 19005 python
09:24:49 8624 10783 20597 python
09:24:51 7577 11830 19550 python
09:24:53 7589 11819 19562 python
09:24:55 7150 12257 19123 python
09:24:57 7359 12049 19332 python
09:24:59 4784 14626 16754 python
09:25:01 6710 12699 18681 python
09:25:03 6567 12842 18538 python
09:25:05 8134 11275 20105 python
09:25:07 8447 10455 20926 python
09:25:09 7395 11507 19873 python
09:25:11 5267 13635 17745 python
09:25:13 6645 12257 19123 python
09:25:15 5504 13397 17983 python
09:25:17 4462 14439 16941 python
09:25:19 3711 15191 16190 python
09:25:21 7185 11717 19663 python
09:25:23 5380 13521 17859 python
09:25:25 7639 11262 20118 python
09:25:27 8509 9475 21905 python
09:25:29 4768 13140 18241 python
09:25:31 4535 13373 18008 python
09:25:33 2931 14977 16403 python
09:25:35 5569 12348 19032 python
09:25:37 4035 13882 17499 python
09:25:39 3728 14189 17192 python
09:25:41 2338 15579 15801 python
09:25:43 1323 16594 14786 python
09:25:45 1372 16545 14835 python
09:25:47 817 19171 12209 python
09:25:49 4701 15765 15616 python
09:25:51 4731 15735 15645 python
09:25:53 5963 14503 16878 python
09:25:55 7869 12597 18784 python
09:25:57 8446 11384 19996 python
09:25:59 7244 12586 18794 python
09:26:01 5677 14153 17228 python
09:26:03 6094 13736 17644 python
09:26:05 5532 14298 17082 python
09:26:07 5077 14753 16627 python
09:26:09 4804 15026 16354 python
09:26:11 5202 14628 16752 python
09:26:14 3594 16236 15144 python
09:26:16 8212 11618 19762 python
09:26:18 6088 13742 17639 python
09:26:20 6189 13641 17740 python
09:26:22 5656 14174 17206 python
09:26:24 5670 13099 18281 python
09:26:26 3841 14928 16452 python
09:26:28 4514 14243 17137 python
09:26:30 3534 15223 16158 python
09:26:32 4043 14715 16666 python
09:26:34 3582 15175 16205 python
09:26:36 800 19358 12022 python
09:26:38 4544 17515 13866 python
09:26:40 3393 18666 12714 python
09:26:42 4566 17493 13887 python
09:26:44 3235 18824 12556 python
09:26:46 5557 16501 14879 python
09:26:48 6037 16021 15359 python
09:26:50 7383 14676 16705 python
09:26:52 8304 13268 18112 python
09:26:54 6684 14866 16514 python
09:26:56 3920 17630 13751 python
09:26:58 5297 16253 15127 python
09:27:00 12626 8563 22818 python
09:27:02 11578 9428 21952 python
09:27:04 9369 11638 19742 python
09:27:06 11997 9010 22370 python
09:27:08 10821 10185 21195 python
09:27:10 9519 11487 19893 python
09:27:12 9898 11109 20272 python
09:27:14 10586 10420 20960 python
09:27:16 9101 11906 19475 python
09:27:18 8129 12877 18503 python
09:27:20 10711 10296 21085 python
09:27:22 11249 9429 21951 python
09:27:24 8010 12649 18731 python
09:27:26 6678 13981 17399 python
09:27:28 9054 11588 19792 python
09:27:30 9982 10407 20973 python
09:27:32 9688 10622 20758 python
09:27:34 8699 11604 19776 python
09:27:36 7496 12807 18573 python
09:27:39 6479 13823 17557 python
09:27:41 10210 9896 21484 python
09:27:43 7151 12954 18426 python
09:27:45 7804 12301 19079 python
09:27:47 10236 9810 21571 python
09:27:49 9891 10054 21327 python
09:27:51 9157 10787 20593 python
09:27:53 9778 10139 21241 python
09:27:55 8207 11670 19710 python
09:27:57 7616 12261 19119 python
09:27:59 7634 12242 19138 python
09:28:01 10089 9745 21635 python
09:28:03 10245 9527 21853 python
09:28:05 9081 10620 20761 python
09:28:07 10046 9655 21726 python
09:28:09 11230 8331 23050 python
09:28:11 9807 9754 21626 python
09:28:13 8917 10644 20736 python
09:28:15 8608 10936 20444 python
09:28:17 11155 8281 23099 python
09:28:19 9619 9598 21782 python
09:28:21 8513 10704 20676 python
09:28:23 8449 10737 20643 python
09:28:25 6424 12759 18621 python
09:28:27 7607 11576 19804 python
09:28:29 7838 11316 20064 python
09:28:31 7580 11572 19808 python
09:28:33 9644 9367 22013 python
09:28:35 10843 8001 23379 python
09:28:37 8857 9987 21393 python
09:28:39 10351 8480 22900 python
09:28:41 8829 9960 21420 python
09:28:43 8892 9897 21483 python
09:28:45 10158 8538 22842 python
09:28:47 8512 10184 21197 python
09:28:49 9334 9361 22019 python
09:28:51 8910 9671 21709 python
09:28:53 7186 11394 19986 python
09:28:55 8742 9794 21586 python
09:28:57 7571 10876 20504 python
09:28:59 4179 14267 17113 python
09:29:01 5173 13274 18107 python
09:29:03 8634 9748 21632 python
09:29:06 6501 11804 19576 python
09:29:08 6257 12048 19332 python
09:29:10 7744 10434 20946 python
09:29:12 5258 12906 18474 python
09:29:14 5646 12518 18862 python
09:29:16 5851 12281 19100 python
09:29:18 9186 8816 22564 python
09:29:20 7507 10470 20910 python
09:29:22 7112 10821 20560 python
09:29:24 5836 12097 19283 python
09:29:26 5931 12002 19379 python
09:29:28 8307 9512 21869 python
09:29:30 7016 10769 20612 python
09:29:32 6409 11375 20005 python
09:29:34 8144 9641 21740 python
09:29:36 8853 8879 22501 python
09:29:38 8686 8976 22404 python
09:29:40 7785 9863 21517 python
09:29:42 7823 9805 21575 python
09:29:44 9040 8554 22826 python
09:29:46 8799 8780 22600 python
09:29:48 7145 10426 20954 python
09:29:50 8517 9054 22327 python
09:29:52 9014 8536 22844 python
09:29:54 7245 10305 21076 python
09:29:56 9291 8259 23122 python
09:29:58 8872 8667 22714 python
09:30:00 6705 10831 20549 python
09:30:02 8774 8754 22626 python
09:30:04 9308 8206 23175 python
09:30:06 7493 10020 21361 python
09:30:08 9086 8414 22966 python
09:30:10 7151 10331 21049 python
09:30:12 5093 12388 18992 python
09:30:14 5788 11681 19699 python
09:30:16 5312 12151 19229 python
09:30:18 5830 11599 19781 python
09:30:20 5051 12366 19014 python
09:30:22 6511 10879 20502 python
09:30:25 5429 11936 19444 python
09:30:27 4583 12747 18634 python
09:30:29 6308 10947 20433 python
09:30:31 4582 12673 18707 python
09:30:33 2303 14960 16420 python
09:30:35 4619 12640 18740 python
09:30:37 7534 9678 21702 python
09:30:39 15760 1854 29527 snapd
09:30:41 30049 1506 29874 python
09:30:43 30043 1417 29964 python
09:30:45 29968 1441 29940 python
09:30:47 30413 1164 30216 snapd
09:30:49 30245 1255 30126 python
09:30:51 30183 1235 30145 python
09:30:53 30071 1307 30073 python
09:30:55 30529 1033 30347 python
09:30:57 30383 1084 30297 python
09:30:59 30230 1181 30199 python
09:31:01 30174 1205 30175 python
09:31:03 30621 926 30454 python
09:31:05 30460 983 30397 python
09:31:07 30347 1059 30322 python
09:31:09 29644 1456 29924 python
09:31:11 30532 1012 30368 python
09:31:13 30348 1084 30296 python
09:31:15 30185 1211 30169 python
09:31:17 30613 957 30423 python
09:31:19 30433 1043 30337 python
09:31:21 30280 1133 30247 python
09:31:23 30677 901 30479 snapd
09:31:25 30480 1020 30360 python
09:31:27 30335 1084 30296 python
09:31:29 30188 1191 30189 python
09:31:31 30603 961 30419 python
09:31:33 30440 1033 30347 python
09:31:35 30291 1122 30259 python
09:31:37 30211 1168 30212 python
09:31:39 30636 911 30469 python
09:31:41 30483 954 30426 python
09:31:43 30324 1081 30299 python
09:31:45 29491 1578 29802 python
09:31:47 30552 1027 30354 snapd
09:31:50 30328 1152 30228 python
09:31:52 30299 1114 30266 python
09:31:54 30173 1184 30196 python
09:31:56 28625 2346 29034 python
09:31:58 30311 1227 30153 python
09:32:00 30171 1256 30124 python
09:32:02 30034 1361 30020 python
09:32:04 30309 1261 30119 python
09:32:06 30120 1349 30032 python
09:32:08 30000 1411 29969 python
09:32:10 29286 1828 29553 python
09:32:12 30122 1424 29956 python
09:32:14 29976 1458 29922 python
09:32:16 29862 1542 29838 python
09:32:18 29309 2016 29364 python
09:32:20 30436 1114 30266 python
09:32:22 30278 1171 30210 python
09:32:24 30142 1265 30115 python
09:32:26 29912 1416 29964 python
09:32:28 30387 1192 30189 snapd
09:32:30 30195 1302 30079 python
09:32:32 30057 1361 30019 python
09:32:34 29931 1447 29933 python
09:32:36 30250 1324 30057 python
09:32:38 30102 1395 29986 python
09:32:40 29987 1430 29950 python
09:32:42 29886 1493 29887 python
09:32:44 30314 1250 30131 python
09:32:46 30130 1340 30040 python
09:32:48 29959 1454 29927 python
09:32:50 28880 2210 29170 python
09:32:52 30565 1003 30377 python
09:32:54 30390 1088 30293 python
09:32:56 30284 1130 30250 python
09:32:58 30185 1194 30187 python
09:33:00 30727 837 30543 python
09:33:02 30547 926 30455 python
09:33:04 30383 1030 30350 python
09:33:06 30275 1104 30276 python
09:33:08 30553 1026 30355 snapd
09:33:10 30363 1138 30243 python
09:33:12 30211 1209 30172 python
09:33:14 30070 1308 30072 python
09:33:16 30477 1065 30315 python
09:33:19 30314 1116 30264 python
09:33:21 30145 1251 30129 python
09:33:23 29624 1378 30002 python
09:33:25 29076 1596 29784 python
09:33:27 30518 1025 30355 python
09:33:29 30343 1085 30295 python
09:33:31 30187 1209 30171 python
09:33:33 29360 1475 29905 python
09:33:35 28990 1633 29748 python
09:33:37 30388 1146 30234 python
09:33:39 30265 1162 30219 python
09:33:41 30104 1289 30091 python
09:33:43 29372 1416 29964 python
09:33:45 28826 1455 29925 python
09:33:47 30584 988 30392 python
09:33:49 30407 1084 30297 python
09:33:51 30255 1161 30219 python
09:33:53 29868 1320 30061 python
09:33:55 30573 981 30399 python
09:33:57 30399 1056 30324 python
09:33:59 30247 1162 30219 python
09:34:01 30180 1199 30181 python
09:34:03 30683 889 30491 python
09:34:05 30508 983 30398 python
09:34:07 30362 1053 30327 python
09:34:09 30257 1122 30258 python
09:34:11 30639 916 30464 python
09:34:13 30463 995 30385 python
09:34:15 30316 1093 30287 python
09:34:17 30259 1120 30261 python
09:34:19 30652 892 30488 python
09:34:21 30493 938 30442 python
09:34:23 30319 1082 30298 python
09:34:25 30061 1169 30211 python
09:34:27 30588 913 30467 python
09:34:29 30433 985 30395 python
09:34:31 30300 1079 30301 python
09:34:33 28450 2343 29038 python
09:34:35 27695 2881 28499 python
09:34:37 25936 4641 26740 python
09:34:39 30550 984 30396 python
09:34:41 30385 1037 30343 python
09:34:43 30237 1146 30234 python
09:34:45 30651 909 30471 python
09:34:48 30466 997 30383 python
09:34:50 30311 1100 30281 python
09:34:52 30229 1150 30230 python
09:34:54 30272 1253 30127 snapd
09:34:56 30190 1306 30074 python
09:34:58 30042 1374 30006 python
09:35:00 29912 1467 29914 python
09:35:02 30508 1071 30309 snapd
09:35:04 30262 1212 30168 python
09:35:06 30093 1318 30062 python
09:35:08 30031 1348 30033 python
09:35:10 30262 1316 30064 snapd
09:35:12 30023 1435 29945 python
09:35:14 29868 1540 29840 python
09:35:16 29322 1902 29478 python
09:35:18 30272 1300 30081 python
09:35:20 30106 1384 29996 python
09:35:22 29978 1438 29942 python
09:35:24 29926 1453 29928 python
09:35:26 30616 969 30411 snapd
09:35:28 30454 1061 30319 python
09:35:30 30309 1113 30268 python
09:35:32 30164 1220 30160 python
09:35:34 30506 1072 30308 snapd
09:35:36 30366 1135 30245 python
09:35:38 30232 1187 30193 python
09:35:40 30095 1283 30097 python
09:35:42 30433 1143 30237 snapd
09:35:44 30272 1222 30158 python
09:35:46 30184 1232 30148 python
09:35:48 29940 1401 29979 python
09:35:50 30487 1056 30324 python
09:35:52 30317 1112 30268 python
09:35:54 30167 1229 30151 python
09:35:56 30688 897 30483 snapd
09:35:58 30505 1019 30361 python
09:36:00 30355 1069 30311 python
09:36:02 30188 1198 30183 python
09:36:04 30706 879 30501 snapd
09:36:06 30508 1010 30371 python
09:36:08 30408 1013 30367 python
09:36:10 30249 1130 30250 python
09:36:12 30567 982 30399 python
09:36:15 30398 1047 30333 python
09:36:17 30250 1157 30223 python
09:36:19 30087 1221 30159 python
09:36:21 30575 969 30411 python
09:36:23 30398 1033 30348 python
09:36:25 30224 1175 30206 python
09:36:27 30395 973 30407 snapd
09:36:29 30597 937 30444 python
09:36:31 30442 984 30397 python
09:36:33 30279 1113 30267 python
09:36:35 29601 1469 29911 python
09:36:37 27740 2751 28629 python
09:36:39 27422 2516 28864 python
09:36:41 26790 2697 28683 python
09:36:43 26074 2850 28531 python
09:36:45 24122 4563 26818 python
09:36:47 24067 4484 26896 python
09:36:49 24704 3737 27644 python
09:36:51 24727 3714 27667 python
09:36:53 24664 3777 27604 python
09:36:55 23609 4800 26581 python
09:36:57 23883 4524 26857 python
09:36:59 24226 4166 27214 python
09:37:01 23829 4196 27184 python
09:37:03 22355 5633 25747 python
09:37:05 23543 4445 26936 python
09:37:07 22693 5295 26085 python
09:37:09 23078 4910 26471 python
09:37:11 22690 5298 26083 python
09:37:13 22605 5383 25997 python
09:37:15 23247 4738 26642 python
09:37:17 22638 5347 26033 python
09:37:19 23541 4445 26936 python
09:37:21 22791 5194 26186 python
09:37:23 23480 4505 26875 python
09:37:25 21810 6175 25205 python
09:37:27 21847 6138 25243 python
09:37:29 21771 6214 25166 python
09:37:32 23103 4881 26500 python
09:37:34 22631 5353 26028 python
09:37:36 22994 4989 26391 python
09:37:38 22615 5367 26014 python
09:37:40 22984 4998 26383 python
09:37:42 23047 4934 26446 python
09:37:44 22742 5240 26141 python
09:37:46 21633 6347 25033 python
09:37:48 22831 5149 26231 python
09:37:50 21934 6046 25334 python
09:37:52 22947 5033 26347 python
09:37:54 23175 4805 26575 python
09:37:56 22839 5141 26239 python
09:37:58 22970 5010 26370 python
09:38:00 22590 5390 25990 python
09:38:02 22646 5334 26046 python
09:38:04 22621 5347 26034 python
09:38:06 21999 5968 25413 python
09:38:08 22968 4999 26381 python
09:38:10 22767 5199 26181 python
09:38:12 21878 6088 25293 python
09:38:14 22124 5842 25539 python
09:38:16 21346 6619 24761 python
09:38:18 22680 5286 26094 python
09:38:20 22658 5307 26073 python
09:38:22 21296 6667 24713 python
09:38:24 21753 6209 25171 python
09:38:26 22722 5241 26140 python
09:38:28 22896 5066 26314 python
09:38:30 22931 5032 26349 python
09:38:32 21595 6367 25013 python
09:38:34 22454 5509 25871 python
09:38:36 22320 5641 25739 python
09:38:38 21583 6378 25003 python
09:38:40 21305 6655 24725 python
09:38:42 22068 5892 25488 python
09:38:45 21873 6088 25293 python
09:38:47 21559 6401 24979 python
09:38:49 22053 5907 25473 python
09:38:51 22195 5765 25616 python
09:38:53 22426 5534 25846 python
09:38:55 22624 5334 26046 python
09:38:57 22693 5265 26115 python
09:38:59 22135 5823 25557 python
09:39:01 21978 5981 25400 python
09:39:03 22159 5800 25581 python
09:39:05 22844 5114 26266 python
09:39:07 21929 6029 25351 python
09:39:09 22677 5282 26099 python
09:39:11 22138 5819 25561 python
09:39:13 22882 5075 26305 python
09:39:15 22065 5891 25489 python
09:39:17 22066 5890 25490 python
09:39:19 21251 6705 24676 python
09:39:21 21645 6311 25070 python
09:39:23 22532 5423 25957 python
09:39:25 22743 5212 26169 python
09:39:27 21656 6299 25082 python
09:39:29 22116 5839 25542 python
09:39:31 22306 5649 25732 python
09:39:33 22583 5372 26009 python
09:39:35 22332 5623 25757 python
09:39:37 22822 5133 26247 python
09:39:39 22270 5685 25695 python
09:39:41 22534 5420 25960 python
09:39:43 21794 6160 25220 python
09:39:45 21999 5956 25424 python
09:39:47 22150 5805 25576 python
09:39:49 21212 6742 24638 python
09:39:51 22219 5735 25645 python
09:39:53 20769 7185 24195 python
09:39:55 21839 6115 25265 python
09:39:57 22503 5451 25929 python
09:39:59 22218 5735 25645 python
09:40:01 21716 6237 25143 python
09:40:03 22212 5741 25640 python
09:40:06 22490 5462 25918 python
09:40:08 22620 5332 26048 python
09:40:10 22139 5812 25568 python
09:40:12 21290 6662 24719 python
09:40:14 21864 6085 25295 python
09:40:16 22466 5484 25897 python
09:40:18 22335 5614 25766 python
09:40:20 21008 6941 24440 python
09:40:22 22203 5746 25634 python
09:40:24 21290 6659 24721 python
09:40:26 22431 5518 25862 python
09:40:28 21456 6493 24887 python
09:40:30 22157 5793 25588 python
09:40:32 21474 6474 24907 python
09:40:34 22359 5589 25791 python
09:40:36 22460 5488 25892 python
09:40:38 22363 5585 25795 python
09:40:40 22258 5690 25690 python
09:40:42 22269 5679 25701 python
09:40:44 21602 6347 25034 python
09:40:46 21461 6487 24893 python
09:40:48 21286 6661 24719 python
09:40:50 22467 5480 25900 python
09:40:52 20200 7747 23634 python
09:40:54 22661 5285 26095 python
09:40:56 20373 7573 23807 python
09:40:58 22316 5631 25750 python
09:41:00 22499 5447 25933 python
09:41:02 22454 5492 25888 python
09:41:04 22191 5755 25626 python
09:41:06 21981 5965 25416 python
09:41:08 21520 6426 24954 python
09:41:10 20938 7008 24372 python
09:41:12 21919 6027 25353 python
09:41:14 21774 6172 25209 python
09:41:16 21238 6708 24672 python
09:41:19 22119 5827 25553 python
09:41:21 21031 6914 24466 python
09:41:23 21071 6875 24506 python
09:41:25 21584 6362 25019 python
09:41:27 22008 5937 25444 python
09:41:29 22256 5688 25692 python
09:41:31 21859 6085 25295 python
09:41:33 20798 7146 24234 python
09:41:35 21135 6809 24571 python
09:41:37 22074 5870 25510 python
09:41:39 20719 7224 24157 python
09:41:41 21405 6538 24842 python
09:41:43 21238 6705 24675 python
09:41:45 22293 5650 25731 python
09:41:47 21002 6941 24440 python
09:41:49 22310 5632 25748 python
09:41:51 21385 6558 24823 python
09:41:53 20938 7003 24377 python
09:41:55 21591 6350 25030 python
09:41:57 20901 7040 24340 python
09:41:59 21761 6180 25200 python
09:42:01 20066 7875 23505 python
09:42:03 22009 5932 25448 python
09:42:05 21952 5989 25391 python
09:42:07 21922 6019 25361 python
09:42:09 22006 5935 25446 python
09:42:11 22112 5828 25552 python
09:42:13 21296 6645 24736 python
09:42:15 21035 6906 24475 python
09:42:17 21302 6639 24741 python
09:42:19 21466 6475 24906 python
09:42:21 22292 5648 25732 python
09:42:23 21617 6324 25057 python
09:42:25 22181 5759 25621 python
09:42:27 20786 7154 24226 python
09:42:29 19942 7999 23381 python
09:42:31 21588 6352 25028 python
09:42:33 21084 6856 24524 python
09:42:36 21135 6806 24575 python
09:42:38 21767 6173 25207 python
09:42:40 21587 6354 25026 python
09:42:42 22116 5824 25556 python
09:42:44 21846 6095 25286 python
09:42:46 20845 7095 24285 python
09:42:48 21128 6812 24568 python
09:42:50 19591 8350 23031 python
09:42:52 20434 7496 23884 python
09:42:54 20568 7372 24008 python
09:42:56 21176 6764 24616 python
09:42:58 21319 6621 24759 python
09:43:00 20783 7157 24223 python
09:43:02 22122 5817 25563 python
09:43:04 21156 6783 24597 python
09:43:06 21151 6788 24592 python
09:43:08 21541 6398 24982 python
09:43:10 21771 6169 25212 python
09:43:12 20820 7119 24261 python
09:43:14 22039 5900 25480 python
09:43:16 21896 6042 25338 python
09:43:18 20664 7274 24106 python
09:43:20 21803 6135 25245 python
09:43:22 22154 5784 25596 python
09:43:24 21856 6082 25298 python
09:43:26 21939 5999 25381 python
09:43:28 21225 6713 24667 python
09:43:30 21853 6085 25295 python
09:43:32 21727 6211 25170 python
09:43:34 21812 6126 25254 python
09:43:36 22134 5803 25577 python
09:43:38 21331 6607 24774 python
09:43:40 21946 5991 25389 python
09:43:42 21714 6223 25157 python
09:43:44 22044 5894 25487 python
09:43:47 21546 6391 24990 python
09:43:49 22083 5853 25527 python
09:43:51 21022 6914 24466 python
09:43:53 19833 8103 23277 python
09:43:55 21118 6818 24562 python
09:43:57 21303 6633 24747 python
09:43:59 21876 6060 25320 python
09:44:01 21876 6060 25320 python
09:44:03 21441 6494 24886 python
09:44:05 21568 6368 25012 python
09:44:07 21431 6505 24875 python
09:44:09 22240 5696 25685 python
09:44:11 21386 6549 24832 python
09:44:13 21715 6220 25160 python
09:44:15 21335 6600 24780 python
09:44:17 22094 5841 25540 python
09:44:19 21689 6246 25135 python
09:44:21 20985 6949 24431 python
09:44:23 20924 7011 24370 python
09:44:25 22022 5912 25468 python
09:44:27 20825 7110 24271 python
09:44:29 22035 5900 25481 python
09:44:31 20983 6951 24429 python
09:44:33 21599 6335 25045 python
09:44:35 21301 6633 24747 python
09:44:37 22009 5924 25456 python
09:44:39 20621 7312 24068 python
09:44:41 21679 6254 25126 python
09:44:43 21814 6119 25261 python
09:44:45 20929 7004 24376 python
09:44:47 21417 6517 24864 python
09:44:49 21862 6072 25308 python
09:44:51 21754 6179 25201 python
09:44:53 21098 6834 24546 python
09:44:55 21167 6766 24615 python
09:44:57 21675 6257 25123 python
09:44:59 21677 6256 25125 python
09:45:01 20675 7258 24123 python
09:45:03 21952 5981 25399 python
09:45:05 21480 6452 24929 python
09:45:08 21338 6593 24787 python
09:45:10 21776 6155 25225 python
09:45:12 21198 6733 24648 python
09:45:14 21474 6457 24923 python
09:45:16 21379 6552 24828 python
09:45:18 21457 6474 24907 python
09:45:20 21347 6584 24796 python
09:45:22 21492 6439 24941 python
09:45:24 21793 6137 25243 python
09:45:26 21924 6007 25373 python
09:45:28 21482 6449 24931 python
09:45:30 20719 7212 24169 python
09:45:32 21329 6602 24778 python
09:45:34 20900 7030 24350 python
09:45:36 21686 6244 25136 python
09:45:38 21827 6103 25277 python
09:45:40 21318 6612 24769 python
09:45:42 21917 6012 25368 python
09:45:44 20665 7265 24115 python
09:45:46 20776 7153 24227 python
09:45:48 19769 8161 23219 python
09:45:50 21221 6708 24672 python
09:45:52 20696 7234 24147 python
09:45:54 22109 5820 25560 python
09:45:56 21064 6864 24516 python
09:45:58 21485 6443 24937 python
09:46:00 21628 6300 25080 python
09:46:02 21728 6200 25180 python
09:46:04 21858 6071 25309 python
09:46:06 22038 5890 25490 python
09:46:08 21375 6554 24827 python
09:46:10 20802 7126 24254 python
09:46:12 20359 7569 23811 python
09:46:14 20226 7702 23678 python
09:46:17 21120 6808 24572 python
09:46:19 20882 7046 24335 python
09:46:21 20494 7434 23947 python
09:46:23 21695 6232 25148 python
09:46:25 20603 7325 24056 python
09:46:27 21979 5948 25432 python
09:46:29 21740 6187 25193 python
09:46:31 21976 5951 25429 python
09:46:33 20770 7157 24223 python
09:46:35 22103 5824 25557 python
09:46:37 20678 7249 24131 python
09:46:39 26349 1578 29803 snapd
09:46:41 26386 1541 29839 snapd
09:46:43 26425 1502 29878 snapd
09:46:45 26480 1447 29934 snapd
09:46:47 26550 1377 30003 snapd
09:46:49 26625 1302 30078 snapd
09:46:51 26682 1244 30136 snapd
09:46:53 26743 1184 30196 snapd
09:46:55 26807 1120 30260 snapd
09:46:57 26870 1057 30323 snapd
09:46:59 26929 997 30383 snapd
09:47:01 26967 960 30421 snapd
09:47:03 27001 925 30455 snapd
09:47:05 27026 901 30480 snapd
09:47:07 27053 874 30507 snapd
09:47:09 27081 845 30535 snapd
09:47:11 27118 808 30572 snapd
09:47:13 27138 789 30591 snapd
09:47:15 27152 775 30605 snapd
09:47:17 27168 758 30622 snapd
09:47:19 27177 750 30630 snapd
09:47:21 27183 744 30637 snapd
09:47:23 27189 738 30642 snapd
09:47:25 27190 737 30643 snapd
09:47:27 27190 737 30643 snapd
09:47:29 27190 737 30643 snapd
09:47:31 27188 738 30642 snapd
09:47:33 27187 740 30641 snapd
09:47:35 27188 739 30641 snapd
09:47:37 27188 739 30641 snapd
09:47:39 27188 739 30641 snapd
09:47:41 27188 739 30642 snapd
09:47:43 27189 738 30642 snapd
09:47:45 27187 740 30641 snapd
09:47:48 27189 738 30642 snapd
09:47:50 27189 738 30642 snapd
09:47:52 27189 738 30643 snapd
09:47:54 27190 737 30643 snapd
09:47:56 27191 736 30645 snapd
09:47:58 27191 736 30644 snapd
09:48:00 27190 737 30644 snapd
09:48:02 27191 736 30644 snapd
09:48:04 27190 737 30644 snapd
09:48:06 27190 737 30644 snapd
09:48:08 27191 736 30644 snapd
09:48:10 27190 736 30644 snapd
09:48:12 27190 737 30643 snapd
09:48:14 27190 737 30643 snapd
09:48:16 27190 737 30644 snapd
09:48:18 27190 737 30643 snapd
09:48:20 27190 736 30644 snapd
09:48:22 27189 738 30642 snapd
09:48:24 27189 738 30643 snapd
09:48:26 27166 761 30619 snapd
09:48:28 27167 759 30621 snapd
