13:03:05 30128 869 30511 snapd
13:03:07 29933 915 30465 snapd
13:03:09 29975 914 30467 appstreamcli
13:03:11 29989 888 30492 snapd
13:03:13 29990 885 30495 snapd
13:03:15 29833 968 30413 apt-check
13:03:17 29806 975 30405 apt-get
13:03:19 29724 1014 30367 apt-get
13:03:21 29701 1017 30363 apt-get
13:03:23 29582 1072 30309 apt-check
13:03:26 29727 965 30416 python3
13:03:28 29701 968 30412 pip
13:03:30 29609 943 30437 pip
13:03:32 29215 966 30414 pip
13:03:34 29097 980 30400 pip
13:03:36 28884 970 30411 pip
13:03:38 28820 970 30410 pip
13:03:40 28807 964 30416 pip
13:03:42 27872 2054 29326 python
13:03:44 27601 2323 29057 python
13:03:46 27430 2493 28888 python
13:03:48 27276 2645 28735 python
13:03:50 27133 2787 28593 python
13:03:52 27015 2904 28477 python
13:03:54 26871 3047 28334 python
13:03:56 26671 3245 28135 python
13:03:58 26565 3350 28030 python
13:04:00 26486 3429 27952 python
13:04:02 26379 3535 27845 python
13:04:04 26280 3632 27748 python
13:04:06 26162 3750 27630 python
13:04:08 26056 3855 27526 python
13:04:10 25905 4004 27376 python
13:04:12 25749 4159 27222 python
13:04:14 25621 4285 27095 python
13:04:17 28885 1019 30362 python
13:04:19 28764 1051 30329 python
13:04:21 28578 1059 30322 python
13:04:23 28402 1063 30317 python
13:04:25 28233 1063 30317 python
13:04:27 28076 1061 30319 python
13:04:29 27902 1069 30311 python
13:04:31 27738 1068 30312 python
13:04:33 27560 1073 30307 python
13:04:35 27393 1075 30305 python
13:04:37 27242 1080 30300 python
13:04:39 27086 1081 30299 python
13:04:41 26904 1086 30294 python
13:04:43 26754 1083 30298 python
13:04:45 26576 1089 30291 python
13:04:47 26406 1086 30294 python
13:04:49 26241 1087 30293 python
13:04:51 26062 1086 30294 python
13:04:53 25917 1087 30294 python
13:04:55 25748 1091 30289 python
13:04:57 25565 1097 30283 python
13:04:59 25409 1097 30284 python
13:05:01 25236 1108 30272 python
13:05:03 25085 1100 30280 python
13:05:05 24923 1106 30275 python
13:05:07 24788 1101 30279 python
13:05:09 24624 1110 30271 python
13:05:11 24489 1096 30284 python
13:05:13 24342 1093 30287 python
13:05:15 24176 1097 30284 python
13:05:17 24015 1093 30287 python
13:05:19 23861 1099 30281 python
13:05:21 23702 1097 30283 python
13:05:23 23534 1097 30283 python
13:05:25 23364 1103 30277 python
13:05:27 23197 1105 30276 python
13:05:29 23019 1110 30270 python
13:05:31 22877 1102 30278 python
13:05:33 22705 1107 30274 python
13:05:35 22533 1107 30273 python
13:05:37 22371 1109 30271 python
13:05:39 22210 1105 30275 python
13:05:41 22040 1111 30270 python
13:05:43 21879 1108 30272 python
13:05:45 21701 1112 30268 python
13:05:47 21548 1110 30270 python
13:05:49 21385 1108 30272 python
13:05:51 21235 1100 30280 python
13:05:53 21060 1104 30276 python
13:05:55 20897 1111 30269 python
13:05:57 20750 1110 30271 python
13:05:59 20582 1120 30261 python
13:06:01 20400 1131 30250 python
13:06:03 20216 1134 30246 python
13:06:05 20048 1138 30243 python
13:06:08 19897 1140 30240 python
13:06:10 19709 1147 30234 python
13:06:12 19529 1147 30233 python
13:06:14 19360 1143 30237 python
13:06:16 19185 1154 30226 python
13:06:18 19020 1145 30235 python
13:06:20 18855 1147 30234 python
13:06:22 18693 1135 30245 python
13:06:24 18513 1143 30238 python
13:06:26 18329 1138 30242 python
13:06:28 18169 1139 30242 python
13:06:30 17996 1136 30244 python
13:06:32 17829 1136 30244 python
13:06:34 17649 1135 30245 python
13:06:36 17499 1146 30235 python
13:06:38 17345 1134 30247 python
13:06:40 17170 1138 30243 python
13:06:42 16997 1146 30235 python
13:06:44 16818 1144 30236 python
13:06:46 16645 1148 30232 python
13:06:48 16477 1148 30233 python
13:06:50 16304 1148 30232 python
13:06:52 16135 1145 30235 python
13:06:54 15947 1148 30232 python
13:06:56 15795 1148 30233 python
13:06:58 15622 1151 30230 python
13:07:00 15456 1150 30231 python
13:07:02 15294 1142 30238 python
13:07:04 15113 1147 30234 python
13:07:06 14952 1146 30234 python
13:07:08 14799 1140 30241 python
13:07:10 14633 1146 30235 python
13:07:12 14462 1148 30232 python
13:07:14 14294 1151 30229 python
13:07:16 14288 1150 30230 python
13:07:18 14284 1154 30226 python
13:07:20 14284 1154 30227 python
13:07:22 14273 1164 30216 python
13:07:24 14276 1161 30219 python
13:07:26 13363 2075 29305 python
13:07:28 11016 4421 26960 python
13:07:30 2844 12593 18788 python
13:07:32 1084 15271 16109 python
13:07:34 1049 16870 14510 python
13:07:36 2902 16368 15012 python
13:07:38 4741 14529 16851 python
13:07:40 1968 17302 14078 python
13:07:42 1432 17838 13542 python
13:07:44 1822 18773 12607 python
13:07:46 323 20717 10663 python
13:07:48 232 24926 6454 python
13:07:50 2987 22892 8489 python
13:07:52 6758 19121 12260 python
13:07:54 6791 19088 12292 python
13:07:57 6805 19074 12307 python
13:07:59 6834 19045 12336 python
13:08:01 6852 19026 12354 python
13:08:03 6877 18996 12384 python
13:08:05 6899 18971 12409 python
13:08:07 6915 18956 12424 python
13:08:09 6836 19035 12345 python
13:08:11 9296 16575 14806 python
13:08:13 9202 16669 14711 python
13:08:15 13129 12741 18639 python
13:08:17 11598 14273 17107 python
13:08:19 7900 17971 13410 python
13:08:21 8915 16955 14425 python
13:08:23 8528 17343 14037 python
13:08:25 8252 17618 13762 python
13:08:27 7899 17971 13409 python
13:08:29 7523 18347 13033 python
13:08:31 6586 19284 12096 python
13:08:33 11165 14706 16675 python
13:08:35 8681 17190 14191 python
13:08:37 8540 17330 14050 python
13:08:39 8996 16875 14506 python
13:08:41 8317 17553 13827 python
13:08:43 7460 18410 12970 python
13:08:45 14756 11114 20266 python
13:08:47 14756 10922 20459 python
13:08:49 12691 12980 18400 python
13:08:51 11694 13164 18216 python
13:08:53 9441 15147 16233 python
13:08:55 10643 13944 17436 python
13:08:57 8181 15328 16052 python
13:08:59 4324 18560 12821 python
13:09:01 5500 17058 14323 python
13:09:04 3218 19049 12332 python
13:09:06 5762 16505 14875 python
13:09:08 7984 14282 17098 python
13:09:10 6328 15939 15441 python
13:09:12 6445 15822 15559 python
13:09:14 6458 15667 15714 python
13:09:16 6501 15623 15757 python
13:09:18 5951 16173 15207 python
13:09:20 5568 16557 14824 python
13:09:22 7968 14156 17225 python
13:09:24 9948 11831 19549 python
13:09:26 9077 12150 19230 python
13:09:28 6515 14448 16932 python
13:09:30 6041 14906 16474 python
13:09:32 6094 14854 16527 python
13:09:34 4515 16433 14948 python
13:09:36 2764 18183 13197 python
13:09:38 3637 17310 14071 python
13:09:40 611 20336 11044 python
13:09:42 2875 18073 13308 python
13:09:44 4921 16026 15354 python
13:09:46 4183 16764 14616 python
13:09:48 5036 15137 16243 python
13:09:50 3231 16942 14438 python
13:09:52 6285 14294 17087 python
13:09:54 7683 13166 18214 python
13:09:56 7413 13437 17944 python
13:09:58 5951 14899 16482 python
13:10:00 5080 15770 15610 python
13:10:02 4247 16602 14778 python
13:10:04 3568 17282 14098 python
13:10:06 6146 14699 16681 python
13:10:08 4725 16121 15260 python
13:10:10 10131 10455 20925 python
13:10:12 10822 9521 21859 python
13:10:14 7838 11775 19605 python
13:10:16 8444 11169 20211 python
13:10:18 6700 12913 18468 python
13:10:20 10872 8736 22645 python
13:10:22 10815 8531 22849 python
13:10:24 9109 10237 21143 python
13:10:26 8183 11163 20217 python
13:10:29 8042 11304 20077 python
13:10:31 7585 11761 19619 python
13:10:33 6057 13289 18091 python
13:10:35 7773 11573 19807 python
13:10:37 7086 12260 19120 python
13:10:39 6913 12433 18947 python
13:10:41 8369 10977 20404 python
13:10:43 8832 10004 21376 python
13:10:45 8006 10831 20549 python
13:10:47 6108 12729 18651 python
13:10:49 5858 12979 18402 python
13:10:51 5087 13750 17631 python
13:10:53 4274 14562 16818 python
13:10:55 4844 13993 17388 python
13:10:57 6717 12119 19261 python
13:10:59 8360 10060 21320 python
13:11:01 7577 10264 21117 python
13:11:03 6175 11665 19715 python
13:11:05 4636 13205 18176 python
13:11:07 3168 14672 16708 python
13:11:09 4034 13845 17536 python
13:11:11 4031 13847 17533 python
13:11:13 4029 13849 17531 python
13:11:15 3730 14148 17233 python
13:11:17 2406 15472 15908 python
13:11:19 1182 16695 14685 python
13:11:21 575 19191 12190 python
13:11:23 4172 15963 15417 python
13:11:25 4338 15797 15583 python
13:11:27 4305 15830 15550 python
13:11:29 5562 14573 16807 python
13:11:31 7454 12681 18699 python
13:11:33 7783 11724 19656 python
13:11:35 6541 12966 18415 python
13:11:37 5043 14464 16916 python
13:11:39 5410 14092 17288 python
13:11:41 4840 14662 16718 python
13:11:43 4362 15141 16240 python
13:11:45 3712 15791 15589 python
13:11:47 3210 16293 15088 python
13:11:49 4688 14814 16566 python
13:11:51 5687 13816 17564 python
13:11:53 6427 13075 18305 python
13:11:55 4514 14989 16391 python
13:11:57 5963 12480 18900 python
13:11:59 4248 14194 17186 python
13:12:01 3911 14520 16861 python
13:12:03 2154 16276 15104 python
13:12:05 4371 14059 17321 python
13:12:07 4305 14125 17256 python
13:12:09 875 19378 12002 python
13:12:12 4567 16679 14701 python
13:12:14 2712 18534 12846 python
13:12:16 1697 19549 11831 python
13:12:18 3193 18054 13327 python
13:12:20 5392 15855 15525 python
13:12:22 3986 17260 14120 python
13:12:24 4682 16564 14816 python
13:12:26 6395 14852 16529 python
13:12:28 8042 12757 18623 python
13:12:30 5867 14874 16506 python
13:12:32 3825 16917 14464 python
13:12:34 6503 14194 17187 python
13:12:36 11442 8759 22621 python
13:12:38 10446 9755 21625 python
13:12:40 8329 11872 19509 python
13:12:42 10785 9417 21964 python
13:12:44 9710 10491 20889 python
13:12:46 8398 11803 19577 python
13:12:48 8958 11244 20137 python
13:12:50 9523 10678 20702 python
13:12:52 8197 12004 19376 python
13:12:54 7360 12842 18539 python
13:12:56 9837 10364 21016 python
13:12:58 10959 8975 22406 python
13:13:00 8397 11457 19923 python
13:13:02 6493 13360 18020 python
13:13:04 8882 10955 20425 python
13:13:06 9385 10200 21180 python
13:13:08 9105 10403 20978 python
13:13:10 8133 11368 20012 python
13:13:12 6985 12516 18864 python
13:13:14 5324 14177 17203 python
13:13:16 8450 10884 20496 python
13:13:18 7493 11810 19571 python
13:13:20 6721 12582 18799 python
13:13:22 10500 8743 22638 python
13:13:24 9233 9909 21471 python
13:13:26 7040 12102 19278 python
13:13:28 6921 12221 19159 python
13:13:30 8287 10789 20591 python
13:13:32 7200 11875 19505 python
13:13:34 7028 12047 19333 python
13:13:37 9211 9823 21558 python
13:13:39 9440 9531 21849 python
13:13:41 8481 10418 20962 python
13:13:43 8433 10466 20914 python
13:13:45 10320 8550 22831 python
13:13:47 9224 9536 21844 python
13:13:49 8208 10553 20828 python
13:13:51 8408 10336 21045 python
13:13:53 7641 11086 20295 python
13:13:55 10442 7998 23382 python
13:13:57 7701 10718 20663 python
13:13:59 8470 9917 21463 python
13:14:01 6699 11685 19695 python
13:14:03 6756 11628 19752 python
13:14:05 7253 11102 20278 python
13:14:07 6285 12068 19312 python
13:14:09 8609 9745 21636 python
13:14:11 11031 7050 24330 python
13:14:13 8591 9456 21924 python
13:14:15 8718 9327 22053 python
13:14:17 7612 10413 20967 python
13:14:19 9369 8623 22757 python
13:14:21 9320 8662 22719 python
13:14:23 8768 9131 22249 python
13:14:25 8282 9607 21773 python
13:14:27 7406 10479 20902 python
13:14:29 8472 9313 22068 python
13:14:31 7462 10323 21057 python
13:14:33 9675 8050 23330 python
13:14:35 6037 11615 19765 python
13:14:37 3998 13654 17726 python
13:14:39 5217 12431 18950 python
13:14:41 7523 10034 21347 python
13:14:43 5767 11743 19637 python
13:14:45 6858 10641 20739 python
13:14:47 5125 12248 19132 python
13:14:49 4081 13291 18089 python
13:14:51 4694 12678 18702 python
13:14:53 6608 10731 20649 python
13:14:55 7816 9369 22012 python
13:14:58 6174 11011 20370 python
13:15:00 6165 10977 20403 python
13:15:02 5541 11601 19779 python
13:15:04 7083 10009 21371 python
13:15:06 6617 10387 20994 python
13:15:08 5330 11665 19716 python
13:15:10 4968 12027 19354 python
13:15:12 8120 8861 22519 python
13:15:14 7905 9000 22381 python
13:15:16 6917 9949 21431 python
13:15:18 6164 10695 20685 python
13:15:20 6853 9984 21396 python
13:15:22 8667 8139 23241 python
13:15:24 6700 10084 21296 python
13:15:26 6515 10269 21112 python
13:15:28 7117 9666 21714 python
13:15:30 7825 8937 22444 python
13:15:32 6937 9824 21556 python
13:15:34 7845 8911 22469 python
13:15:36 7078 9671 21710 python
13:15:38 4489 12258 19122 python
13:15:40 7686 9053 22327 python
13:15:42 7767 8957 22423 python
13:15:44 5298 11426 19955 python
13:15:46 6715 9989 21392 python
13:15:48 7092 9603 21777 python
13:15:50 4956 11738 19642 python
13:15:52 4563 12118 19262 python
13:15:54 5658 10986 20395 python
13:15:56 3455 13187 18193 python
13:15:58 4237 12394 18986 python
13:16:00 7524 9075 22305 python
13:16:02 4344 12236 19145 python
13:16:04 3698 12860 18520 python
13:16:06 6656 9814 21566 python
13:16:08 3441 13030 18350 python
13:16:10 631 15980 15400 python
13:16:12 3105 13720 17660 python
13:16:14 6877 9901 21479 python
13:16:16 14277 2317 29063 python
13:16:18 30094 1469 29911 python
13:16:21 29986 1469 29912 python
13:16:23 29936 1468 29913 python
13:16:25 30437 1140 30240 snapd
13:16:27 30286 1210 30170 python
13:16:29 30176 1238 30142 python
13:16:31 30076 1294 30087 python
13:16:33 30528 1010 30371 python
13:16:35 30367 1055 30325 python
13:16:37 30219 1170 30211 python
13:16:39 30609 940 30441 python
13:16:41 30426 1013 30367 python
13:16:43 30252 1150 30231 python
13:16:45 30318 898 30482 snapd
13:16:47 30512 980 30400 python
13:16:49 30340 1069 30312 python
13:16:51 30243 1132 30248 python
13:16:53 30646 898 30483 python
13:16:55 30488 939 30441 python
13:16:57 30334 1060 30320 python
13:16:59 30700 855 30526 python
13:17:01 30537 917 30463 python
13:17:03 30388 1016 30364 python
13:17:05 30313 1062 30319 python
13:17:07 30683 859 30522 python
13:17:09 30505 917 30464 python
13:17:11 30309 1068 30312 python
13:17:13 30608 943 30437 python
13:17:15 30548 897 30483 python
13:17:17 30381 1022 30358 python
13:17:19 30011 1262 30119 python
13:17:21 30550 1036 30345 snapd
13:17:23 30363 1132 30248 python
13:17:25 30259 1155 30225 python
13:17:27 30125 1250 30130 python
13:17:29 29148 1820 29561 python
13:17:31 30281 1262 30118 python
13:17:33 30148 1278 30102 python
13:17:35 30062 1330 30050 python
13:17:37 30620 956 30425 snapd
13:17:39 30435 1058 30322 python
13:17:41 30305 1109 30272 python
13:17:43 29961 1387 29993 python
13:17:45 30495 1061 30320 python
13:17:48 30312 1114 30266 python
13:17:50 30137 1254 30126 python
13:17:52 29897 1424 29956 python
13:17:54 30548 996 30384 python
13:17:56 30383 1044 30337 python
13:17:58 30214 1183 30198 python
13:18:00 28869 2216 29164 python
13:18:02 30455 1120 30260 snapd
13:18:04 30283 1208 30172 python
13:18:06 30144 1268 30112 python
13:18:08 30057 1318 30062 python
13:18:10 29730 1578 29802 snapd
13:18:12 30231 1306 30074 python
13:18:14 30083 1339 30041 python
13:18:16 29954 1434 29946 python
13:18:18 28500 2635 28746 python
13:18:20 30513 1033 30347 python
13:18:22 30338 1095 30285 python
13:18:24 30174 1226 30154 python
13:18:26 28535 2602 28779 python
13:18:28 30638 940 30440 snapd
13:18:30 30472 1033 30347 python
13:18:32 30333 1083 30297 python
13:18:34 30190 1186 30195 python
13:18:36 30686 860 30521 python
13:18:38 30509 919 30462 python
13:18:40 30340 1058 30322 python
13:18:42 28141 2942 28438 python
13:18:44 30723 839 30541 python
13:18:46 30540 922 30458 python
13:18:48 30384 1022 30358 python
13:18:50 30788 788 30592 snapd
13:18:52 30606 888 30492 python
13:18:54 30454 958 30422 python
13:18:56 29991 1229 30151 python
13:18:58 29281 1376 30004 python
13:19:00 30732 816 30564 python
13:19:02 30544 887 30493 python
13:19:04 30371 1029 30352 python
13:19:06 29677 1242 30139 python
13:19:09 29186 1432 29948 python
13:19:11 30583 960 30420 python
13:19:13 30400 1025 30355 python
13:19:15 30237 1156 30224 python
13:19:17 29591 1312 30069 python
13:19:19 29163 1299 30082 python
13:19:21 29390 900 30480 snapd
13:19:23 30559 974 30406 python
13:19:25 30389 1032 30348 python
13:19:27 30222 1162 30218 python
13:19:29 29847 1292 30088 python
13:19:31 30612 934 30446 python
13:19:33 30432 1000 30380 python
13:19:35 30272 1128 30252 python
13:19:37 30587 880 30501 snapd
13:19:39 30579 948 30433 python
13:19:41 30426 994 30386 python
13:19:43 30277 1104 30276 python
13:19:45 30699 870 30510 python
13:19:47 30524 956 30424 python
13:19:49 30361 1050 30331 python
13:19:51 30260 1115 30266 python
13:19:53 30706 844 30536 python
13:19:55 30548 896 30485 python
13:19:57 30386 1016 30364 python
13:19:59 29945 1333 30047 python
13:20:01 30645 898 30483 python
13:20:03 30438 980 30400 python
13:20:05 30278 1098 30282 python
13:20:07 29068 1766 29615 python
13:20:09 28118 2454 28926 python
13:20:11 27586 2987 28394 python
13:20:13 30449 1101 30279 python
13:20:15 30262 1160 30221 python
13:20:17 30102 1286 30094 python
13:20:19 30569 1007 30373 snapd
13:20:21 30417 1075 30306 python
13:20:23 30283 1130 30250 python
13:20:25 29102 1993 29387 python
13:20:27 30570 1005 30375 snapd
13:20:29 30405 1086 30294 python
13:20:31 30290 1123 30258 python
13:20:33 30178 1197 30183 python
13:20:35 28448 2550 28830 python
13:20:38 30324 1205 30175 python
13:20:40 30171 1250 30130 python
13:20:42 30034 1348 30033 python
13:20:44 27866 3178 28202 python
13:20:46 30137 1399 29981 python
13:20:48 29983 1438 29942 python
13:20:50 29816 1557 29823 python
13:20:52 30457 1121 30259 snapd
13:20:54 30262 1231 30150 python
13:20:56 30147 1266 30114 python
13:20:58 30029 1346 30035 python
13:21:00 30674 897 30483 python
13:21:02 30479 997 30384 python
13:21:04 30317 1093 30287 python
13:21:06 29331 1812 29569 python
13:21:08 30393 1151 30229 python
13:21:10 30236 1190 30190 python
13:21:12 30086 1307 30074 python
13:21:14 30537 1041 30340 snapd
13:21:16 30486 1009 30371 python
13:21:18 30356 1058 30322 python
13:21:20 30203 1172 30208 python
13:21:22 30609 966 30414 snapd
13:21:24 30421 1070 30310 python
13:21:26 30296 1117 30264 python
13:21:28 30183 1192 30188 python
13:21:30 30727 844 30536 python
13:21:32 30550 933 30447 python
13:21:34 30390 1020 30360 python
13:21:36 30277 1098 30282 python
13:21:38 30719 860 30520 snapd
13:21:40 30530 982 30398 python
13:21:42 30382 1035 30346 python
13:21:44 30249 1126 30255 python
13:21:46 30741 836 30544 snapd
13:21:48 30551 945 30435 python
13:21:50 30412 1003 30378 python
13:21:52 30261 1114 30266 python
13:21:54 30728 847 30533 snapd
13:21:56 30544 946 30435 python
13:21:58 30394 1018 30363 python
13:22:00 30274 1101 30279 python
13:22:02 30665 900 30481 python
13:22:05 30486 980 30400 python
13:22:07 30329 1078 30302 python
13:22:09 29728 1475 29906 python
13:22:11 28908 1626 29754 python
13:22:13 27827 2175 29206 python
13:22:15 25913 3582 27798 python
13:22:17 26104 2885 28495 python
13:22:19 25111 3571 27809 python
13:22:21 24130 4448 26932 python
13:22:23 24284 4262 27118 python
13:22:25 24731 3704 27676 python
13:22:27 24594 3841 27539 python
13:22:29 23307 5128 26252 python
13:22:31 23560 4843 26537 python
13:22:33 23752 4649 26731 python
13:22:35 23955 4431 26950 python
13:22:37 23216 5170 26211 python
13:22:39 24099 3884 27497 python
13:22:41 23251 4732 26648 python
13:22:43 23099 4884 26497 python
13:22:45 23251 4721 26660 python
13:22:47 22668 5304 26077 python
13:22:49 23043 4929 26451 python
13:22:51 23232 4740 26641 python
13:22:53 23396 4576 26804 python
13:22:55 23359 4612 26768 python
13:22:57 23531 4440 26940 python
13:22:59 22515 5456 25924 python
13:23:01 22314 5657 25723 python
13:23:03 23191 4779 26601 python
13:23:05 22039 5932 25448 python
13:23:07 23510 4461 26920 python
13:23:09 22650 5320 26060 python
13:23:11 22781 5190 26191 python
13:23:13 22571 5399 25981 python
13:23:16 23502 4469 26912 python
13:23:18 22458 5511 25870 python
13:23:20 23436 4533 26848 python
13:23:22 21983 5976 25405 python
13:23:24 21707 6261 25119 python
13:23:26 22732 5235 26145 python
13:23:28 22733 5234 26146 python
13:23:30 23073 4894 26486 python
13:23:32 22056 5912 25469 python
13:23:34 21996 5971 25409 python
13:23:36 22951 5016 26364 python
13:23:38 21796 6171 25209 python
13:23:40 20844 7123 24257 python
13:23:42 22928 5039 26341 python
13:23:44 22851 5117 26264 python
13:23:46 21578 6388 24993 python
13:23:48 21527 6439 24942 python
13:23:50 21672 6294 25087 python
13:23:52 21808 6158 25223 python
13:23:54 21643 6323 25057 python
13:23:56 22752 5211 26169 python
13:23:58 22713 5251 26129 python
13:24:00 22744 5220 26160 python
13:24:02 22861 5103 26278 python
13:24:04 22938 5025 26355 python
13:24:06 22003 5960 25420 python
13:24:08 22803 5160 26220 python
13:24:10 22679 5283 26097 python
13:24:12 22489 5472 25909 python
13:24:14 21522 6438 24942 python
13:24:16 22564 5396 25984 python
13:24:18 22205 5755 25625 python
13:24:20 22466 5495 25885 python
13:24:22 22440 5521 25860 python
13:24:24 22959 4999 26381 python
13:24:27 21677 6281 25099 python
13:24:29 23058 4900 26480 python
13:24:31 22181 5777 25603 python
13:24:33 21878 6079 25301 python
13:24:35 21380 6578 24802 python
13:24:37 22703 5254 26126 python
13:24:39 22119 5839 25541 python
13:24:41 21887 6070 25310 python
13:24:43 21661 6297 25083 python
13:24:45 22469 5488 25892 python
13:24:47 22857 5100 26280 python
13:24:49 23127 4830 26550 python
13:24:51 22322 5635 25746 python
13:24:53 22864 5093 26287 python
13:24:55 23003 4954 26426 python
13:24:57 22213 5744 25637 python
13:24:59 22914 5043 26337 python
13:25:01 21167 6790 24591 python
13:25:03 22640 5317 26064 python
13:25:05 22892 5063 26317 python
13:25:07 22499 5455 25925 python
13:25:09 20509 7445 23935 python
13:25:11 22674 5279 26101 python
13:25:13 22384 5570 25811 python
13:25:15 22648 5305 26075 python
13:25:17 21348 6604 24776 python
13:25:19 21501 6451 24929 python
13:25:21 22467 5485 25895 python
13:25:23 21953 5999 25381 python
13:25:25 20258 7694 23686 python
13:25:27 21109 6843 24537 python
13:25:30 22487 5465 25915 python
13:25:32 22419 5534 25847 python
13:25:34 21483 6470 24911 python
13:25:36 21217 6735 24645 python
13:25:38 21626 6325 25056 python
13:25:40 22723 5228 26152 python
13:25:42 21295 6656 24725 python
13:25:44 22449 5503 25878 python
13:25:46 21222 6729 24651 python
13:25:48 22364 5586 25794 python
13:25:50 21061 6889 24491 python
13:25:52 21844 6107 25274 python
13:25:54 22402 5549 25832 python
13:25:56 22137 5814 25567 python
13:25:58 21922 6028 25352 python
13:26:00 22522 5428 25952 python
13:26:02 21629 6321 25059 python
13:26:04 22160 5789 25592 python
13:26:06 20765 7183 24197 python
13:26:08 21072 6877 24503 python
13:26:10 21342 6607 24774 python
13:26:12 21525 6424 24956 python
13:26:14 21074 6875 24506 python
13:26:16 21706 6241 25139 python
13:26:18 20962 6985 24396 python
13:26:20 22430 5517 25864 python
13:26:22 22208 5739 25641 python
13:26:24 21606 6341 25039 python
13:26:26 22035 5912 25468 python
13:26:28 22333 5614 25767 python
13:26:30 21459 6488 24892 python
13:26:32 22271 5676 25704 python
13:26:34 22264 5683 25697 python
13:26:36 21739 6207 25173 python
13:26:39 22242 5704 25676 python
13:26:41 21869 6077 25303 python
13:26:43 22533 5414 25967 python
13:26:45 21087 6859 24521 python
13:26:47 22299 5647 25733 python
13:26:49 22332 5614 25766 python
13:26:51 21947 6000 25381 python
13:26:53 22184 5763 25618 python
13:26:55 21337 6609 24771 python
13:26:57 22059 5887 25493 python
13:26:59 22034 5911 25469 python
13:27:01 21144 6801 24579 python
13:27:03 21968 5977 25403 python
13:27:05 21407 6538 24842 python
13:27:07 21818 6127 25254 python
13:27:09 21305 6640 24740 python
13:27:11 22126 5819 25562 python
13:27:13 21490 6454 24926 python
13:27:15 22070 5875 25505 python
13:27:17 21042 6903 24478 python
13:27:19 20521 7424 23957 python
13:27:21 20935 7010 24371 python
13:27:23 21793 6152 25229 python
13:27:25 21576 6368 25012 python
13:27:27 21359 6585 24795 python
13:27:29 21772 6172 25208 python
13:27:31 21676 6268 25112 python
13:27:33 21852 6092 25288 python
13:27:35 21398 6546 24834 python
13:27:37 20937 7007 24374 python
13:27:39 21830 6113 25267 python
13:27:41 20651 7292 24088 python
13:27:43 22270 5673 25707 python
13:27:45 22229 5714 25666 python
13:27:47 21792 6152 25229 python
13:27:49 20786 7158 24223 python
13:27:52 21798 6146 25235 python
13:27:54 21675 6269 25112 python
13:27:56 22056 5887 25494 python
13:27:58 22164 5779 25602 python
13:28:00 20719 7223 24157 python
13:28:02 19929 8014 23367 python
13:28:04 22181 5761 25619 python
13:28:06 21172 6769 24611 python
13:28:08 21576 6365 25015 python
13:28:10 21909 6032 25348 python
13:28:12 22319 5622 25758 python
13:28:14 20114 7827 23554 python
13:28:16 20906 7035 24346 python
13:28:18 20978 6963 24418 python
13:28:20 21270 6671 24710 python
13:28:22 21141 6800 24581 python
13:28:24 20789 7151 24229 python
13:28:26 20958 6982 24398 python
13:28:28 22250 5690 25691 python
13:28:30 22174 5766 25614 python
13:28:32 21595 6345 25035 python
13:28:34 21542 6398 24983 python
13:28:36 22070 5870 25510 python
13:28:38 21281 6659 24721 python
13:28:40 22200 5740 25641 python
13:28:42 21399 6541 24839 python
13:28:44 21905 6035 25345 python
13:28:46 22233 5707 25674 python
13:28:48 22168 5772 25608 python
13:28:50 22084 5856 25525 python
13:28:52 22238 5701 25679 python
13:28:54 22164 5775 25605 python
13:28:56 20875 7064 24317 python
13:28:58 22092 5847 25533 python
13:29:00 20796 7143 24238 python
13:29:02 21852 6087 25294 python
13:29:04 21641 6298 25083 python
13:29:07 21077 6862 24518 python
13:29:09 21188 6751 24629 python
13:29:11 21688 6251 25130 python
13:29:13 22181 5758 25623 python
13:29:15 22161 5778 25602 python
13:29:17 20898 7040 24341 python
13:29:19 21768 6170 25211 python
13:29:21 21630 6308 25073 python
13:29:23 21781 6157 25224 python
13:29:25 21068 6870 24510 python
13:29:27 21359 6579 24801 python
13:29:29 21550 6387 24993 python
13:29:31 22222 5715 25665 python
13:29:33 21780 6157 25223 python
13:29:35 21942 5995 25385 python
13:29:37 21180 6757 24623 python
13:29:39 22156 5780 25600 python
13:29:41 22305 5631 25749 python
13:29:43 21657 6279 25101 python
13:29:45 22055 5881 25499 python
13:29:47 22036 5900 25480 python
13:29:49 21617 6319 25062 python
13:29:51 22197 5739 25641 python
13:29:53 22220 5715 25665 python
13:29:55 21631 6304 25076 python
13:29:57 21546 6390 24991 python
13:29:59 21014 6920 24460 python
13:30:01 20982 6953 24427 python
13:30:03 22311 5624 25757 python
13:30:05 21668 6267 25113 python
13:30:07 21792 6142 25238 python
13:30:09 21510 6425 24956 python
13:30:11 21389 6546 24834 python
13:30:13 21168 6767 24614 python
13:30:15 21982 5953 25427 python
13:30:18 21850 6084 25296 python
13:30:20 22064 5870 25510 python
13:30:22 21975 5959 25421 python
13:30:24 21043 6892 24489 python
13:30:26 21072 6862 24519 python
13:30:28 20064 7870 23510 python
13:30:30 22242 5692 25688 python
13:30:32 22063 5871 25509 python
13:30:34 21851 6083 25297 python
13:30:36 22022 5912 25468 python
13:30:38 22285 5649 25731 python
13:30:40 21559 6375 25005 python
13:30:42 21521 6413 24968 python
13:30:44 22481 5453 25927 python
13:30:46 22267 5667 25714 python
13:30:48 21545 6388 24993 python
13:30:50 21878 6055 25325 python
13:30:52 22141 5792 25588 python
13:30:54 21764 6169 25211 python
13:30:56 20603 7330 24050 python
13:30:58 21592 6341 25039 python
13:31:00 21039 6894 24487 python
13:31:02 22022 5911 25469 python
13:31:04 21418 6515 24865 python
13:31:06 20994 6939 24441 python
13:31:08 20587 7346 24035 python
13:31:10 21575 6358 25022 python
13:31:12 21677 6256 25125 python
13:31:14 21887 6045 25335 python
13:31:16 20840 7092 24288 python
13:31:18 21391 6541 24839 python
13:31:20 21981 5951 25429 python
13:31:22 21018 6914 24466 python
13:31:24 20660 7272 24108 python
13:31:26 21639 6293 25088 python
13:31:28 22009 5923 25457 python
13:31:30 21284 6647 24733 python
13:31:32 21835 6097 25284 python
13:31:34 21462 6469 24911 python
13:31:37 22009 5921 25459 python
13:31:39 20943 6987 24393 python
13:31:41 21324 6607 24773 python
13:31:43 22050 5881 25499 python
13:31:45 20963 6967 24413 python
13:31:47 21386 6544 24836 python
13:31:49 22069 5860 25520 python
13:31:51 22338 5591 25789 python
13:31:53 22214 5715 25665 python
13:31:55 21478 6452 24929 python
13:31:57 20692 7238 24143 python
13:31:59 21760 6170 25210 python
13:32:01 22437 5492 25888 python
13:32:03 21831 6098 25282 python
13:32:05 21595 6334 25046 python
13:32:07 22228 5701 25679 python
13:32:09 21851 6078 25303 python
13:32:11 26470 1458 29922 snapd
13:32:13 26514 1415 29966 snapd
13:32:15 26576 1353 30028 snapd
13:32:17 26631 1297 30083 snapd
13:32:19 26692 1236 30144 snapd
13:32:21 26755 1173 30207 snapd
13:32:23 26806 1122 30258 snapd
13:32:25 26855 1074 30307 snapd
13:32:27 26901 1027 30353 snapd
13:32:29 26943 985 30395 snapd
13:32:31 26982 947 30434 snapd
13:32:33 27010 919 30461 snapd
13:32:35 27036 892 30488 snapd
13:32:37 27069 860 30521 snapd
13:32:39 27086 842 30538 snapd
13:32:41 27108 821 30560 snapd
13:32:43 27126 803 30578 snapd
13:32:45 27149 779 30601 snapd
13:32:47 27162 766 30614 snapd
13:32:49 27170 758 30622 snapd
